<?xml version="1.0" encoding="UTF-8"?>
<map:map xmlns:map="http://www.indy.com/v2/map" id="_Z7j0MJXzEe6y4uGH1zGLPg" internalVersion="8" tech="resource.tech#_waYSMH8VEd2__Mzb_dB76A?fileId=_waYSMH8VEd2__Mzb_dB76A$type=tech$name=flow?">
  <datastore id="_aYtqQJXzEe6y4uGH1zGLPg" alias="DWH_ADRESSE" dataset="_aYtqYpXzEe6y4uGH1zGLPg" ref="resource.md#_kY7_oZAtEe69cu6-bNESsg?fileId=_CHAaQIUmEe6BKsDnQj9IRA$type=md$name=DWH_ADRESSE?" subExpression="[A]">
    <field id="_aYtqRJXzEe6y4uGH1zGLPg" enable="true" insert="true" name="LIGNE_1" ref="resource.md#_keTn1pAtEe69cu6-bNESsg?fileId=_CHAaQIUmEe6BKsDnQj9IRA$type=md$name=LIGNE_1?" update="true">
      <expression id="_eTMi0JXzEe6y4uGH1zGLPg" setDescriptorRef="_eTGcMJXzEe6y4uGH1zGLPg">
        <expression>SAS_ADRESSE.LIGNE_1</expression>
      </expression>
    </field>
    <field id="_aYtqRpXzEe6y4uGH1zGLPg" enable="true" insert="true" name="LIGNE_3" ref="resource.md#_keUO4JAtEe69cu6-bNESsg?fileId=_CHAaQIUmEe6BKsDnQj9IRA$type=md$name=LIGNE_3?" update="true">
      <expression id="_eTMi0ZXzEe6y4uGH1zGLPg" setDescriptorRef="_eTGcMJXzEe6y4uGH1zGLPg">
        <expression>SAS_ADRESSE.LIGNE_3</expression>
      </expression>
    </field>
    <field id="_aYtqR5XzEe6y4uGH1zGLPg" enable="true" insert="true" name="LIGNE_4" ref="resource.md#_keUO5pAtEe69cu6-bNESsg?fileId=_CHAaQIUmEe6BKsDnQj9IRA$type=md$name=LIGNE_4?" update="true">
      <expression id="_eTMi0pXzEe6y4uGH1zGLPg" setDescriptorRef="_eTGcMJXzEe6y4uGH1zGLPg">
        <expression>SAS_ADRESSE.LIGNE_4</expression>
      </expression>
    </field>
    <field id="_aYtqTZXzEe6y4uGH1zGLPg" enable="true" insert="true" name="ID_FICHIER" ref="resource.md#_keVdAJAtEe69cu6-bNESsg?fileId=_CHAaQIUmEe6BKsDnQj9IRA$type=md$name=ID_FICHIER?" update="true">
      <expression id="_eTMi05XzEe6y4uGH1zGLPg" setDescriptorRef="_eTGcMJXzEe6y4uGH1zGLPg">
        <expression>DWH_CLIENT.ID_FICHIER</expression>
      </expression>
    </field>
    <field id="_aYtqRZXzEe6y4uGH1zGLPg" enable="true" insert="true" name="LIGNE_2" ref="resource.md#_keTn3JAtEe69cu6-bNESsg?fileId=_CHAaQIUmEe6BKsDnQj9IRA$type=md$name=LIGNE_2?" update="true">
      <expression id="_eTMi1JXzEe6y4uGH1zGLPg" setDescriptorRef="_eTGcMJXzEe6y4uGH1zGLPg">
        <expression>SAS_ADRESSE.LIGNE_2</expression>
      </expression>
    </field>
    <field id="_aYtqSpXzEe6y4uGH1zGLPg" enable="true" insert="true" name="CODE_POSTAL" ref="resource.md#_keU19pAtEe69cu6-bNESsg?fileId=_CHAaQIUmEe6BKsDnQj9IRA$type=md$name=CODE_POSTAL?" update="true">
      <expression id="_eTMi1ZXzEe6y4uGH1zGLPg" setDescriptorRef="_eTGcMJXzEe6y4uGH1zGLPg">
        <expression>SAS_ADRESSE.CODE_POSTAL</expression>
      </expression>
    </field>
    <field id="_aYtqT5XzEe6y4uGH1zGLPg" enable="true" insert="true" name="DATE_MAJ" ref="resource.md#_keVdC5AtEe69cu6-bNESsg?fileId=_CHAaQIUmEe6BKsDnQj9IRA$type=md$name=DATE_MAJ?" update="true">
      <expression id="_eTMi1pXzEe6y4uGH1zGLPg" setDescriptorRef="_eTGcMJXzEe6y4uGH1zGLPg">
        <expression>DWH_CLIENT.DATE_MAJ</expression>
      </expression>
    </field>
    <field id="_aYtqS5XzEe6y4uGH1zGLPg" enable="true" insert="true" name="PAYS" ref="resource.md#_keU1_JAtEe69cu6-bNESsg?fileId=_CHAaQIUmEe6BKsDnQj9IRA$type=md$name=PAYS?" update="true">
      <expression id="_eTMi15XzEe6y4uGH1zGLPg" setDescriptorRef="_eTGcMJXzEe6y4uGH1zGLPg">
        <expression>SAS_ADRESSE.PAYS</expression>
      </expression>
    </field>
    <field id="_aYtqTJXzEe6y4uGH1zGLPg" enable="true" insert="true" name="QUALITE" ref="resource.md#_keU2ApAtEe69cu6-bNESsg?fileId=_CHAaQIUmEe6BKsDnQj9IRA$type=md$name=QUALITE?" update="true">
      <expression id="_eTMi2JXzEe6y4uGH1zGLPg" setDescriptorRef="_eTGcMJXzEe6y4uGH1zGLPg">
        <expression>SAS_ADRESSE.QUALITE</expression>
      </expression>
    </field>
    <field id="_aYtqQpXzEe6y4uGH1zGLPg" enable="true" insert="true" name="SID_CLIENT" ref="resource.md#_keTAwJAtEe69cu6-bNESsg?fileId=_CHAaQIUmEe6BKsDnQj9IRA$type=md$name=SID_CLIENT?" update="true" updateKey="true">
      <expression id="_eTMi2ZXzEe6y4uGH1zGLPg" setDescriptorRef="_eTGcMJXzEe6y4uGH1zGLPg">
        <expression>DWH_CLIENT.SID_CLIENT</expression>
      </expression>
    </field>
    <field id="_aYtqSJXzEe6y4uGH1zGLPg" enable="true" insert="true" name="LIGNE_5" ref="resource.md#_keUO7JAtEe69cu6-bNESsg?fileId=_CHAaQIUmEe6BKsDnQj9IRA$type=md$name=LIGNE_5?" update="true">
      <expression id="_eTMi2pXzEe6y4uGH1zGLPg" setDescriptorRef="_eTGcMJXzEe6y4uGH1zGLPg">
        <expression>SAS_ADRESSE.LIGNE_5</expression>
      </expression>
    </field>
    <field id="_aYtqTpXzEe6y4uGH1zGLPg" enable="true" insert="true" name="DATE_IMPORT" ref="resource.md#_keVdBZAtEe69cu6-bNESsg?fileId=_CHAaQIUmEe6BKsDnQj9IRA$type=md$name=DATE_IMPORT?" update="true">
      <expression id="_eTMi25XzEe6y4uGH1zGLPg" setDescriptorRef="_eTGcMJXzEe6y4uGH1zGLPg">
        <expression>DWH_CLIENT.DATE_IMPORT</expression>
      </expression>
    </field>
    <field id="_aYtqSZXzEe6y4uGH1zGLPg" enable="true" insert="true" name="VILLE" ref="resource.md#_keU18JAtEe69cu6-bNESsg?fileId=_CHAaQIUmEe6BKsDnQj9IRA$type=md$name=VILLE?" update="true">
      <expression id="_eTMi3JXzEe6y4uGH1zGLPg" setDescriptorRef="_eTGcMJXzEe6y4uGH1zGLPg">
        <expression>SAS_ADRESSE.VILLE</expression>
      </expression>
    </field>
    <field id="_aYtqQ5XzEe6y4uGH1zGLPg" enable="true" insert="true" name="STATUS" ref="resource.md#_keTn0JAtEe69cu6-bNESsg?fileId=_CHAaQIUmEe6BKsDnQj9IRA$type=md$name=STATUS?" update="true">
      <expression id="_eTMi3ZXzEe6y4uGH1zGLPg" setDescriptorRef="_eTGcMJXzEe6y4uGH1zGLPg">
        <expression>DWH_CLIENT.STATUS</expression>
      </expression>
    </field>
    <constraint id="_aYtqUJXzEe6y4uGH1zGLPg" name="compte" ref="resource.md#_fQl0o5XyEe6y4uGH1zGLPg?fileId=_CHAaQIUmEe6BKsDnQj9IRA$type=md$name=compte?" reject="true"/>
    <constraint id="_aYtqUZXzEe6y4uGH1zGLPg" name="FK_ID_FICHIER2_DWH" ref="resource.md#_kq7HgJAtEe69cu6-bNESsg?fileId=_CHAaQIUmEe6BKsDnQj9IRA$type=md$name=FK_ID_FICHIER2_DWH?" reject="true"/>
    <constraint id="_aYtqUpXzEe6y4uGH1zGLPg" name="FK_SID_CLIENT2_DWH" ref="resource.md#_kq6gcJAtEe69cu6-bNESsg?fileId=_CHAaQIUmEe6BKsDnQj9IRA$type=md$name=FK_SID_CLIENT2_DWH?" reject="true"/>
    <constraint id="_aYtqU5XzEe6y4uGH1zGLPg" name="PK_SID_CLIENT2_DWH" ref="resource.md#_keaVgJAtEe69cu6-bNESsg?fileId=_CHAaQIUmEe6BKsDnQj9IRA$type=md$name=PK_SID_CLIENT2_DWH?" reject="true"/>
    <setDescriptor id="_eTGcMJXzEe6y4uGH1zGLPg" label="A"/>
  </datastore>
  <datastore id="_bGFGkJXzEe6y4uGH1zGLPg" alias="SAS_ADRESSE" dataset="_bS1JQ5XzEe6y4uGH1zGLPg" ref="resource.md#_uRfA0ZAnEe69cu6-bNESsg?fileId=_CHAaQIUmEe6BKsDnQj9IRA$type=md$name=SAS_ADRESSE?">
    <field id="_bGFGnJXzEe6y4uGH1zGLPg" fullAlias="QUALITE" name="QUALITE" ref="resource.md#_uW2B8JAnEe69cu6-bNESsg?fileId=_CHAaQIUmEe6BKsDnQj9IRA$type=md$name=QUALITE?"/>
    <field id="_bGFGlZXzEe6y4uGH1zGLPg" fullAlias="LIGNE_2" name="LIGNE_2" ref="resource.md#_uW0z0JAnEe69cu6-bNESsg?fileId=_CHAaQIUmEe6BKsDnQj9IRA$type=md$name=LIGNE_2?"/>
    <field id="_bGFGm5XzEe6y4uGH1zGLPg" fullAlias="PAYS" name="PAYS" ref="resource.md#_uW1a8pAnEe69cu6-bNESsg?fileId=_CHAaQIUmEe6BKsDnQj9IRA$type=md$name=PAYS?"/>
    <field id="_bGFGmpXzEe6y4uGH1zGLPg" fullAlias="CODE_POSTAL" name="CODE_POSTAL" ref="resource.md#_uW1a7JAnEe69cu6-bNESsg?fileId=_CHAaQIUmEe6BKsDnQj9IRA$type=md$name=CODE_POSTAL?"/>
    <field id="_bGFGmJXzEe6y4uGH1zGLPg" fullAlias="LIGNE_5" name="LIGNE_5" ref="resource.md#_uW1a4JAnEe69cu6-bNESsg?fileId=_CHAaQIUmEe6BKsDnQj9IRA$type=md$name=LIGNE_5?"/>
    <field id="_bGFGlpXzEe6y4uGH1zGLPg" fullAlias="LIGNE_3" name="LIGNE_3" ref="resource.md#_uW0z1pAnEe69cu6-bNESsg?fileId=_CHAaQIUmEe6BKsDnQj9IRA$type=md$name=LIGNE_3?"/>
    <field id="_bGFGl5XzEe6y4uGH1zGLPg" fullAlias="LIGNE_4" name="LIGNE_4" ref="resource.md#_uW0z3JAnEe69cu6-bNESsg?fileId=_CHAaQIUmEe6BKsDnQj9IRA$type=md$name=LIGNE_4?"/>
    <field id="_bGFGkpXzEe6y4uGH1zGLPg" fullAlias="CLE_CLIENT" name="CLE_CLIENT" ref="resource.md#_uW0MwJAnEe69cu6-bNESsg?fileId=_CHAaQIUmEe6BKsDnQj9IRA$type=md$name=CLE_CLIENT?" updateKey="true"/>
    <field id="_bGFGmZXzEe6y4uGH1zGLPg" fullAlias="VILLE" name="VILLE" ref="resource.md#_uW1a5pAnEe69cu6-bNESsg?fileId=_CHAaQIUmEe6BKsDnQj9IRA$type=md$name=VILLE?"/>
    <field id="_bGFGlJXzEe6y4uGH1zGLPg" fullAlias="LIGNE_1" name="LIGNE_1" ref="resource.md#_uW0MzJAnEe69cu6-bNESsg?fileId=_CHAaQIUmEe6BKsDnQj9IRA$type=md$name=LIGNE_1?"/>
    <field id="_bGFGk5XzEe6y4uGH1zGLPg" name="STATUS" ref="resource.md#_uW0MxpAnEe69cu6-bNESsg?fileId=_CHAaQIUmEe6BKsDnQj9IRA$type=md$name=STATUS?"/>
    <field id="_bGFGnZXzEe6y4uGH1zGLPg" name="ID_FICHIER" ref="resource.md#_uW2B9pAnEe69cu6-bNESsg?fileId=_CHAaQIUmEe6BKsDnQj9IRA$type=md$name=ID_FICHIER?"/>
    <field id="_bGFGn5XzEe6y4uGH1zGLPg" fullAlias="ACT" name="ACT" ref="resource.md#_0qGsVpWkEe6KJ9B1NiSMNg?fileId=_CHAaQIUmEe6BKsDnQj9IRA$type=md$name=ACT?"/>
    <field id="_bGFGnpXzEe6y4uGH1zGLPg" name="DATE_IMPORT" ref="resource.md#_uW2B-5AnEe69cu6-bNESsg?fileId=_CHAaQIUmEe6BKsDnQj9IRA$type=md$name=DATE_IMPORT?"/>
    <constraint id="_bGFGoJXzEe6y4uGH1zGLPg" name="STATUS" ref="resource.md#_SiJg0ZWqEe6KJ9B1NiSMNg?fileId=_CHAaQIUmEe6BKsDnQj9IRA$type=md$name=STATUS?" reject="true"/>
    <constraint id="_bGFGoZXzEe6y4uGH1zGLPg" name="PK_CLE_CLIENT3" ref="resource.md#_uW66cJAnEe69cu6-bNESsg?fileId=_CHAaQIUmEe6BKsDnQj9IRA$type=md$name=PK_CLE_CLIENT3?" reject="true"/>
    <constraint id="_bGFGopXzEe6y4uGH1zGLPg" name="ACTION" ref="resource.md#_KbHvUZWqEe6KJ9B1NiSMNg?fileId=_CHAaQIUmEe6BKsDnQj9IRA$type=md$name=ACTION?" reject="true"/>
  </datastore>
  <datastore id="_bS1JIJXzEe6y4uGH1zGLPg" alias="DWH_CLIENT" dataset="_bS1JQ5XzEe6y4uGH1zGLPg" ref="resource.md#_kj22MZAtEe69cu6-bNESsg?fileId=_CHAaQIUmEe6BKsDnQj9IRA$type=md$name=DWH_CLIENT?">
    <field id="_bS1JKZXzEe6y4uGH1zGLPg" name="NOM" ref="resource.md#_kpMCLJAtEe69cu6-bNESsg?fileId=_CHAaQIUmEe6BKsDnQj9IRA$type=md$name=NOM?"/>
    <field id="_bS1JLpXzEe6y4uGH1zGLPg" fullAlias="DATE_IMPORT" name="DATE_IMPORT" ref="resource.md#_kpNQQJAtEe69cu6-bNESsg?fileId=_CHAaQIUmEe6BKsDnQj9IRA$type=md$name=DATE_IMPORT?"/>
    <field id="_bS1JKpXzEe6y4uGH1zGLPg" name="DATE_ANNIVERSAIRE" ref="resource.md#_kpMCMpAtEe69cu6-bNESsg?fileId=_CHAaQIUmEe6BKsDnQj9IRA$type=md$name=DATE_ANNIVERSAIRE?"/>
    <field id="_bS1JJpXzEe6y4uGH1zGLPg" name="TYPE" ref="resource.md#_kpLbG5AtEe69cu6-bNESsg?fileId=_CHAaQIUmEe6BKsDnQj9IRA$type=md$name=TYPE?"/>
    <field id="_bS1JLJXzEe6y4uGH1zGLPg" name="MUTUELLE" ref="resource.md#_kpMpNpAtEe69cu6-bNESsg?fileId=_CHAaQIUmEe6BKsDnQj9IRA$type=md$name=MUTUELLE?"/>
    <field id="_bS1JLZXzEe6y4uGH1zGLPg" fullAlias="ID_FICHIER" name="ID_FICHIER" ref="resource.md#_kpMpPZAtEe69cu6-bNESsg?fileId=_CHAaQIUmEe6BKsDnQj9IRA$type=md$name=ID_FICHIER?"/>
    <field id="_bS1JIpXzEe6y4uGH1zGLPg" fullAlias="SID_CLIENT" name="SID_CLIENT" ref="resource.md#_kpK0AJAtEe69cu6-bNESsg?fileId=_CHAaQIUmEe6BKsDnQj9IRA$type=md$name=SID_CLIENT?" updateKey="true"/>
    <field id="_bS1JJJXzEe6y4uGH1zGLPg" name="SID_COMPTE" ref="resource.md#_kpLbEJAtEe69cu6-bNESsg?fileId=_CHAaQIUmEe6BKsDnQj9IRA$type=md$name=SID_COMPTE?"/>
    <field id="_bS1JI5XzEe6y4uGH1zGLPg" fullAlias="CLE_CLIENT" name="CLE_CLIENT" ref="resource.md#_kpK0BZAtEe69cu6-bNESsg?fileId=_CHAaQIUmEe6BKsDnQj9IRA$type=md$name=CLE_CLIENT?"/>
    <field id="_bS1JL5XzEe6y4uGH1zGLPg" fullAlias="DATE_MAJ" name="DATE_MAJ" ref="resource.md#_kpNQRpAtEe69cu6-bNESsg?fileId=_CHAaQIUmEe6BKsDnQj9IRA$type=md$name=DATE_MAJ?"/>
    <field id="_bS1JK5XzEe6y4uGH1zGLPg" name="SEXE" ref="resource.md#_kpMpMJAtEe69cu6-bNESsg?fileId=_CHAaQIUmEe6BKsDnQj9IRA$type=md$name=SEXE?"/>
    <field id="_bS1JKJXzEe6y4uGH1zGLPg" name="PRENOM" ref="resource.md#_kpMCJpAtEe69cu6-bNESsg?fileId=_CHAaQIUmEe6BKsDnQj9IRA$type=md$name=PRENOM?"/>
    <field id="_bS1JJZXzEe6y4uGH1zGLPg" fullAlias="STATUS" name="STATUS" ref="resource.md#_kpLbFZAtEe69cu6-bNESsg?fileId=_CHAaQIUmEe6BKsDnQj9IRA$type=md$name=STATUS?"/>
    <field id="_bS1JJ5XzEe6y4uGH1zGLPg" name="CIVILITE" ref="resource.md#_kpMCIJAtEe69cu6-bNESsg?fileId=_CHAaQIUmEe6BKsDnQj9IRA$type=md$name=CIVILITE?"/>
    <constraint id="_bS1JMJXzEe6y4uGH1zGLPg" name="compte" ref="resource.md#_Jqkj4ZXxEe6y4uGH1zGLPg?fileId=_CHAaQIUmEe6BKsDnQj9IRA$type=md$name=compte?" reject="true"/>
    <constraint id="_bS1JMZXzEe6y4uGH1zGLPg" name="PK_SID_CLIENT" ref="resource.md#_kpQ6oJAtEe69cu6-bNESsg?fileId=_CHAaQIUmEe6BKsDnQj9IRA$type=md$name=PK_SID_CLIENT?" reject="true"/>
    <constraint id="_bS1JMpXzEe6y4uGH1zGLPg" name="FK_SID_COMPTE_DWH" ref="resource.md#_kr-QYJAtEe69cu6-bNESsg?fileId=_CHAaQIUmEe6BKsDnQj9IRA$type=md$name=FK_SID_COMPTE_DWH?" reject="true"/>
    <constraint id="_bS1JM5XzEe6y4uGH1zGLPg" name="FK_ID_FICHIER0_DWH" ref="resource.md#_kr-QZJAtEe69cu6-bNESsg?fileId=_CHAaQIUmEe6BKsDnQj9IRA$type=md$name=FK_ID_FICHIER0_DWH?" reject="true"/>
    <constraint id="_bS1JNJXzEe6y4uGH1zGLPg" name="FK_CLE_CLIENT_DWH" ref="resource.md#_kr-3cJAtEe69cu6-bNESsg?fileId=_CHAaQIUmEe6BKsDnQj9IRA$type=md$name=FK_CLE_CLIENT_DWH?" reject="true"/>
  </datastore>
  <join id="_cITYkJXzEe6y4uGH1zGLPg" location="SRC" left="_bGFGkJXzEe6y4uGH1zGLPg" order="10" right="_bS1JIJXzEe6y4uGH1zGLPg">
    <expression>SAS_ADRESSE.CLE_CLIENT = DWH_CLIENT.CLE_CLIENT</expression>
  </join>
  <filter id="_clcnkJXzEe6y4uGH1zGLPg" location="SRC">
    <expression>SAS_ADRESSE.ACT = 'S'</expression>
  </filter>
  <template id="_eTMi8ZXzEe6y4uGH1zGLPg" name="I_DWH_ADRESSE" process="resource.proc#_jkWgEFEJEeO7Vo9WeM2sCg?fileId=_jkWgEFEJEeO7Vo9WeM2sCg$type=proc$name=INTEGRATION%20Oracle?" targetId="_aYtqQJXzEe6y4uGH1zGLPg">
    <parameter id="_hLzHoJXzEe6y4uGH1zGLPg" name="doInsert" value="false"/>
    <parameter id="_hRECIJXzEe6y4uGH1zGLPg" name="doUpdate" value="false"/>
    <parameter id="_h0YxoJXzEe6y4uGH1zGLPg" name="uselessUpdateDetectionMethod" value="disable"/>
    <parameter id="_iDQ7IJXzEe6y4uGH1zGLPg" name="deletionStrategy" value="key"/>
  </template>
  <dataSet id="_aYtqYpXzEe6y4uGH1zGLPg">
    <container>_aYtqQJXzEe6y4uGH1zGLPg</container>
  </dataSet>
  <dataSet id="_bS1JQ5XzEe6y4uGH1zGLPg">
    <container>_bS1JIJXzEe6y4uGH1zGLPg</container>
    <container>_bGFGkJXzEe6y4uGH1zGLPg</container>
  </dataSet>
  <hint>
    <usedField>#_bGFGnJXzEe6y4uGH1zGLPg</usedField>
    <usedField>#_bGFGlZXzEe6y4uGH1zGLPg</usedField>
    <usedField>#_bGFGm5XzEe6y4uGH1zGLPg</usedField>
    <usedField>#_bGFGmpXzEe6y4uGH1zGLPg</usedField>
    <usedField>#_bGFGmJXzEe6y4uGH1zGLPg</usedField>
    <usedField>#_bGFGlpXzEe6y4uGH1zGLPg</usedField>
    <usedField>#_bGFGl5XzEe6y4uGH1zGLPg</usedField>
    <usedField>#_bGFGkpXzEe6y4uGH1zGLPg</usedField>
    <usedField>#_bGFGmZXzEe6y4uGH1zGLPg</usedField>
    <usedField>#_bGFGlJXzEe6y4uGH1zGLPg</usedField>
    <usedField>#_bGFGn5XzEe6y4uGH1zGLPg</usedField>
    <usedField>#_bS1JLpXzEe6y4uGH1zGLPg</usedField>
    <usedField>#_bS1JLZXzEe6y4uGH1zGLPg</usedField>
    <usedField>#_bS1JIpXzEe6y4uGH1zGLPg</usedField>
    <usedField>#_bS1JI5XzEe6y4uGH1zGLPg</usedField>
    <usedField>#_bS1JL5XzEe6y4uGH1zGLPg</usedField>
    <usedField>#_bS1JJZXzEe6y4uGH1zGLPg</usedField>
  </hint>
  <diagram><![CDATA[<?xml version="1.0" encoding="UTF-8"?>
<notation:Diagram xmi:version="2.0" xmlns:xmi="http://www.omg.org/XMI" xmlns:xsi="http://www.w3.org/2001/XMLSchema-instance" xmlns:map="http://www.indy.com/v2/map" xmlns:notation="http://www.eclipse.org/gmf/runtime/1.0.1/notation" xsi:schemaLocation="http://www.eclipse.org/gmf/runtime/1.0.1/notation " xmi:id="_Z9yBwJXzEe6y4uGH1zGLPg" type="Map" measurementUnit="Pixel">
  <children xmi:type="notation:Shape" xmi:id="_aYtqa5XzEe6y4uGH1zGLPg" type="2004" fontName="Segoe UI">
    <children xmi:type="notation:DecorationNode" xmi:id="_aYtqbZXzEe6y4uGH1zGLPg" type="5005"/>
    <children xmi:type="notation:DecorationNode" xmi:id="_aYtqbpXzEe6y4uGH1zGLPg" type="5007"/>
    <children xmi:type="notation:DecorationNode" xmi:id="_aYtqb5XzEe6y4uGH1zGLPg" type="7003"/>
    <children xmi:type="notation:DecorationNode" xmi:id="_aYtqcJXzEe6y4uGH1zGLPg" type="7009"/>
    <children xmi:type="notation:BasicCompartment" xmi:id="_aYtqcZXzEe6y4uGH1zGLPg" type="7004">
      <styles xmi:type="notation:SortingStyle" xmi:id="_aYtqcpXzEe6y4uGH1zGLPg"/>
      <styles xmi:type="notation:FilteringStyle" xmi:id="_aYtqc5XzEe6y4uGH1zGLPg"/>
    </children>
    <children xmi:type="notation:DecorationNode" xmi:id="_aYtqdJXzEe6y4uGH1zGLPg" type="5009">
      <styles xmi:type="notation:DrawerStyle" xmi:id="_aYtqdZXzEe6y4uGH1zGLPg"/>
    </children>
    <children xmi:type="notation:DecorationNode" xmi:id="_aYtqdpXzEe6y4uGH1zGLPg" type="7005">
      <styles xmi:type="notation:SortingStyle" xmi:id="_aYtqd5XzEe6y4uGH1zGLPg"/>
      <styles xmi:type="notation:FilteringStyle" xmi:id="_aYtqeJXzEe6y4uGH1zGLPg"/>
    </children>
    <children xmi:type="notation:BasicCompartment" xmi:id="_aYtqeZXzEe6y4uGH1zGLPg" type="7007"/>
    <element xmi:type="map:Datastore" href="resource.map#_aYtqQJXzEe6y4uGH1zGLPg?fileId=_Z7j0MJXzEe6y4uGH1zGLPg$type=map?"/>
    <layoutConstraint xmi:type="notation:Bounds" xmi:id="_aYtqbJXzEe6y4uGH1zGLPg" x="669" y="140"/>
  </children>
  <children xmi:type="notation:Shape" xmi:id="_bGFGvZXzEe6y4uGH1zGLPg" type="2004" fontName="Segoe UI">
    <children xmi:type="notation:DecorationNode" xmi:id="_bGFGv5XzEe6y4uGH1zGLPg" type="5005"/>
    <children xmi:type="notation:DecorationNode" xmi:id="_bGFGwJXzEe6y4uGH1zGLPg" type="5007"/>
    <children xmi:type="notation:DecorationNode" xmi:id="_bGFGwZXzEe6y4uGH1zGLPg" type="7003"/>
    <children xmi:type="notation:DecorationNode" xmi:id="_bGFGwpXzEe6y4uGH1zGLPg" type="7009"/>
    <children xmi:type="notation:BasicCompartment" xmi:id="_bGFGw5XzEe6y4uGH1zGLPg" type="7004">
      <styles xmi:type="notation:SortingStyle" xmi:id="_bGFGxJXzEe6y4uGH1zGLPg"/>
      <styles xmi:type="notation:FilteringStyle" xmi:id="_bGFGxZXzEe6y4uGH1zGLPg"/>
    </children>
    <children xmi:type="notation:DecorationNode" xmi:id="_bGFGxpXzEe6y4uGH1zGLPg" type="5009">
      <styles xmi:type="notation:DrawerStyle" xmi:id="_bGFGx5XzEe6y4uGH1zGLPg"/>
    </children>
    <children xmi:type="notation:DecorationNode" xmi:id="_bGFGyJXzEe6y4uGH1zGLPg" type="7005">
      <styles xmi:type="notation:SortingStyle" xmi:id="_bGFGyZXzEe6y4uGH1zGLPg"/>
      <styles xmi:type="notation:FilteringStyle" xmi:id="_bGFGypXzEe6y4uGH1zGLPg"/>
    </children>
    <children xmi:type="notation:BasicCompartment" xmi:id="_bGFGy5XzEe6y4uGH1zGLPg" type="7007"/>
    <element xmi:type="map:Datastore" href="resource.map#_bGFGkJXzEe6y4uGH1zGLPg?fileId=_Z7j0MJXzEe6y4uGH1zGLPg$type=map?"/>
    <layoutConstraint xmi:type="notation:Bounds" xmi:id="_bGFGvpXzEe6y4uGH1zGLPg" x="118" y="51"/>
  </children>
  <children xmi:type="notation:Shape" xmi:id="_bS1JVZXzEe6y4uGH1zGLPg" type="2004" fontName="Segoe UI">
    <children xmi:type="notation:DecorationNode" xmi:id="_bS1JV5XzEe6y4uGH1zGLPg" type="5005"/>
    <children xmi:type="notation:DecorationNode" xmi:id="_bS1JWJXzEe6y4uGH1zGLPg" type="5007"/>
    <children xmi:type="notation:DecorationNode" xmi:id="_bS1JWZXzEe6y4uGH1zGLPg" type="7003"/>
    <children xmi:type="notation:DecorationNode" xmi:id="_bS1JWpXzEe6y4uGH1zGLPg" type="7009"/>
    <children xmi:type="notation:BasicCompartment" xmi:id="_bS1JW5XzEe6y4uGH1zGLPg" type="7004">
      <styles xmi:type="notation:SortingStyle" xmi:id="_bS1JXJXzEe6y4uGH1zGLPg"/>
      <styles xmi:type="notation:FilteringStyle" xmi:id="_bS1JXZXzEe6y4uGH1zGLPg"/>
    </children>
    <children xmi:type="notation:DecorationNode" xmi:id="_bS1JXpXzEe6y4uGH1zGLPg" type="5009">
      <styles xmi:type="notation:DrawerStyle" xmi:id="_bS1JX5XzEe6y4uGH1zGLPg"/>
    </children>
    <children xmi:type="notation:DecorationNode" xmi:id="_bS1JYJXzEe6y4uGH1zGLPg" type="7005">
      <styles xmi:type="notation:SortingStyle" xmi:id="_bS1JYZXzEe6y4uGH1zGLPg"/>
      <styles xmi:type="notation:FilteringStyle" xmi:id="_bS1JYpXzEe6y4uGH1zGLPg"/>
    </children>
    <children xmi:type="notation:BasicCompartment" xmi:id="_bS1JY5XzEe6y4uGH1zGLPg" type="7007"/>
    <element xmi:type="map:Datastore" href="resource.map#_bS1JIJXzEe6y4uGH1zGLPg?fileId=_Z7j0MJXzEe6y4uGH1zGLPg$type=map?"/>
    <layoutConstraint xmi:type="notation:Bounds" xmi:id="_bS1JVpXzEe6y4uGH1zGLPg" x="376" y="271"/>
  </children>
  <children xmi:type="notation:Node" xmi:id="_cIZfM5XzEe6y4uGH1zGLPg" type="2005">
    <styles xmi:type="notation:DescriptionStyle" xmi:id="_cIZfNJXzEe6y4uGH1zGLPg"/>
    <styles xmi:type="notation:FontStyle" xmi:id="_cIZfNZXzEe6y4uGH1zGLPg" fontName="Segoe UI"/>
    <styles xmi:type="notation:FillStyle" xmi:id="_cIZfNpXzEe6y4uGH1zGLPg"/>
    <element xmi:type="map:Join" href="resource.map#_cITYkJXzEe6y4uGH1zGLPg?fileId=_Z7j0MJXzEe6y4uGH1zGLPg$type=map?"/>
    <layoutConstraint xmi:type="notation:Bounds" xmi:id="_cIZfN5XzEe6y4uGH1zGLPg" x="330" y="191"/>
  </children>
  <children xmi:type="notation:Node" xmi:id="_cllxg5XzEe6y4uGH1zGLPg" type="2002">
    <styles xmi:type="notation:DescriptionStyle" xmi:id="_cllxhJXzEe6y4uGH1zGLPg"/>
    <styles xmi:type="notation:FontStyle" xmi:id="_cllxhZXzEe6y4uGH1zGLPg" fontName="Segoe UI"/>
    <styles xmi:type="notation:FillStyle" xmi:id="_cllxhpXzEe6y4uGH1zGLPg"/>
    <element xmi:type="map:Filter" href="resource.map#_clcnkJXzEe6y4uGH1zGLPg?fileId=_Z7j0MJXzEe6y4uGH1zGLPg$type=map?"/>
    <layoutConstraint xmi:type="notation:Bounds" xmi:id="_cllxh5XzEe6y4uGH1zGLPg" x="367" y="128"/>
  </children>
  <styles xmi:type="notation:DiagramStyle" xmi:id="_Z9yBwZXzEe6y4uGH1zGLPg"/>
  <element xmi:type="map:Map" href="resource.map#_Z7j0MJXzEe6y4uGH1zGLPg?fileId=_Z7j0MJXzEe6y4uGH1zGLPg$type=map$name=DELETE%20DWH_ADRESSE?"/>
  <edges xmi:type="notation:Edge" xmi:id="_cIZfOJXzEe6y4uGH1zGLPg" type="joinLink" source="_cIZfM5XzEe6y4uGH1zGLPg" target="_bS1JVZXzEe6y4uGH1zGLPg">
    <element xsi:nil="true"/>
    <bendpoints xmi:type="notation:RelativeBendpoints" xmi:id="_cIZfOZXzEe6y4uGH1zGLPg" points="[-1, -1, -477, -403]$[376, 317, -100, -85]"/>
  </edges>
  <edges xmi:type="notation:Edge" xmi:id="_cIZfOpXzEe6y4uGH1zGLPg" type="joinLink" source="_cIZfM5XzEe6y4uGH1zGLPg" target="_bGFGvZXzEe6y4uGH1zGLPg">
    <element xsi:nil="true"/>
    <bendpoints xmi:type="notation:RelativeBendpoints" xmi:id="_cIZfO5XzEe6y4uGH1zGLPg" points="[-1, -1, -202, -183]$[118, 107, -83, -75]"/>
  </edges>
  <edges xmi:type="notation:Edge" xmi:id="_cllxiJXzEe6y4uGH1zGLPg" type="joinLink" source="_cllxg5XzEe6y4uGH1zGLPg" target="_bGFGvZXzEe6y4uGH1zGLPg">
    <element xsi:nil="true"/>
    <bendpoints xmi:type="notation:RelativeBendpoints" xmi:id="_cllxiZXzEe6y4uGH1zGLPg" points="[0, 0, -201, -182]$[118, 107, -83, -75]"/>
  </edges>
  <edges xmi:type="notation:Edge" xmi:id="_eT008ZXzEe6y4uGH1zGLPg" type="targetLink" source="_aYtqa5XzEe6y4uGH1zGLPg" target="_bS1JVZXzEe6y4uGH1zGLPg">
    <element xsi:nil="true"/>
    <bendpoints xmi:type="notation:RelativeBendpoints" xmi:id="_eT008pXzEe6y4uGH1zGLPg" points="[-83, 39, 193, -92]$[-175, 83, 101, -48]"/>
  </edges>
  <edges xmi:type="notation:Edge" xmi:id="_eT009ZXzEe6y4uGH1zGLPg" type="targetDataSetLink" source="_aYtqa5XzEe6y4uGH1zGLPg" target="_aYtqa5XzEe6y4uGH1zGLPg">
    <element xmi:type="map:DataSet" href="resource.map#_bS1JQ5XzEe6y4uGH1zGLPg?fileId=_Z7j0MJXzEe6y4uGH1zGLPg$type=map?"/>
    <bendpoints xmi:type="notation:RelativeBendpoints" xmi:id="_eT009pXzEe6y4uGH1zGLPg" points="[0, 0, 0, 0]$[0, 0, 0, 0]"/>
  </edges>
  <edges xmi:type="notation:Edge" xmi:id="_eT0095XzEe6y4uGH1zGLPg" type="targetSetLink" source="_aYtqa5XzEe6y4uGH1zGLPg" target="_aYtqa5XzEe6y4uGH1zGLPg">
    <element xmi:type="map:SetDescriptor" href="resource.map#_eTGcMJXzEe6y4uGH1zGLPg?fileId=_Z7j0MJXzEe6y4uGH1zGLPg$type=map?"/>
    <bendpoints xmi:type="notation:RelativeBendpoints" xmi:id="_eT00-JXzEe6y4uGH1zGLPg" points="[0, 0, 0, 0]$[0, 0, 0, 0]"/>
  </edges>
  <edges xmi:type="notation:Edge" xmi:id="_e1R8MJXzEe6y4uGH1zGLPg" type="targetLink" source="_aYtqa5XzEe6y4uGH1zGLPg" target="_bGFGvZXzEe6y4uGH1zGLPg">
    <element xsi:nil="true"/>
    <bendpoints xmi:type="notation:RelativeBendpoints" xmi:id="_e1R8MZXzEe6y4uGH1zGLPg" points="[-171, -24, 468, 65]$[-556, -77, 83, 12]"/>
  </edges>
</notation:Diagram>
]]></diagram>
</map:map>