<?xml version="1.0" encoding="UTF-8"?>
<map:map xmlns:map="http://www.indy.com/v2/map" id="_i8xGEJXfEe6GyNaUiuph4Q" internalVersion="8" tech="resource.tech#_waYSMH8VEd2__Mzb_dB76A?fileId=_waYSMH8VEd2__Mzb_dB76A$type=tech$name=flow?">
  <datastore id="_l7T60JXfEe6GyNaUiuph4Q" alias="DWH_EMAIL" dataset="_l7aBcJXfEe6GyNaUiuph4Q" ref="resource.md#_kecxwZAtEe69cu6-bNESsg?fileId=_CHAaQIUmEe6BKsDnQj9IRA$type=md$name=DWH_EMAIL?" subExpression="[A]">
    <field id="_l7XlMZXfEe6GyNaUiuph4Q" enable="true" insert="true" name="STATUS" ref="resource.md#_kju6YJAtEe69cu6-bNESsg?fileId=_CHAaQIUmEe6BKsDnQj9IRA$type=md$name=STATUS?" update="true">
      <expression id="_pNAVEJXfEe6GyNaUiuph4Q" setDescriptorRef="_pM_uAJXfEe6GyNaUiuph4Q">
        <expression>SAS_EMAIL.STATUS_EMAIL</expression>
      </expression>
    </field>
    <field id="_l7XlMpXfEe6GyNaUiuph4Q" enable="true" insert="true" name="ID_FICHIER" ref="resource.md#_kjwIgJAtEe69cu6-bNESsg?fileId=_CHAaQIUmEe6BKsDnQj9IRA$type=md$name=ID_FICHIER?" update="true">
      <expression id="_pNAVEZXfEe6GyNaUiuph4Q" setDescriptorRef="_pM_uAJXfEe6GyNaUiuph4Q">
        <expression>SAS_EMAIL.ID_FICHIER</expression>
      </expression>
    </field>
    <field id="_l7W-IZXfEe6GyNaUiuph4Q" enable="true" insert="true" name="SID_CLIENT" ref="resource.md#_kjtFMJAtEe69cu6-bNESsg?fileId=_CHAaQIUmEe6BKsDnQj9IRA$type=md$name=SID_CLIENT?" update="true" updateKey="true">
      <expression id="_pNAVEpXfEe6GyNaUiuph4Q" setDescriptorRef="_pM_uAJXfEe6GyNaUiuph4Q">
        <expression>DWH_CLIENT.SID_CLIENT</expression>
      </expression>
    </field>
    <field id="_l7XlMJXfEe6GyNaUiuph4Q" enable="true" insert="true" name="EMAIL" ref="resource.md#_kjuTUJAtEe69cu6-bNESsg?fileId=_CHAaQIUmEe6BKsDnQj9IRA$type=md$name=EMAIL?" update="true">
      <expression id="_pNA8IJXfEe6GyNaUiuph4Q" setDescriptorRef="_pM_uAJXfEe6GyNaUiuph4Q">
        <expression>SAS_EMAIL.EMAIL</expression>
      </expression>
    </field>
    <field id="_l7XlM5XfEe6GyNaUiuph4Q" enable="true" insert="true" name="DATE_IMPORT" ref="resource.md#_kjwIhZAtEe69cu6-bNESsg?fileId=_CHAaQIUmEe6BKsDnQj9IRA$type=md$name=DATE_IMPORT?" update="true">
      <expression id="_pNA8IZXfEe6GyNaUiuph4Q" setDescriptorRef="_pM_uAJXfEe6GyNaUiuph4Q">
        <expression>SAS_EMAIL.DATE_IMPORT</expression>
      </expression>
    </field>
    <field id="_l7YMQJXfEe6GyNaUiuph4Q" enable="true" insert="false" name="DATE_MAJ" ref="resource.md#_kjwvkJAtEe69cu6-bNESsg?fileId=_CHAaQIUmEe6BKsDnQj9IRA$type=md$name=DATE_MAJ?" update="true">
      <expression id="_pNA8IpXfEe6GyNaUiuph4Q" location="TRG" setDescriptorRef="_pM_uAJXfEe6GyNaUiuph4Q">
        <expression>current_timestamp</expression>
      </expression>
    </field>
    <constraint id="_l7YMQZXfEe6GyNaUiuph4Q" name="PK_SID_CLIENT1_DWH" ref="resource.md#_kj0Z8JAtEe69cu6-bNESsg?fileId=_CHAaQIUmEe6BKsDnQj9IRA$type=md$name=PK_SID_CLIENT1_DWH?" reject="true"/>
    <constraint id="_l7YMQpXfEe6GyNaUiuph4Q" name="FK_SID_CLIENT1_DWH" ref="resource.md#_kra2wJAtEe69cu6-bNESsg?fileId=_CHAaQIUmEe6BKsDnQj9IRA$type=md$name=FK_SID_CLIENT1_DWH?" reject="true"/>
    <constraint id="_l7YMQ5XfEe6GyNaUiuph4Q" name="FK_ID_FICHIER1_DWH" ref="resource.md#_krbd0JAtEe69cu6-bNESsg?fileId=_CHAaQIUmEe6BKsDnQj9IRA$type=md$name=FK_ID_FICHIER1_DWH?" reject="true"/>
    <setDescriptor id="_pM_uAJXfEe6GyNaUiuph4Q" label="A"/>
  </datastore>
  <datastore id="_mSC_0JXfEe6GyNaUiuph4Q" alias="DWH_CLIENT" dataset="_mSHRQJXfEe6GyNaUiuph4Q" ref="resource.md#_kj22MZAtEe69cu6-bNESsg?fileId=_CHAaQIUmEe6BKsDnQj9IRA$type=md$name=DWH_CLIENT?">
    <field id="_mSEN8pXfEe6GyNaUiuph4Q" name="TYPE" ref="resource.md#_kpLbG5AtEe69cu6-bNESsg?fileId=_CHAaQIUmEe6BKsDnQj9IRA$type=md$name=TYPE?"/>
    <field id="_mSE1AJXfEe6GyNaUiuph4Q" name="NOM" ref="resource.md#_kpMCLJAtEe69cu6-bNESsg?fileId=_CHAaQIUmEe6BKsDnQj9IRA$type=md$name=NOM?"/>
    <field id="_mSFcEpXfEe6GyNaUiuph4Q" name="DATE_MAJ" ref="resource.md#_kpNQRpAtEe69cu6-bNESsg?fileId=_CHAaQIUmEe6BKsDnQj9IRA$type=md$name=DATE_MAJ?"/>
    <field id="_mSEN8JXfEe6GyNaUiuph4Q" name="SID_COMPTE" ref="resource.md#_kpLbEJAtEe69cu6-bNESsg?fileId=_CHAaQIUmEe6BKsDnQj9IRA$type=md$name=SID_COMPTE?"/>
    <field id="_mSDm4ZXfEe6GyNaUiuph4Q" fullAlias="SID_CLIENT" name="SID_CLIENT" ref="resource.md#_kpK0AJAtEe69cu6-bNESsg?fileId=_CHAaQIUmEe6BKsDnQj9IRA$type=md$name=SID_CLIENT?" updateKey="true"/>
    <field id="_mSEN8ZXfEe6GyNaUiuph4Q" name="STATUS" ref="resource.md#_kpLbFZAtEe69cu6-bNESsg?fileId=_CHAaQIUmEe6BKsDnQj9IRA$type=md$name=STATUS?"/>
    <field id="_mSEN85XfEe6GyNaUiuph4Q" name="CIVILITE" ref="resource.md#_kpMCIJAtEe69cu6-bNESsg?fileId=_CHAaQIUmEe6BKsDnQj9IRA$type=md$name=CIVILITE?"/>
    <field id="_mSE1ApXfEe6GyNaUiuph4Q" name="SEXE" ref="resource.md#_kpMpMJAtEe69cu6-bNESsg?fileId=_CHAaQIUmEe6BKsDnQj9IRA$type=md$name=SEXE?"/>
    <field id="_mSFcEZXfEe6GyNaUiuph4Q" name="DATE_IMPORT" ref="resource.md#_kpNQQJAtEe69cu6-bNESsg?fileId=_CHAaQIUmEe6BKsDnQj9IRA$type=md$name=DATE_IMPORT?"/>
    <field id="_mSDm4pXfEe6GyNaUiuph4Q" fullAlias="CLE_CLIENT" name="CLE_CLIENT" ref="resource.md#_kpK0BZAtEe69cu6-bNESsg?fileId=_CHAaQIUmEe6BKsDnQj9IRA$type=md$name=CLE_CLIENT?"/>
    <field id="_mSEN9JXfEe6GyNaUiuph4Q" name="PRENOM" ref="resource.md#_kpMCJpAtEe69cu6-bNESsg?fileId=_CHAaQIUmEe6BKsDnQj9IRA$type=md$name=PRENOM?"/>
    <field id="_mSE1A5XfEe6GyNaUiuph4Q" name="MUTUELLE" ref="resource.md#_kpMpNpAtEe69cu6-bNESsg?fileId=_CHAaQIUmEe6BKsDnQj9IRA$type=md$name=MUTUELLE?"/>
    <field id="_mSFcEJXfEe6GyNaUiuph4Q" name="ID_FICHIER" ref="resource.md#_kpMpPZAtEe69cu6-bNESsg?fileId=_CHAaQIUmEe6BKsDnQj9IRA$type=md$name=ID_FICHIER?"/>
    <field id="_mSE1AZXfEe6GyNaUiuph4Q" name="DATE_ANNIVERSAIRE" ref="resource.md#_kpMCMpAtEe69cu6-bNESsg?fileId=_CHAaQIUmEe6BKsDnQj9IRA$type=md$name=DATE_ANNIVERSAIRE?"/>
    <constraint id="_mSFcE5XfEe6GyNaUiuph4Q" name="PK_SID_CLIENT" ref="resource.md#_kpQ6oJAtEe69cu6-bNESsg?fileId=_CHAaQIUmEe6BKsDnQj9IRA$type=md$name=PK_SID_CLIENT?" reject="true"/>
    <constraint id="_mSFcFJXfEe6GyNaUiuph4Q" name="FK_ID_FICHIER0_DWH" ref="resource.md#_kr-QZJAtEe69cu6-bNESsg?fileId=_CHAaQIUmEe6BKsDnQj9IRA$type=md$name=FK_ID_FICHIER0_DWH?" reject="true"/>
    <constraint id="_mSFcFZXfEe6GyNaUiuph4Q" name="FK_SID_COMPTE_DWH" ref="resource.md#_kr-QYJAtEe69cu6-bNESsg?fileId=_CHAaQIUmEe6BKsDnQj9IRA$type=md$name=FK_SID_COMPTE_DWH?" reject="true"/>
    <constraint id="_mSFcFpXfEe6GyNaUiuph4Q" name="FK_CLE_CLIENT_DWH" ref="resource.md#_kr-3cJAtEe69cu6-bNESsg?fileId=_CHAaQIUmEe6BKsDnQj9IRA$type=md$name=FK_CLE_CLIENT_DWH?" reject="true"/>
  </datastore>
  <datastore id="_mlIT4JXfEe6GyNaUiuph4Q" alias="SAS_EMAIL" dataset="_mSHRQJXfEe6GyNaUiuph4Q" ref="resource.md#_jzfp-5AlEe69cu6-bNESsg?fileId=_CHAaQIUmEe6BKsDnQj9IRA$type=md$name=SAS_EMAIL?">
    <field id="_mlI68ZXfEe6GyNaUiuph4Q" fullAlias="EMAIL" name="EMAIL" ref="resource.md#_j4uvNpAlEe69cu6-bNESsg?fileId=_CHAaQIUmEe6BKsDnQj9IRA$type=md$name=EMAIL?"/>
    <field id="_mlI68pXfEe6GyNaUiuph4Q" fullAlias="STATUS_EMAIL" name="STATUS_EMAIL" ref="resource.md#_j4uvPJAlEe69cu6-bNESsg?fileId=_CHAaQIUmEe6BKsDnQj9IRA$type=md$name=STATUS_EMAIL?"/>
    <field id="_mlJiApXfEe6GyNaUiuph4Q" fullAlias="ACT" name="ACT" ref="resource.md#_0wYTjZWkEe6KJ9B1NiSMNg?fileId=_CHAaQIUmEe6BKsDnQj9IRA$type=md$name=ACT?"/>
    <field id="_mlJiAJXfEe6GyNaUiuph4Q" fullAlias="ID_FICHIER" name="ID_FICHIER" ref="resource.md#_j4uvQpAlEe69cu6-bNESsg?fileId=_CHAaQIUmEe6BKsDnQj9IRA$type=md$name=ID_FICHIER?"/>
    <field id="_mlJiAZXfEe6GyNaUiuph4Q" fullAlias="DATE_IMPORT" name="DATE_IMPORT" ref="resource.md#_j4uvR5AlEe69cu6-bNESsg?fileId=_CHAaQIUmEe6BKsDnQj9IRA$type=md$name=DATE_IMPORT?"/>
    <field id="_mlI68JXfEe6GyNaUiuph4Q" fullAlias="CLE_CLIENT" name="CLE_CLIENT" ref="resource.md#_j4uvMJAlEe69cu6-bNESsg?fileId=_CHAaQIUmEe6BKsDnQj9IRA$type=md$name=CLE_CLIENT?" updateKey="true"/>
    <constraint id="_mlJiA5XfEe6GyNaUiuph4Q" name="action" ref="resource.md#_YI-xAZWrEe6KJ9B1NiSMNg?fileId=_CHAaQIUmEe6BKsDnQj9IRA$type=md$name=action?" reject="true"/>
    <constraint id="_mlJiBJXfEe6GyNaUiuph4Q" name="FK_ID_FICHIER2" ref="resource.md#_uoE74JAnEe69cu6-bNESsg?fileId=_CHAaQIUmEe6BKsDnQj9IRA$type=md$name=FK_ID_FICHIER2?" reject="true"/>
    <constraint id="_mlJiBZXfEe6GyNaUiuph4Q" name="Status" ref="resource.md#_QKydUZWpEe6KJ9B1NiSMNg?fileId=_CHAaQIUmEe6BKsDnQj9IRA$type=md$name=Status?" reject="true"/>
    <constraint id="_mlJiBpXfEe6GyNaUiuph4Q" name="PK_CLE_CLIENT2" ref="resource.md#_j44gMJAlEe69cu6-bNESsg?fileId=_CHAaQIUmEe6BKsDnQj9IRA$type=md$name=PK_CLE_CLIENT2?" reject="true"/>
    <constraint id="_mlKJEJXfEe6GyNaUiuph4Q" name="FK_CLE_CLIENT2" ref="resource.md#_uoFi8JAnEe69cu6-bNESsg?fileId=_CHAaQIUmEe6BKsDnQj9IRA$type=md$name=FK_CLE_CLIENT2?" reject="true"/>
    <constraint id="_mlKJEZXfEe6GyNaUiuph4Q" name="REJET_EMAIL" ref="resource.md#_ohz5gZAtEe69cu6-bNESsg?fileId=_CHAaQIUmEe6BKsDnQj9IRA$type=md$name=REJET_EMAIL?" reject="true"/>
  </datastore>
  <join id="_nxHl4JXfEe6GyNaUiuph4Q" location="SRC" left="_mlIT4JXfEe6GyNaUiuph4Q" order="10" right="_mSC_0JXfEe6GyNaUiuph4Q">
    <expression>SAS_EMAIL.CLE_CLIENT = DWH_CLIENT.CLE_CLIENT</expression>
  </join>
  <filter id="_6U8GYJXfEe6GyNaUiuph4Q" location="SRC">
    <expression>SAS_EMAIL.ACT = 'S'</expression>
  </filter>
  <template id="_pNDYYJXfEe6GyNaUiuph4Q" name="I_DWH_EMAIL" process="resource.proc#_jkWgEFEJEeO7Vo9WeM2sCg?fileId=_jkWgEFEJEeO7Vo9WeM2sCg$type=proc$name=INTEGRATION%20Oracle?" targetId="_l7T60JXfEe6GyNaUiuph4Q">
    <parameter id="_pvvOsJXfEe6GyNaUiuph4Q" name="doInsert" value="false"/>
    <parameter id="_py8TsJXfEe6GyNaUiuph4Q" name="doUpdate" value="false"/>
    <parameter id="_qPAkoJXfEe6GyNaUiuph4Q" name="uselessUpdateDetectionMethod" value="disable"/>
    <parameter id="_qlOFMJXfEe6GyNaUiuph4Q" name="deletionStrategy" value="key"/>
  </template>
  <dataSet id="_l7aBcJXfEe6GyNaUiuph4Q">
    <container>_l7T60JXfEe6GyNaUiuph4Q</container>
  </dataSet>
  <dataSet id="_mSHRQJXfEe6GyNaUiuph4Q">
    <container>_mSC_0JXfEe6GyNaUiuph4Q</container>
    <container>_mlIT4JXfEe6GyNaUiuph4Q</container>
  </dataSet>
  <hint>
    <usedField>#_mSDm4ZXfEe6GyNaUiuph4Q</usedField>
    <usedField>#_mSDm4pXfEe6GyNaUiuph4Q</usedField>
    <usedField>#_mlI68ZXfEe6GyNaUiuph4Q</usedField>
    <usedField>#_mlI68pXfEe6GyNaUiuph4Q</usedField>
    <usedField>#_mlJiApXfEe6GyNaUiuph4Q</usedField>
    <usedField>#_mlJiAJXfEe6GyNaUiuph4Q</usedField>
    <usedField>#_mlJiAZXfEe6GyNaUiuph4Q</usedField>
    <usedField>#_mlI68JXfEe6GyNaUiuph4Q</usedField>
  </hint>
  <diagram><![CDATA[<?xml version="1.0" encoding="UTF-8"?>
<notation:Diagram xmi:version="2.0" xmlns:xmi="http://www.omg.org/XMI" xmlns:xsi="http://www.w3.org/2001/XMLSchema-instance" xmlns:map="http://www.indy.com/v2/map" xmlns:notation="http://www.eclipse.org/gmf/runtime/1.0.1/notation" xsi:schemaLocation="http://www.eclipse.org/gmf/runtime/1.0.1/notation " xmi:id="_i9F2MJXfEe6GyNaUiuph4Q" type="Map" measurementUnit="Pixel">
  <children xmi:type="notation:Shape" xmi:id="_mlNMYJXfEe6GyNaUiuph4Q" type="2004" fontName="Segoe UI">
    <children xmi:type="notation:DecorationNode" xmi:id="_mlNMYpXfEe6GyNaUiuph4Q" type="5005"/>
    <children xmi:type="notation:DecorationNode" xmi:id="_mlNMY5XfEe6GyNaUiuph4Q" type="5007"/>
    <children xmi:type="notation:DecorationNode" xmi:id="_mlNMZJXfEe6GyNaUiuph4Q" type="7003"/>
    <children xmi:type="notation:DecorationNode" xmi:id="_mlNMZZXfEe6GyNaUiuph4Q" type="7009"/>
    <children xmi:type="notation:BasicCompartment" xmi:id="_mlNMZpXfEe6GyNaUiuph4Q" type="7004">
      <styles xmi:type="notation:SortingStyle" xmi:id="_mlNMZ5XfEe6GyNaUiuph4Q"/>
      <styles xmi:type="notation:FilteringStyle" xmi:id="_mlNMaJXfEe6GyNaUiuph4Q"/>
    </children>
    <children xmi:type="notation:DecorationNode" xmi:id="_mlNMaZXfEe6GyNaUiuph4Q" type="5009">
      <styles xmi:type="notation:DrawerStyle" xmi:id="_mlNMapXfEe6GyNaUiuph4Q"/>
    </children>
    <children xmi:type="notation:DecorationNode" xmi:id="_mlNMa5XfEe6GyNaUiuph4Q" type="7005">
      <styles xmi:type="notation:SortingStyle" xmi:id="_mlNMbJXfEe6GyNaUiuph4Q"/>
      <styles xmi:type="notation:FilteringStyle" xmi:id="_mlNMbZXfEe6GyNaUiuph4Q"/>
    </children>
    <children xmi:type="notation:BasicCompartment" xmi:id="_mlNMbpXfEe6GyNaUiuph4Q" type="7007"/>
    <element xmi:type="map:Datastore" href="resource.map#_mlIT4JXfEe6GyNaUiuph4Q?fileId=_i8xGEJXfEe6GyNaUiuph4Q$type=map?"/>
    <layoutConstraint xmi:type="notation:Bounds" xmi:id="_mlNMYZXfEe6GyNaUiuph4Q" x="313" y="94"/>
  </children>
  <children xmi:type="notation:Shape" xmi:id="_mSJtgJXfEe6GyNaUiuph4Q" type="2004" fontName="Segoe UI">
    <children xmi:type="notation:DecorationNode" xmi:id="_mSKUkJXfEe6GyNaUiuph4Q" type="5005"/>
    <children xmi:type="notation:DecorationNode" xmi:id="_mSKUkZXfEe6GyNaUiuph4Q" type="5007"/>
    <children xmi:type="notation:DecorationNode" xmi:id="_mSKUkpXfEe6GyNaUiuph4Q" type="7003"/>
    <children xmi:type="notation:DecorationNode" xmi:id="_mSKUk5XfEe6GyNaUiuph4Q" type="7009"/>
    <children xmi:type="notation:BasicCompartment" xmi:id="_mSKUlJXfEe6GyNaUiuph4Q" type="7004">
      <styles xmi:type="notation:SortingStyle" xmi:id="_mSKUlZXfEe6GyNaUiuph4Q"/>
      <styles xmi:type="notation:FilteringStyle" xmi:id="_mSKUlpXfEe6GyNaUiuph4Q"/>
    </children>
    <children xmi:type="notation:DecorationNode" xmi:id="_mSKUl5XfEe6GyNaUiuph4Q" type="5009">
      <styles xmi:type="notation:DrawerStyle" xmi:id="_mSKUmJXfEe6GyNaUiuph4Q"/>
    </children>
    <children xmi:type="notation:DecorationNode" xmi:id="_mSKUmZXfEe6GyNaUiuph4Q" type="7005">
      <styles xmi:type="notation:SortingStyle" xmi:id="_mSKUmpXfEe6GyNaUiuph4Q"/>
      <styles xmi:type="notation:FilteringStyle" xmi:id="_mSKUm5XfEe6GyNaUiuph4Q"/>
    </children>
    <children xmi:type="notation:BasicCompartment" xmi:id="_mSKUnJXfEe6GyNaUiuph4Q" type="7007"/>
    <element xmi:type="map:Datastore" href="resource.map#_mSC_0JXfEe6GyNaUiuph4Q?fileId=_i8xGEJXfEe6GyNaUiuph4Q$type=map?"/>
    <layoutConstraint xmi:type="notation:Bounds" xmi:id="_mSJtgZXfEe6GyNaUiuph4Q" x="600" y="221"/>
  </children>
  <children xmi:type="notation:Node" xmi:id="_nxVBQJXfEe6GyNaUiuph4Q" type="2005">
    <styles xmi:type="notation:DescriptionStyle" xmi:id="_nxVBQZXfEe6GyNaUiuph4Q"/>
    <styles xmi:type="notation:FontStyle" xmi:id="_nxVBQpXfEe6GyNaUiuph4Q" fontName="Segoe UI"/>
    <styles xmi:type="notation:FillStyle" xmi:id="_nxVBQ5XfEe6GyNaUiuph4Q"/>
    <element xmi:type="map:Join" href="resource.map#_nxHl4JXfEe6GyNaUiuph4Q?fileId=_i8xGEJXfEe6GyNaUiuph4Q$type=map?"/>
    <layoutConstraint xmi:type="notation:Bounds" xmi:id="_nxVBRJXfEe6GyNaUiuph4Q" x="446" y="301"/>
  </children>
  <children xmi:type="notation:Shape" xmi:id="_l7cdsJXfEe6GyNaUiuph4Q" type="2004" fontName="Segoe UI">
    <children xmi:type="notation:DecorationNode" xmi:id="_l7dEwJXfEe6GyNaUiuph4Q" type="5005"/>
    <children xmi:type="notation:DecorationNode" xmi:id="_l7dEwZXfEe6GyNaUiuph4Q" type="5007"/>
    <children xmi:type="notation:DecorationNode" xmi:id="_l7dEwpXfEe6GyNaUiuph4Q" type="7003"/>
    <children xmi:type="notation:DecorationNode" xmi:id="_l7dEw5XfEe6GyNaUiuph4Q" type="7009"/>
    <children xmi:type="notation:BasicCompartment" xmi:id="_l7dExJXfEe6GyNaUiuph4Q" type="7004">
      <styles xmi:type="notation:SortingStyle" xmi:id="_l7dExZXfEe6GyNaUiuph4Q"/>
      <styles xmi:type="notation:FilteringStyle" xmi:id="_l7dExpXfEe6GyNaUiuph4Q"/>
    </children>
    <children xmi:type="notation:DecorationNode" xmi:id="_l7dEx5XfEe6GyNaUiuph4Q" type="5009">
      <styles xmi:type="notation:DrawerStyle" xmi:id="_l7dEyJXfEe6GyNaUiuph4Q"/>
    </children>
    <children xmi:type="notation:DecorationNode" xmi:id="_l7dEyZXfEe6GyNaUiuph4Q" type="7005">
      <styles xmi:type="notation:SortingStyle" xmi:id="_l7dEypXfEe6GyNaUiuph4Q"/>
      <styles xmi:type="notation:FilteringStyle" xmi:id="_l7dEy5XfEe6GyNaUiuph4Q"/>
    </children>
    <children xmi:type="notation:BasicCompartment" xmi:id="_l7fhAJXfEe6GyNaUiuph4Q" type="7007"/>
    <children xmi:type="notation:DecorationNode" xmi:id="_l7fhAZXfEe6GyNaUiuph4Q" type="5009">
      <styles xmi:type="notation:DrawerStyle" xmi:id="_l7fhApXfEe6GyNaUiuph4Q"/>
    </children>
    <element xmi:type="map:Datastore" href="resource.map#_l7T60JXfEe6GyNaUiuph4Q?fileId=_i8xGEJXfEe6GyNaUiuph4Q$type=map?"/>
    <layoutConstraint xmi:type="notation:Bounds" xmi:id="_l7cdsZXfEe6GyNaUiuph4Q" x="979" y="166"/>
  </children>
  <children xmi:type="notation:Node" xmi:id="_6VF3YJXfEe6GyNaUiuph4Q" type="2002">
    <styles xmi:type="notation:DescriptionStyle" xmi:id="_6VF3YZXfEe6GyNaUiuph4Q"/>
    <styles xmi:type="notation:FontStyle" xmi:id="_6VF3YpXfEe6GyNaUiuph4Q" fontName="Segoe UI"/>
    <styles xmi:type="notation:FillStyle" xmi:id="_6VF3Y5XfEe6GyNaUiuph4Q"/>
    <element xmi:type="map:Filter" href="resource.map#_6U8GYJXfEe6GyNaUiuph4Q?fileId=_i8xGEJXfEe6GyNaUiuph4Q$type=map?"/>
    <layoutConstraint xmi:type="notation:Bounds" xmi:id="_6VF3ZJXfEe6GyNaUiuph4Q" x="567" y="157"/>
  </children>
  <styles xmi:type="notation:DiagramStyle" xmi:id="_i9F2MZXfEe6GyNaUiuph4Q"/>
  <element xmi:type="map:Map" href="resource.map#_i8xGEJXfEe6GyNaUiuph4Q?fileId=_i8xGEJXfEe6GyNaUiuph4Q$type=map$name=DELETE%20DWH_EMAIL?"/>
  <edges xmi:type="notation:Edge" xmi:id="_nxWPYJXfEe6GyNaUiuph4Q" type="joinLink" source="_nxVBQJXfEe6GyNaUiuph4Q" target="_mSJtgJXfEe6GyNaUiuph4Q">
    <element xsi:nil="true"/>
    <bendpoints xmi:type="notation:RelativeBendpoints" xmi:id="_nxWPYZXfEe6GyNaUiuph4Q" points="[-1, -1, -701, -353]$[600, 301, -100, -51]"/>
  </edges>
  <edges xmi:type="notation:Edge" xmi:id="_nxW2cJXfEe6GyNaUiuph4Q" type="joinLink" source="_nxVBQJXfEe6GyNaUiuph4Q" target="_mlNMYJXfEe6GyNaUiuph4Q">
    <element xsi:nil="true"/>
    <bendpoints xmi:type="notation:RelativeBendpoints" xmi:id="_nxW2cZXfEe6GyNaUiuph4Q" points="[-1, -1, -397, -162]$[313, 127, -83, -34]"/>
  </edges>
  <edges xmi:type="notation:Edge" xmi:id="_pNL7QJXfEe6GyNaUiuph4Q" type="targetLink" source="_l7cdsJXfEe6GyNaUiuph4Q" target="_mSJtgJXfEe6GyNaUiuph4Q">
    <element xsi:nil="true"/>
    <bendpoints xmi:type="notation:RelativeBendpoints" xmi:id="_pNL7QZXfEe6GyNaUiuph4Q" points="[-82, 44, 234, -126]$[-215, 116, 101, -54]"/>
  </edges>
  <edges xmi:type="notation:Edge" xmi:id="_pNMiUpXfEe6GyNaUiuph4Q" type="targetDataSetLink" source="_l7cdsJXfEe6GyNaUiuph4Q" target="_l7cdsJXfEe6GyNaUiuph4Q">
    <element xmi:type="map:DataSet" href="resource.map#_mSHRQJXfEe6GyNaUiuph4Q?fileId=_i8xGEJXfEe6GyNaUiuph4Q$type=map?"/>
    <bendpoints xmi:type="notation:RelativeBendpoints" xmi:id="_pNMiU5XfEe6GyNaUiuph4Q" points="[0, 0, 0, 0]$[0, 0, 0, 0]"/>
  </edges>
  <edges xmi:type="notation:Edge" xmi:id="_pNNJYJXfEe6GyNaUiuph4Q" type="targetSetLink" source="_l7cdsJXfEe6GyNaUiuph4Q" target="_l7cdsJXfEe6GyNaUiuph4Q">
    <element xmi:type="map:SetDescriptor" href="resource.map#_pM_uAJXfEe6GyNaUiuph4Q?fileId=_i8xGEJXfEe6GyNaUiuph4Q$type=map?"/>
    <bendpoints xmi:type="notation:RelativeBendpoints" xmi:id="_pNNJYZXfEe6GyNaUiuph4Q" points="[0, 0, 0, 0]$[0, 0, 0, 0]"/>
  </edges>
  <edges xmi:type="notation:Edge" xmi:id="_6VHFgJXfEe6GyNaUiuph4Q" type="joinLink" source="_6VF3YJXfEe6GyNaUiuph4Q" target="_mlNMYJXfEe6GyNaUiuph4Q">
    <element xsi:nil="true"/>
    <bendpoints xmi:type="notation:RelativeBendpoints" xmi:id="_6VHFgZXfEe6GyNaUiuph4Q" points="[0, 0, -396, -161]$[313, 127, -83, -34]"/>
  </edges>
  <edges xmi:type="notation:Edge" xmi:id="_9asWYJXfEe6GyNaUiuph4Q" type="targetLink" source="_l7cdsJXfEe6GyNaUiuph4Q" target="_mlNMYJXfEe6GyNaUiuph4Q">
    <element xsi:nil="true"/>
    <bendpoints xmi:type="notation:RelativeBendpoints" xmi:id="_9asWYZXfEe6GyNaUiuph4Q" points="[-157, -15, 583, 57]$[-657, -64, 83, 8]"/>
  </edges>
</notation:Diagram>
]]></diagram>
</map:map>