<?xml version="1.0" encoding="UTF-8"?>
<map:map xmlns:map="http://www.indy.com/v2/map" id="_Sq2nEIUmEe6BKsDnQj9IRA" internalVersion="8" tech="resource.tech#_waYSMH8VEd2__Mzb_dB76A?fileId=_waYSMH8VEd2__Mzb_dB76A$type=tech$name=flow?">
  <datastore id="_eUB9wIUzEe6BKsDnQj9IRA" alias="TRANSCO_status" dataset="_pyT3kIU2Ee6BKsDnQj9IRA" ref="resource.md#_jlWgP5AlEe69cu6-bNESsg?fileId=_CHAaQIUmEe6BKsDnQj9IRA$type=md$name=TRANSCO?">
    <field id="_eUB9xIUzEe6BKsDnQj9IRA" fullAlias="LIBELLE" name="LIBELLE" ref="resource.md#_jo15HJAlEe69cu6-bNESsg?fileId=_CHAaQIUmEe6BKsDnQj9IRA$type=md$name=LIBELLE?"/>
    <field id="_eUB9woUzEe6BKsDnQj9IRA" fullAlias="TYPE" name="TYPE" ref="resource.md#_jo15EJAlEe69cu6-bNESsg?fileId=_CHAaQIUmEe6BKsDnQj9IRA$type=md$name=TYPE?"/>
    <field id="_eUB9w4UzEe6BKsDnQj9IRA" fullAlias="CODE" name="CODE" ref="resource.md#_jo15FpAlEe69cu6-bNESsg?fileId=_CHAaQIUmEe6BKsDnQj9IRA$type=md$name=CODE?"/>
  </datastore>
  <datastore id="_tqZDwIUzEe6BKsDnQj9IRA" alias="SAS_COMPTE" control="true" dataset="_pyT3kYU2Ee6BKsDnQj9IRA" ref="resource.md#_jua8pJAlEe69cu6-bNESsg?fileId=_CHAaQIUmEe6BKsDnQj9IRA$type=md$name=SAS_COMPTE?" subExpression="[A]">
    <field id="_tqZDxoUzEe6BKsDnQj9IRA" enable="true" insert="true" name="ID_FICHIER" ref="resource.md#_jzfp7JAlEe69cu6-bNESsg?fileId=_CHAaQIUmEe6BKsDnQj9IRA$type=md$name=ID_FICHIER?" update="true">
      <expression id="_II_CcYU0Ee6BKsDnQj9IRA" setDescriptorRef="_II_CcIU0Ee6BKsDnQj9IRA">
        <expression>SOURCE.ID_FICHIER</expression>
      </expression>
    </field>
    <field id="_tqZDwoUzEe6BKsDnQj9IRA" enable="true" insert="true" name="CLE_COMPTE" ref="resource.md#_jzZjQJAlEe69cu6-bNESsg?fileId=_CHAaQIUmEe6BKsDnQj9IRA$type=md$name=CLE_COMPTE?" update="true" updateKey="true">
      <expression id="_II_CcoU0Ee6BKsDnQj9IRA" setDescriptorRef="_II_CcIU0Ee6BKsDnQj9IRA">
        <expression>SAS_FILESRC.F3</expression>
      </expression>
    </field>
    <field id="_tqZDx4UzEe6BKsDnQj9IRA" enable="true" insert="true" name="DATE_IMPORT" ref="resource.md#_jzfp8ZAlEe69cu6-bNESsg?fileId=_CHAaQIUmEe6BKsDnQj9IRA$type=md$name=DATE_IMPORT?" update="true">
      <expression id="_II_pgIU0Ee6BKsDnQj9IRA" setDescriptorRef="_II_CcIU0Ee6BKsDnQj9IRA">
        <expression>SAS_FILESRC.DATE_IMPORT</expression>
      </expression>
    </field>
    <field id="_tqZDxIUzEe6BKsDnQj9IRA" enable="true" insert="true" name="TYPE" ref="resource.md#_jzfp4JAlEe69cu6-bNESsg?fileId=_CHAaQIUmEe6BKsDnQj9IRA$type=md$name=TYPE?" update="true">
      <expression id="_II_pgYU0Ee6BKsDnQj9IRA" setDescriptorRef="_II_CcIU0Ee6BKsDnQj9IRA">
        <expression>TRANSCO_type.LIBELLE</expression>
      </expression>
    </field>
    <field id="_tqZDw4UzEe6BKsDnQj9IRA" enable="true" insert="true" name="STATUS" ref="resource.md#_jzZjRpAlEe69cu6-bNESsg?fileId=_CHAaQIUmEe6BKsDnQj9IRA$type=md$name=STATUS?" update="true">
      <expression id="_II_pgoU0Ee6BKsDnQj9IRA" setDescriptorRef="_II_CcIU0Ee6BKsDnQj9IRA">
        <expression>TRANSCO_status.LIBELLE</expression>
      </expression>
    </field>
    <field id="_tqZDxYUzEe6BKsDnQj9IRA" enable="true" insert="true" name="CABINET_RATTACHEMENT" ref="resource.md#_jzfp5pAlEe69cu6-bNESsg?fileId=_CHAaQIUmEe6BKsDnQj9IRA$type=md$name=CABINET_RATTACHEMENT?" update="true">
      <expression id="_II_pg4U0Ee6BKsDnQj9IRA" setDescriptorRef="_II_CcIU0Ee6BKsDnQj9IRA">
        <expression>TRANSCO_cabinet.LIBELLE</expression>
      </expression>
    </field>
    <field id="_1MwGYJWkEe6KJ9B1NiSMNg" enable="true" insert="true" name="ACT" ref="resource.md#_0kIAQ5WkEe6KJ9B1NiSMNg?fileId=_CHAaQIUmEe6BKsDnQj9IRA$type=md$name=ACT?" update="true">
      <expression id="_1MwGYZWkEe6KJ9B1NiSMNg" setDescriptorRef="_II_CcIU0Ee6BKsDnQj9IRA">
        <expression>SAS_FILESRC.F2</expression>
      </expression>
    </field>
    <constraint id="_PHyIcJAoEe69cu6-bNESsg" name="PK_CLE_COMPTE" ref="resource.md#_jzfp95AlEe69cu6-bNESsg?fileId=_CHAaQIUmEe6BKsDnQj9IRA$type=md$name=PK_CLE_COMPTE?" reject="true"/>
    <constraint id="_PHyIcZAoEe69cu6-bNESsg" name="FK_ID_FICHIER" ref="resource.md#_unDBIJAnEe69cu6-bNESsg?fileId=_CHAaQIUmEe6BKsDnQj9IRA$type=md$name=FK_ID_FICHIER?" reject="true"/>
    <constraint id="_Y1jHoJWhEe6KJ9B1NiSMNg" name="Type_ligne" ref="resource.md#_HYwoAZWeEe6KJ9B1NiSMNg?fileId=_CHAaQIUmEe6BKsDnQj9IRA$type=md$name=Type_ligne?" reject="true"/>
    <constraint id="_Y1jHoZWhEe6KJ9B1NiSMNg" name="Status" ref="resource.md#_ANOHAZWhEe6KJ9B1NiSMNg?fileId=_CHAaQIUmEe6BKsDnQj9IRA$type=md$name=Status?" reject="true"/>
    <constraint id="_Y1jHopWhEe6KJ9B1NiSMNg" name="type_100" ref="resource.md#_mjN44ZWeEe6KJ9B1NiSMNg?fileId=_CHAaQIUmEe6BKsDnQj9IRA$type=md$name=type_100?" reject="true"/>
    <constraint id="_mNHwQJWiEe6KJ9B1NiSMNg" name="cabinet" ref="resource.md#_Oiyo8ZWiEe6KJ9B1NiSMNg?fileId=_CHAaQIUmEe6BKsDnQj9IRA$type=md$name=cabinet?" reject="true"/>
    <constraint id="_x12KEJWmEe6KJ9B1NiSMNg" name="Action" ref="resource.md#_pxR2sZWmEe6KJ9B1NiSMNg?fileId=_CHAaQIUmEe6BKsDnQj9IRA$type=md$name=Action?" reject="true"/>
    <setDescriptor id="_II_CcIU0Ee6BKsDnQj9IRA" label="A"/>
  </datastore>
  <datastore id="_6MNlkIUzEe6BKsDnQj9IRA" alias="SAS_FILESRC" dataset="_pyT3kIU2Ee6BKsDnQj9IRA" ref="resource.md#_j44gNJAlEe69cu6-bNESsg?fileId=_CHAaQIUmEe6BKsDnQj9IRA$type=md$name=SAS_FILESRC?" subExpression="">
    <field id="_6MNll4UzEe6BKsDnQj9IRA" enable="true" fullAlias="F5" name="F5" ref="resource.md#_j8QkbpAlEe69cu6-bNESsg?fileId=_CHAaQIUmEe6BKsDnQj9IRA$type=md$name=F5?"/>
    <field id="_6MNlnIUzEe6BKsDnQj9IRA" enable="true" name="F10" ref="resource.md#_j8QkjJAlEe69cu6-bNESsg?fileId=_CHAaQIUmEe6BKsDnQj9IRA$type=md$name=F10?"/>
    <field id="_6MNllIUzEe6BKsDnQj9IRA" enable="true" fullAlias="F2" name="F2" ref="resource.md#_j8QkXJAlEe69cu6-bNESsg?fileId=_CHAaQIUmEe6BKsDnQj9IRA$type=md$name=F2?"/>
    <field id="_6MNlmoUzEe6BKsDnQj9IRA" enable="true" name="F8" ref="resource.md#_j8QkgJAlEe69cu6-bNESsg?fileId=_CHAaQIUmEe6BKsDnQj9IRA$type=md$name=F8?"/>
    <field id="_6MNlm4UzEe6BKsDnQj9IRA" enable="true" name="F9" ref="resource.md#_j8QkhpAlEe69cu6-bNESsg?fileId=_CHAaQIUmEe6BKsDnQj9IRA$type=md$name=F9?"/>
    <field id="_6MNlloUzEe6BKsDnQj9IRA" enable="true" fullAlias="F4" name="F4" ref="resource.md#_j8QkaJAlEe69cu6-bNESsg?fileId=_CHAaQIUmEe6BKsDnQj9IRA$type=md$name=F4?"/>
    <field id="_6MNlnoUzEe6BKsDnQj9IRA" enable="true" name="F12" ref="resource.md#_j8QkmJAlEe69cu6-bNESsg?fileId=_CHAaQIUmEe6BKsDnQj9IRA$type=md$name=F12?"/>
    <field id="_6MNllYUzEe6BKsDnQj9IRA" enable="true" fullAlias="F3" name="F3" ref="resource.md#_j8QkYpAlEe69cu6-bNESsg?fileId=_CHAaQIUmEe6BKsDnQj9IRA$type=md$name=F3?"/>
    <field id="_6MNlmIUzEe6BKsDnQj9IRA" enable="true" fullAlias="F6" name="F6" ref="resource.md#_j8QkdJAlEe69cu6-bNESsg?fileId=_CHAaQIUmEe6BKsDnQj9IRA$type=md$name=F6?"/>
    <field id="_6MNlmYUzEe6BKsDnQj9IRA" enable="true" name="F7" ref="resource.md#_j8QkepAlEe69cu6-bNESsg?fileId=_CHAaQIUmEe6BKsDnQj9IRA$type=md$name=F7?"/>
    <field id="_6MNln4UzEe6BKsDnQj9IRA" enable="true" name="F13" ref="resource.md#_j8QknpAlEe69cu6-bNESsg?fileId=_CHAaQIUmEe6BKsDnQj9IRA$type=md$name=F13?"/>
    <field id="_6MNlkoUzEe6BKsDnQj9IRA" enable="true" fullAlias="FILE_NOM" name="FILE_NOM" ref="resource.md#_j8QkUJAlEe69cu6-bNESsg?fileId=_CHAaQIUmEe6BKsDnQj9IRA$type=md$name=FILE_NOM?"/>
    <field id="_6MNlk4UzEe6BKsDnQj9IRA" enable="true" fullAlias="F1" name="F1" ref="resource.md#_j8QkVpAlEe69cu6-bNESsg?fileId=_CHAaQIUmEe6BKsDnQj9IRA$type=md$name=F1?"/>
    <field id="_6MNlnYUzEe6BKsDnQj9IRA" enable="true" name="F11" ref="resource.md#_j8QkkpAlEe69cu6-bNESsg?fileId=_CHAaQIUmEe6BKsDnQj9IRA$type=md$name=F11?"/>
    <field id="_JStmMIq8Ee6eAd0POgdy0A" fullAlias="DATE_IMPORT" name="DATE_IMPORT" ref="resource.md#_j8QkpJAlEe69cu6-bNESsg?fileId=_CHAaQIUmEe6BKsDnQj9IRA$type=md$name=DATE_IMPORT?"/>
  </datastore>
  <datastore id="_vZ3A0IU0Ee6BKsDnQj9IRA" alias="TRANSCO_type" dataset="_pyT3kIU2Ee6BKsDnQj9IRA" ref="resource.md#_jlWgP5AlEe69cu6-bNESsg?fileId=_CHAaQIUmEe6BKsDnQj9IRA$type=md$name=TRANSCO?">
    <field id="_vZ3A04U0Ee6BKsDnQj9IRA" fullAlias="CODE" name="CODE" ref="resource.md#_jo15FpAlEe69cu6-bNESsg?fileId=_CHAaQIUmEe6BKsDnQj9IRA$type=md$name=CODE?"/>
    <field id="_vZ3A1IU0Ee6BKsDnQj9IRA" fullAlias="LIBELLE" name="LIBELLE" ref="resource.md#_jo15HJAlEe69cu6-bNESsg?fileId=_CHAaQIUmEe6BKsDnQj9IRA$type=md$name=LIBELLE?"/>
    <field id="_vZ3A0oU0Ee6BKsDnQj9IRA" fullAlias="TYPE" name="TYPE" ref="resource.md#_jo15EJAlEe69cu6-bNESsg?fileId=_CHAaQIUmEe6BKsDnQj9IRA$type=md$name=TYPE?"/>
  </datastore>
  <datastore id="_8ax5cIU0Ee6BKsDnQj9IRA" alias="TRANSCO_cabinet" dataset="_pyT3kIU2Ee6BKsDnQj9IRA" ref="resource.md#_jlWgP5AlEe69cu6-bNESsg?fileId=_CHAaQIUmEe6BKsDnQj9IRA$type=md$name=TRANSCO?">
    <field id="_8ax5c4U0Ee6BKsDnQj9IRA" fullAlias="CODE" name="CODE" ref="resource.md#_jo15FpAlEe69cu6-bNESsg?fileId=_CHAaQIUmEe6BKsDnQj9IRA$type=md$name=CODE?"/>
    <field id="_8ax5dIU0Ee6BKsDnQj9IRA" fullAlias="LIBELLE" name="LIBELLE" ref="resource.md#_jo15HJAlEe69cu6-bNESsg?fileId=_CHAaQIUmEe6BKsDnQj9IRA$type=md$name=LIBELLE?"/>
    <field id="_8ax5coU0Ee6BKsDnQj9IRA" fullAlias="TYPE" name="TYPE" ref="resource.md#_jo15EJAlEe69cu6-bNESsg?fileId=_CHAaQIUmEe6BKsDnQj9IRA$type=md$name=TYPE?"/>
  </datastore>
  <datastore id="_vhL0AIU4Ee6BKsDnQj9IRA" alias="SOURCE" dataset="_pyT3kIU2Ee6BKsDnQj9IRA" ref="resource.md#_jo7_sZAlEe69cu6-bNESsg?fileId=_CHAaQIUmEe6BKsDnQj9IRA$type=md$name=SOURCE?">
    <field id="_vhL0AoU4Ee6BKsDnQj9IRA" fullAlias="ID_FICHIER" name="ID_FICHIER" ref="resource.md#_juUO8JAlEe69cu6-bNESsg?fileId=_CHAaQIUmEe6BKsDnQj9IRA$type=md$name=ID_FICHIER?" updateKey="true"/>
    <field id="_vhL0A4U4Ee6BKsDnQj9IRA" fullAlias="NOM_FICHIER" name="NOM_FICHIER" ref="resource.md#_juUO9ZAlEe69cu6-bNESsg?fileId=_CHAaQIUmEe6BKsDnQj9IRA$type=md$name=NOM_FICHIER?"/>
    <field id="_vhL0BIU4Ee6BKsDnQj9IRA" name="DATE_IMPORT" ref="resource.md#_juUO-5AlEe69cu6-bNESsg?fileId=_CHAaQIUmEe6BKsDnQj9IRA$type=md$name=DATE_IMPORT?"/>
    <constraint id="_OtyUEJAoEe69cu6-bNESsg" name="PK_ID_FICHIER" ref="resource.md#_jua8oJAlEe69cu6-bNESsg?fileId=_CHAaQIUmEe6BKsDnQj9IRA$type=md$name=PK_ID_FICHIER?" reject="true"/>
  </datastore>
  <join id="_VVjxcIU0Ee6BKsDnQj9IRA" location="SRC" left="_6MNlkIUzEe6BKsDnQj9IRA" order="10" right="_eUB9wIUzEe6BKsDnQj9IRA">
    <expression>SAS_FILESRC.F4 = TRANSCO_status.CODE</expression>
  </join>
  <join id="_xf0AsIU0Ee6BKsDnQj9IRA" location="SRC" left="_6MNlkIUzEe6BKsDnQj9IRA" order="30" right="_vZ3A0IU0Ee6BKsDnQj9IRA">
    <expression>SAS_FILESRC.F5 = TRANSCO_type.CODE</expression>
  </join>
  <join id="_AEnt8IU1Ee6BKsDnQj9IRA" location="SRC" left="_6MNlkIUzEe6BKsDnQj9IRA" order="50" right="_8ax5cIU0Ee6BKsDnQj9IRA">
    <expression>SAS_FILESRC.F6 = TRANSCO_cabinet.CODE</expression>
  </join>
  <join id="_28FfUIU4Ee6BKsDnQj9IRA" location="SRC" left="_vhL0AIU4Ee6BKsDnQj9IRA" order="70" right="_6MNlkIUzEe6BKsDnQj9IRA">
    <expression>SOURCE.NOM_FICHIER = SAS_FILESRC.FILE_NOM</expression>
  </join>
  <filter id="_D1z9EIU0Ee6BKsDnQj9IRA" location="SRC">
    <expression>SAS_FILESRC.F1 = '100'</expression>
  </filter>
  <filter id="_gCM6UIU0Ee6BKsDnQj9IRA" location="SRC">
    <expression>TRANSCO_status.TYPE = 'STATUS'</expression>
  </filter>
  <filter id="_yj7wIIU0Ee6BKsDnQj9IRA" location="SRC">
    <expression>TRANSCO_type.TYPE = 'TYPE_COMPTE'</expression>
  </filter>
  <filter id="_BPVNkIU1Ee6BKsDnQj9IRA" location="SRC">
    <expression>TRANSCO_cabinet.TYPE = 'CABINET_RATTACHEMENT'</expression>
  </filter>
  <template id="_Ot0JQJAoEe69cu6-bNESsg" name="I_SAS_COMPTE" process="resource.proc#_jkWgEFEJEeO7Vo9WeM2sCg?fileId=_jkWgEFEJEeO7Vo9WeM2sCg$type=proc$name=INTEGRATION%20Oracle?" targetId="_tqZDwIUzEe6BKsDnQj9IRA"/>
  <template id="_Piz3kJAoEe69cu6-bNESsg" name="R_SAS_COMPTE" process="resource.proc#_cvMAIERgEd22W6kpnG-bRg?fileId=_cvMAIERgEd22W6kpnG-bRg$type=proc$name=REJECT%20Oracle?" targetId="_tqZDwIUzEe6BKsDnQj9IRA"/>
  <dataSet id="_pyT3kIU2Ee6BKsDnQj9IRA">
    <container>_6MNlkIUzEe6BKsDnQj9IRA</container>
    <container>_8ax5cIU0Ee6BKsDnQj9IRA</container>
    <container>_vZ3A0IU0Ee6BKsDnQj9IRA</container>
    <container>_eUB9wIUzEe6BKsDnQj9IRA</container>
    <container>_vhL0AIU4Ee6BKsDnQj9IRA</container>
  </dataSet>
  <dataSet id="_pyT3kYU2Ee6BKsDnQj9IRA">
    <container>_tqZDwIUzEe6BKsDnQj9IRA</container>
  </dataSet>
  <hint>
    <usedField>#_eUB9xIUzEe6BKsDnQj9IRA</usedField>
    <usedField>#_eUB9woUzEe6BKsDnQj9IRA</usedField>
    <usedField>#_eUB9w4UzEe6BKsDnQj9IRA</usedField>
    <usedField>#_6MNll4UzEe6BKsDnQj9IRA</usedField>
    <usedField>#_6MNllIUzEe6BKsDnQj9IRA</usedField>
    <usedField>#_6MNlloUzEe6BKsDnQj9IRA</usedField>
    <usedField>#_6MNllYUzEe6BKsDnQj9IRA</usedField>
    <usedField>#_6MNlmIUzEe6BKsDnQj9IRA</usedField>
    <usedField>#_6MNlkoUzEe6BKsDnQj9IRA</usedField>
    <usedField>#_6MNlk4UzEe6BKsDnQj9IRA</usedField>
    <usedField>#_JStmMIq8Ee6eAd0POgdy0A</usedField>
    <usedField>#_vZ3A04U0Ee6BKsDnQj9IRA</usedField>
    <usedField>#_vZ3A1IU0Ee6BKsDnQj9IRA</usedField>
    <usedField>#_vZ3A0oU0Ee6BKsDnQj9IRA</usedField>
    <usedField>#_8ax5c4U0Ee6BKsDnQj9IRA</usedField>
    <usedField>#_8ax5dIU0Ee6BKsDnQj9IRA</usedField>
    <usedField>#_8ax5coU0Ee6BKsDnQj9IRA</usedField>
    <usedField>#_vhL0AoU4Ee6BKsDnQj9IRA</usedField>
    <usedField>#_vhL0A4U4Ee6BKsDnQj9IRA</usedField>
  </hint>
  <diagram><![CDATA[<?xml version="1.0" encoding="UTF-8"?>
<notation:Diagram xmi:version="2.0" xmlns:xmi="http://www.omg.org/XMI" xmlns:xsi="http://www.w3.org/2001/XMLSchema-instance" xmlns:map="http://www.indy.com/v2/map" xmlns:notation="http://www.eclipse.org/gmf/runtime/1.0.1/notation" xsi:schemaLocation="http://www.eclipse.org/gmf/runtime/1.0.1/notation " xmi:id="_SuhmIIUmEe6BKsDnQj9IRA" type="Map" measurementUnit="Pixel">
  <children xmi:type="notation:Node" xmi:id="_VVzpEIU0Ee6BKsDnQj9IRA" type="2005">
    <styles xmi:type="notation:DescriptionStyle" xmi:id="_VVzpEYU0Ee6BKsDnQj9IRA"/>
    <styles xmi:type="notation:FontStyle" xmi:id="_VVzpEoU0Ee6BKsDnQj9IRA" fontName="Segoe UI"/>
    <styles xmi:type="notation:FillStyle" xmi:id="_VVzpE4U0Ee6BKsDnQj9IRA"/>
    <element xmi:type="map:Join" href="resource.map#_VVjxcIU0Ee6BKsDnQj9IRA?fileId=_Sq2nEIUmEe6BKsDnQj9IRA$type=map?"/>
    <layoutConstraint xmi:type="notation:Bounds" xmi:id="_VVzpFIU0Ee6BKsDnQj9IRA" x="256" y="300"/>
  </children>
  <children xmi:type="notation:Node" xmi:id="_AE9sMIU1Ee6BKsDnQj9IRA" type="2005">
    <styles xmi:type="notation:DescriptionStyle" xmi:id="_AE9sMYU1Ee6BKsDnQj9IRA"/>
    <styles xmi:type="notation:FontStyle" xmi:id="_AE9sMoU1Ee6BKsDnQj9IRA" fontName="Segoe UI"/>
    <styles xmi:type="notation:FillStyle" xmi:id="_AE9sM4U1Ee6BKsDnQj9IRA"/>
    <element xmi:type="map:Join" href="resource.map#_AEnt8IU1Ee6BKsDnQj9IRA?fileId=_Sq2nEIUmEe6BKsDnQj9IRA$type=map?"/>
    <layoutConstraint xmi:type="notation:Bounds" xmi:id="_AE9sNIU1Ee6BKsDnQj9IRA" x="256" y="622"/>
  </children>
  <children xmi:type="notation:Node" xmi:id="_28YaQIU4Ee6BKsDnQj9IRA" type="2005">
    <styles xmi:type="notation:DescriptionStyle" xmi:id="_28YaQYU4Ee6BKsDnQj9IRA"/>
    <styles xmi:type="notation:FontStyle" xmi:id="_28YaQoU4Ee6BKsDnQj9IRA" fontName="Segoe UI"/>
    <styles xmi:type="notation:FillStyle" xmi:id="_28YaQ4U4Ee6BKsDnQj9IRA"/>
    <element xmi:type="map:Join" href="resource.map#_28FfUIU4Ee6BKsDnQj9IRA?fileId=_Sq2nEIUmEe6BKsDnQj9IRA$type=map?"/>
    <layoutConstraint xmi:type="notation:Bounds" xmi:id="_28YaRIU4Ee6BKsDnQj9IRA" x="256" y="215"/>
  </children>
  <children xmi:type="notation:Node" xmi:id="_xgNpUIU0Ee6BKsDnQj9IRA" type="2005">
    <styles xmi:type="notation:DescriptionStyle" xmi:id="_xgNpUYU0Ee6BKsDnQj9IRA"/>
    <styles xmi:type="notation:FontStyle" xmi:id="_xgNpUoU0Ee6BKsDnQj9IRA" fontName="Segoe UI"/>
    <styles xmi:type="notation:FillStyle" xmi:id="_xgNpU4U0Ee6BKsDnQj9IRA"/>
    <element xmi:type="map:Join" href="resource.map#_xf0AsIU0Ee6BKsDnQj9IRA?fileId=_Sq2nEIUmEe6BKsDnQj9IRA$type=map?"/>
    <layoutConstraint xmi:type="notation:Bounds" xmi:id="_xgNpVIU0Ee6BKsDnQj9IRA" x="256" y="416"/>
  </children>
  <children xmi:type="notation:Node" xmi:id="_D2D0sIU0Ee6BKsDnQj9IRA" type="2002">
    <styles xmi:type="notation:DescriptionStyle" xmi:id="_D2D0sYU0Ee6BKsDnQj9IRA"/>
    <styles xmi:type="notation:FontStyle" xmi:id="_D2D0soU0Ee6BKsDnQj9IRA" fontName="Segoe UI"/>
    <styles xmi:type="notation:FillStyle" xmi:id="_D2D0s4U0Ee6BKsDnQj9IRA"/>
    <element xmi:type="map:Filter" href="resource.map#_D1z9EIU0Ee6BKsDnQj9IRA?fileId=_Sq2nEIUmEe6BKsDnQj9IRA$type=map?"/>
    <layoutConstraint xmi:type="notation:Bounds" xmi:id="_D2D0tIU0Ee6BKsDnQj9IRA" x="256" y="94"/>
  </children>
  <children xmi:type="notation:Node" xmi:id="_ykVYwIU0Ee6BKsDnQj9IRA" type="2002">
    <styles xmi:type="notation:DescriptionStyle" xmi:id="_ykVYwYU0Ee6BKsDnQj9IRA"/>
    <styles xmi:type="notation:FontStyle" xmi:id="_ykVYwoU0Ee6BKsDnQj9IRA" fontName="Segoe UI"/>
    <styles xmi:type="notation:FillStyle" xmi:id="_ykVYw4U0Ee6BKsDnQj9IRA"/>
    <element xmi:type="map:Filter" href="resource.map#_yj7wIIU0Ee6BKsDnQj9IRA?fileId=_Sq2nEIUmEe6BKsDnQj9IRA$type=map?"/>
    <layoutConstraint xmi:type="notation:Bounds" xmi:id="_ykVYxIU0Ee6BKsDnQj9IRA" x="256" y="707"/>
  </children>
  <children xmi:type="notation:Node" xmi:id="_BPry4IU1Ee6BKsDnQj9IRA" type="2002">
    <styles xmi:type="notation:DescriptionStyle" xmi:id="_BPry4YU1Ee6BKsDnQj9IRA"/>
    <styles xmi:type="notation:FontStyle" xmi:id="_BPry4oU1Ee6BKsDnQj9IRA" fontName="Segoe UI"/>
    <styles xmi:type="notation:FillStyle" xmi:id="_BPry44U1Ee6BKsDnQj9IRA"/>
    <element xmi:type="map:Filter" href="resource.map#_BPVNkIU1Ee6BKsDnQj9IRA?fileId=_Sq2nEIUmEe6BKsDnQj9IRA$type=map?"/>
    <layoutConstraint xmi:type="notation:Bounds" xmi:id="_BPry5IU1Ee6BKsDnQj9IRA" x="256" y="828"/>
  </children>
  <children xmi:type="notation:Node" xmi:id="_gCcx8IU0Ee6BKsDnQj9IRA" type="2002">
    <styles xmi:type="notation:DescriptionStyle" xmi:id="_gCcx8YU0Ee6BKsDnQj9IRA"/>
    <styles xmi:type="notation:FontStyle" xmi:id="_gCcx8oU0Ee6BKsDnQj9IRA" fontName="Segoe UI"/>
    <styles xmi:type="notation:FillStyle" xmi:id="_gCcx84U0Ee6BKsDnQj9IRA"/>
    <element xmi:type="map:Filter" href="resource.map#_gCM6UIU0Ee6BKsDnQj9IRA?fileId=_Sq2nEIUmEe6BKsDnQj9IRA$type=map?"/>
    <layoutConstraint xmi:type="notation:Bounds" xmi:id="_gCcx9IU0Ee6BKsDnQj9IRA" x="256" y="501"/>
  </children>
  <children xmi:type="notation:Shape" xmi:id="_eUOLAIUzEe6BKsDnQj9IRA" type="2004" fontName="Segoe UI">
    <children xmi:type="notation:DecorationNode" xmi:id="_eUOLAoUzEe6BKsDnQj9IRA" type="5005"/>
    <children xmi:type="notation:DecorationNode" xmi:id="_eUOLA4UzEe6BKsDnQj9IRA" type="5007"/>
    <children xmi:type="notation:DecorationNode" xmi:id="_eUOLBIUzEe6BKsDnQj9IRA" type="7003"/>
    <children xmi:type="notation:DecorationNode" xmi:id="_eUOLBYUzEe6BKsDnQj9IRA" type="7009"/>
    <children xmi:type="notation:BasicCompartment" xmi:id="_eUOLBoUzEe6BKsDnQj9IRA" type="7004">
      <styles xmi:type="notation:SortingStyle" xmi:id="_eUOLB4UzEe6BKsDnQj9IRA"/>
      <styles xmi:type="notation:FilteringStyle" xmi:id="_eUOLCIUzEe6BKsDnQj9IRA"/>
    </children>
    <children xmi:type="notation:DecorationNode" xmi:id="_eUOLCYUzEe6BKsDnQj9IRA" type="5009">
      <styles xmi:type="notation:DrawerStyle" xmi:id="_eUOLCoUzEe6BKsDnQj9IRA"/>
    </children>
    <children xmi:type="notation:DecorationNode" xmi:id="_eUOLC4UzEe6BKsDnQj9IRA" type="7005">
      <styles xmi:type="notation:SortingStyle" xmi:id="_eUOLDIUzEe6BKsDnQj9IRA"/>
      <styles xmi:type="notation:FilteringStyle" xmi:id="_eUOLDYUzEe6BKsDnQj9IRA"/>
    </children>
    <children xmi:type="notation:BasicCompartment" xmi:id="_eUOLDoUzEe6BKsDnQj9IRA" type="7007"/>
    <element xmi:type="map:Datastore" href="resource.map#_eUB9wIUzEe6BKsDnQj9IRA?fileId=_Sq2nEIUmEe6BKsDnQj9IRA$type=map?"/>
    <layoutConstraint xmi:type="notation:Bounds" xmi:id="_eUOLAYUzEe6BKsDnQj9IRA" x="30" y="516"/>
  </children>
  <children xmi:type="notation:Shape" xmi:id="_vaGRYIU0Ee6BKsDnQj9IRA" type="2004" fontName="Segoe UI">
    <children xmi:type="notation:DecorationNode" xmi:id="_vaGRYoU0Ee6BKsDnQj9IRA" type="5005"/>
    <children xmi:type="notation:DecorationNode" xmi:id="_vaGRY4U0Ee6BKsDnQj9IRA" type="5007"/>
    <children xmi:type="notation:DecorationNode" xmi:id="_vaGRZIU0Ee6BKsDnQj9IRA" type="7003"/>
    <children xmi:type="notation:DecorationNode" xmi:id="_vaGRZYU0Ee6BKsDnQj9IRA" type="7009"/>
    <children xmi:type="notation:BasicCompartment" xmi:id="_vaGRZoU0Ee6BKsDnQj9IRA" type="7004">
      <styles xmi:type="notation:SortingStyle" xmi:id="_vaGRZ4U0Ee6BKsDnQj9IRA"/>
      <styles xmi:type="notation:FilteringStyle" xmi:id="_vaGRaIU0Ee6BKsDnQj9IRA"/>
    </children>
    <children xmi:type="notation:DecorationNode" xmi:id="_vaGRaYU0Ee6BKsDnQj9IRA" type="5009">
      <styles xmi:type="notation:DrawerStyle" xmi:id="_vaGRaoU0Ee6BKsDnQj9IRA"/>
    </children>
    <children xmi:type="notation:DecorationNode" xmi:id="_vaGRa4U0Ee6BKsDnQj9IRA" type="7005">
      <styles xmi:type="notation:SortingStyle" xmi:id="_vaGRbIU0Ee6BKsDnQj9IRA"/>
      <styles xmi:type="notation:FilteringStyle" xmi:id="_vaGRbYU0Ee6BKsDnQj9IRA"/>
    </children>
    <children xmi:type="notation:BasicCompartment" xmi:id="_vaGRboU0Ee6BKsDnQj9IRA" type="7007"/>
    <element xmi:type="map:Datastore" href="resource.map#_vZ3A0IU0Ee6BKsDnQj9IRA?fileId=_Sq2nEIUmEe6BKsDnQj9IRA$type=map?"/>
    <layoutConstraint xmi:type="notation:Bounds" xmi:id="_vaGRYYU0Ee6BKsDnQj9IRA" x="30" y="679"/>
  </children>
  <children xmi:type="notation:Shape" xmi:id="_8bBKAIU0Ee6BKsDnQj9IRA" type="2004" fontName="Segoe UI">
    <children xmi:type="notation:DecorationNode" xmi:id="_8bBKAoU0Ee6BKsDnQj9IRA" type="5005"/>
    <children xmi:type="notation:DecorationNode" xmi:id="_8bBKA4U0Ee6BKsDnQj9IRA" type="5007"/>
    <children xmi:type="notation:DecorationNode" xmi:id="_8bBKBIU0Ee6BKsDnQj9IRA" type="7003"/>
    <children xmi:type="notation:DecorationNode" xmi:id="_8bBKBYU0Ee6BKsDnQj9IRA" type="7009"/>
    <children xmi:type="notation:BasicCompartment" xmi:id="_8bBKBoU0Ee6BKsDnQj9IRA" type="7004">
      <styles xmi:type="notation:SortingStyle" xmi:id="_8bBKB4U0Ee6BKsDnQj9IRA"/>
      <styles xmi:type="notation:FilteringStyle" xmi:id="_8bBKCIU0Ee6BKsDnQj9IRA"/>
    </children>
    <children xmi:type="notation:DecorationNode" xmi:id="_8bBKCYU0Ee6BKsDnQj9IRA" type="5009">
      <styles xmi:type="notation:DrawerStyle" xmi:id="_8bBKCoU0Ee6BKsDnQj9IRA"/>
    </children>
    <children xmi:type="notation:DecorationNode" xmi:id="_8bBKC4U0Ee6BKsDnQj9IRA" type="7005">
      <styles xmi:type="notation:SortingStyle" xmi:id="_8bBKDIU0Ee6BKsDnQj9IRA"/>
      <styles xmi:type="notation:FilteringStyle" xmi:id="_8bBKDYU0Ee6BKsDnQj9IRA"/>
    </children>
    <children xmi:type="notation:BasicCompartment" xmi:id="_8bBKDoU0Ee6BKsDnQj9IRA" type="7007"/>
    <element xmi:type="map:Datastore" href="resource.map#_8ax5cIU0Ee6BKsDnQj9IRA?fileId=_Sq2nEIUmEe6BKsDnQj9IRA$type=map?"/>
    <layoutConstraint xmi:type="notation:Bounds" xmi:id="_8bBKAYU0Ee6BKsDnQj9IRA" x="30" y="826"/>
  </children>
  <children xmi:type="notation:Shape" xmi:id="_vhkOgYU4Ee6BKsDnQj9IRA" type="2004" fontName="Segoe UI">
    <children xmi:type="notation:DecorationNode" xmi:id="_vhkOg4U4Ee6BKsDnQj9IRA" type="5005"/>
    <children xmi:type="notation:DecorationNode" xmi:id="_vhkOhIU4Ee6BKsDnQj9IRA" type="5007"/>
    <children xmi:type="notation:DecorationNode" xmi:id="_vhkOhYU4Ee6BKsDnQj9IRA" type="7003"/>
    <children xmi:type="notation:DecorationNode" xmi:id="_vhkOhoU4Ee6BKsDnQj9IRA" type="7009"/>
    <children xmi:type="notation:BasicCompartment" xmi:id="_vhkOh4U4Ee6BKsDnQj9IRA" type="7004">
      <styles xmi:type="notation:SortingStyle" xmi:id="_vhkOiIU4Ee6BKsDnQj9IRA"/>
      <styles xmi:type="notation:FilteringStyle" xmi:id="_vhkOiYU4Ee6BKsDnQj9IRA"/>
    </children>
    <children xmi:type="notation:DecorationNode" xmi:id="_vhkOioU4Ee6BKsDnQj9IRA" type="5009">
      <styles xmi:type="notation:DrawerStyle" xmi:id="_vhkOi4U4Ee6BKsDnQj9IRA"/>
    </children>
    <children xmi:type="notation:DecorationNode" xmi:id="_vhkOjIU4Ee6BKsDnQj9IRA" type="7005">
      <styles xmi:type="notation:SortingStyle" xmi:id="_vhkOjYU4Ee6BKsDnQj9IRA"/>
      <styles xmi:type="notation:FilteringStyle" xmi:id="_vhkOjoU4Ee6BKsDnQj9IRA"/>
    </children>
    <children xmi:type="notation:BasicCompartment" xmi:id="_vhkOj4U4Ee6BKsDnQj9IRA" type="7007"/>
    <element xmi:type="map:Datastore" href="resource.map#_vhL0AIU4Ee6BKsDnQj9IRA?fileId=_Sq2nEIUmEe6BKsDnQj9IRA$type=map?"/>
    <layoutConstraint xmi:type="notation:Bounds" xmi:id="_vhkOgoU4Ee6BKsDnQj9IRA" x="30" y="369"/>
  </children>
  <children xmi:type="notation:Shape" xmi:id="_6MTsMIUzEe6BKsDnQj9IRA" type="2004" fontName="Segoe UI">
    <children xmi:type="notation:DecorationNode" xmi:id="_6MTsMoUzEe6BKsDnQj9IRA" type="5005"/>
    <children xmi:type="notation:DecorationNode" xmi:id="_6MTsM4UzEe6BKsDnQj9IRA" type="5007"/>
    <children xmi:type="notation:DecorationNode" xmi:id="_6MTsNIUzEe6BKsDnQj9IRA" type="7003"/>
    <children xmi:type="notation:DecorationNode" xmi:id="_6MTsNYUzEe6BKsDnQj9IRA" type="7009"/>
    <children xmi:type="notation:BasicCompartment" xmi:id="_6MTsNoUzEe6BKsDnQj9IRA" type="7004">
      <styles xmi:type="notation:SortingStyle" xmi:id="_6MTsN4UzEe6BKsDnQj9IRA"/>
      <styles xmi:type="notation:FilteringStyle" xmi:id="_6MTsOIUzEe6BKsDnQj9IRA"/>
    </children>
    <children xmi:type="notation:DecorationNode" xmi:id="_6MTsOYUzEe6BKsDnQj9IRA" type="5009">
      <styles xmi:type="notation:DrawerStyle" xmi:id="_6MTsOoUzEe6BKsDnQj9IRA"/>
    </children>
    <children xmi:type="notation:DecorationNode" xmi:id="_6MTsO4UzEe6BKsDnQj9IRA" type="7005">
      <styles xmi:type="notation:SortingStyle" xmi:id="_6MTsPIUzEe6BKsDnQj9IRA"/>
      <styles xmi:type="notation:FilteringStyle" xmi:id="_6MTsPYUzEe6BKsDnQj9IRA"/>
    </children>
    <children xmi:type="notation:BasicCompartment" xmi:id="_6MTsPoUzEe6BKsDnQj9IRA" type="7007"/>
    <element xmi:type="map:Datastore" href="resource.map#_6MNlkIUzEe6BKsDnQj9IRA?fileId=_Sq2nEIUmEe6BKsDnQj9IRA$type=map?"/>
    <layoutConstraint xmi:type="notation:Bounds" xmi:id="_6MTsMYUzEe6BKsDnQj9IRA" x="30" y="30"/>
  </children>
  <children xmi:type="notation:Shape" xmi:id="_tqo7YIUzEe6BKsDnQj9IRA" type="2004" fontName="Segoe UI">
    <children xmi:type="notation:DecorationNode" xmi:id="_tqo7YoUzEe6BKsDnQj9IRA" type="5005"/>
    <children xmi:type="notation:DecorationNode" xmi:id="_tqo7Y4UzEe6BKsDnQj9IRA" type="5007"/>
    <children xmi:type="notation:DecorationNode" xmi:id="_tqo7ZIUzEe6BKsDnQj9IRA" type="7003"/>
    <children xmi:type="notation:DecorationNode" xmi:id="_tqo7ZYUzEe6BKsDnQj9IRA" type="7009"/>
    <children xmi:type="notation:BasicCompartment" xmi:id="_tqo7ZoUzEe6BKsDnQj9IRA" type="7004">
      <styles xmi:type="notation:SortingStyle" xmi:id="_tqo7Z4UzEe6BKsDnQj9IRA"/>
      <styles xmi:type="notation:FilteringStyle" xmi:id="_tqo7aIUzEe6BKsDnQj9IRA"/>
    </children>
    <children xmi:type="notation:DecorationNode" xmi:id="_tqo7aYUzEe6BKsDnQj9IRA" type="5009">
      <styles xmi:type="notation:DrawerStyle" xmi:id="_tqo7aoUzEe6BKsDnQj9IRA"/>
    </children>
    <children xmi:type="notation:DecorationNode" xmi:id="_tqo7a4UzEe6BKsDnQj9IRA" type="7005">
      <styles xmi:type="notation:SortingStyle" xmi:id="_tqo7bIUzEe6BKsDnQj9IRA"/>
      <styles xmi:type="notation:FilteringStyle" xmi:id="_tqo7bYUzEe6BKsDnQj9IRA"/>
    </children>
    <children xmi:type="notation:BasicCompartment" xmi:id="_tqo7boUzEe6BKsDnQj9IRA" type="7007"/>
    <element xmi:type="map:Datastore" href="resource.map#_tqZDwIUzEe6BKsDnQj9IRA?fileId=_Sq2nEIUmEe6BKsDnQj9IRA$type=map?"/>
    <layoutConstraint xmi:type="notation:Bounds" xmi:id="_tqo7YYUzEe6BKsDnQj9IRA" x="350" y="347" height="305"/>
  </children>
  <styles xmi:type="notation:DiagramStyle" xmi:id="_SuhmIYUmEe6BKsDnQj9IRA"/>
  <element xmi:type="map:Map" href="resource.map#_Sq2nEIUmEe6BKsDnQj9IRA?fileId=_Sq2nEIUmEe6BKsDnQj9IRA$type=map$name=SAS%20Compte?"/>
  <edges xmi:type="notation:Edge" xmi:id="_D2D0tYU0Ee6BKsDnQj9IRA" type="joinLink" source="_D2D0sIU0Ee6BKsDnQj9IRA" target="_6MTsMIUzEe6BKsDnQj9IRA">
    <element xsi:nil="true"/>
    <bendpoints xmi:type="notation:RelativeBendpoints" xmi:id="_D2D0toU0Ee6BKsDnQj9IRA" points="[0, 0, 723, -361]$[64, 248, 787, -113]"/>
    <sourceAnchor xmi:type="notation:IdentityAnchor" xmi:id="_JZwT1pW8Ee6KJ9B1NiSMNg" id="(1.0,0.5)"/>
    <targetAnchor xmi:type="notation:IdentityAnchor" xmi:id="_JZwT15W8Ee6KJ9B1NiSMNg" id="(1.0,0.2831541218637993)"/>
  </edges>
  <edges xmi:type="notation:Edge" xmi:id="_IJPhIIU0Ee6BKsDnQj9IRA" type="targetLink" source="_tqo7YIUzEe6BKsDnQj9IRA" target="_6MTsMIUzEe6BKsDnQj9IRA">
    <element xsi:nil="true"/>
    <bendpoints xmi:type="notation:RelativeBendpoints" xmi:id="_IJPhIYU0Ee6BKsDnQj9IRA" points="[0, 0, 156, 196]$[-61, -196, 95, 0]$[-156, -196, 0, 0]"/>
    <sourceAnchor xmi:type="notation:IdentityAnchor" xmi:id="_JZwT2JW8Ee6KJ9B1NiSMNg" id="(0.0,0.06557377049180328)"/>
    <targetAnchor xmi:type="notation:IdentityAnchor" xmi:id="_JZwT2ZW8Ee6KJ9B1NiSMNg" id="(1.0,0.5053763440860215)"/>
  </edges>
  <edges xmi:type="notation:Edge" xmi:id="_IJQIMoU0Ee6BKsDnQj9IRA" type="targetSetLink" source="_tqo7YIUzEe6BKsDnQj9IRA" target="_tqo7YIUzEe6BKsDnQj9IRA">
    <element xmi:type="map:SetDescriptor" href="resource.map#_II_CcIU0Ee6BKsDnQj9IRA?fileId=_Sq2nEIUmEe6BKsDnQj9IRA$type=map?"/>
    <bendpoints xmi:type="notation:RelativeBendpoints" xmi:id="_IJQIM4U0Ee6BKsDnQj9IRA" points="[0, 0, 0, 0]$[0, 0, 0, 0]"/>
  </edges>
  <edges xmi:type="notation:Edge" xmi:id="_VVzpFYU0Ee6BKsDnQj9IRA" type="joinLink" source="_VVzpEIU0Ee6BKsDnQj9IRA" target="_eUOLAIUzEe6BKsDnQj9IRA">
    <element xsi:nil="true"/>
    <bendpoints xmi:type="notation:RelativeBendpoints" xmi:id="_VVzpFoU0Ee6BKsDnQj9IRA" points="[17, -4, 283, -41]$[77, 85, 343, 48]"/>
    <sourceAnchor xmi:type="notation:IdentityAnchor" xmi:id="_JZwTypW8Ee6KJ9B1NiSMNg" id="(1.0,0.32)"/>
    <targetAnchor xmi:type="notation:IdentityAnchor" xmi:id="_JZwTy5W8Ee6KJ9B1NiSMNg" id="(1.0,0.21839080459770116)"/>
  </edges>
  <edges xmi:type="notation:Edge" xmi:id="_VVzpF4U0Ee6BKsDnQj9IRA" type="joinLink" source="_VVzpEIU0Ee6BKsDnQj9IRA" target="_6MTsMIUzEe6BKsDnQj9IRA">
    <element xsi:nil="true"/>
    <bendpoints xmi:type="notation:RelativeBendpoints" xmi:id="_VVzpGIU0Ee6BKsDnQj9IRA" points="[17, 4, 727, -154]$[77, 95, 787, -63]"/>
    <sourceAnchor xmi:type="notation:IdentityAnchor" xmi:id="_JZwTzJW8Ee6KJ9B1NiSMNg" id="(1.0,0.64)"/>
    <targetAnchor xmi:type="notation:IdentityAnchor" xmi:id="_JZwTzZW8Ee6KJ9B1NiSMNg" id="(1.0,0.7777777777777778)"/>
  </edges>
  <edges xmi:type="notation:Edge" xmi:id="_gCcx9YU0Ee6BKsDnQj9IRA" type="joinLink" source="_gCcx8IU0Ee6BKsDnQj9IRA" target="_eUOLAIUzEe6BKsDnQj9IRA">
    <element xsi:nil="true"/>
    <bendpoints xmi:type="notation:RelativeBendpoints" xmi:id="_gCcx9oU0Ee6BKsDnQj9IRA" points="[0, 0, 279, 167]$[64, 0, 343, 167]"/>
    <sourceAnchor xmi:type="notation:IdentityAnchor" xmi:id="_JZwT1JW8Ee6KJ9B1NiSMNg" id="(1.0,0.5)"/>
    <targetAnchor xmi:type="notation:IdentityAnchor" xmi:id="_JZwT1ZW8Ee6KJ9B1NiSMNg" id="(1.0,0.4482758620689655)"/>
  </edges>
  <edges xmi:type="notation:Edge" xmi:id="_ilsx0IU0Ee6BKsDnQj9IRA" type="targetLink" source="_tqo7YIUzEe6BKsDnQj9IRA" target="_eUOLAIUzEe6BKsDnQj9IRA">
    <element xsi:nil="true"/>
    <bendpoints xmi:type="notation:RelativeBendpoints" xmi:id="_ilsx0YU0Ee6BKsDnQj9IRA" points="[0, 0, 173, 0]$[-173, 0, 0, 0]"/>
    <sourceAnchor xmi:type="notation:IdentityAnchor" xmi:id="_JZwT2pW8Ee6KJ9B1NiSMNg" id="(0.0,0.7475409836065574)"/>
    <targetAnchor xmi:type="notation:IdentityAnchor" xmi:id="_JZwT25W8Ee6KJ9B1NiSMNg" id="(1.0,0.6781609195402298)"/>
  </edges>
  <edges xmi:type="notation:Edge" xmi:id="_xgNpVYU0Ee6BKsDnQj9IRA" type="joinLink" source="_xgNpUIU0Ee6BKsDnQj9IRA" target="_6MTsMIUzEe6BKsDnQj9IRA">
    <element xsi:nil="true"/>
    <bendpoints xmi:type="notation:RelativeBendpoints" xmi:id="_xgNpVoU0Ee6BKsDnQj9IRA" points="[17, 0, 727, -42]$[77, 0, 787, -42]"/>
    <sourceAnchor xmi:type="notation:IdentityAnchor" xmi:id="_JZwT0JW8Ee6KJ9B1NiSMNg" id="(1.0,0.48)"/>
    <targetAnchor xmi:type="notation:IdentityAnchor" xmi:id="_JZwT0ZW8Ee6KJ9B1NiSMNg" id="(1.0,0.8530465949820788)"/>
  </edges>
  <edges xmi:type="notation:Edge" xmi:id="_xgNpV4U0Ee6BKsDnQj9IRA" type="joinLink" source="_xgNpUIU0Ee6BKsDnQj9IRA" target="_vaGRYIU0Ee6BKsDnQj9IRA">
    <element xsi:nil="true"/>
    <bendpoints xmi:type="notation:RelativeBendpoints" xmi:id="_xgNpWIU0Ee6BKsDnQj9IRA" points="[17, 0, 149, -101]$[77, 0, 209, -101]"/>
    <sourceAnchor xmi:type="notation:IdentityAnchor" xmi:id="_JZwT0pW8Ee6KJ9B1NiSMNg" id="(1.0,0.48)"/>
    <targetAnchor xmi:type="notation:IdentityAnchor" xmi:id="_JZwT05W8Ee6KJ9B1NiSMNg" id="(1.0,0.2413793103448276)"/>
  </edges>
  <edges xmi:type="notation:Edge" xmi:id="_ykVYxYU0Ee6BKsDnQj9IRA" type="joinLink" source="_ykVYwIU0Ee6BKsDnQj9IRA" target="_vaGRYIU0Ee6BKsDnQj9IRA">
    <element xsi:nil="true"/>
    <bendpoints xmi:type="notation:RelativeBendpoints" xmi:id="_ykVYxoU0Ee6BKsDnQj9IRA" points="[0, 0, 145, 193]$[64, -114, 209, 79]"/>
    <sourceAnchor xmi:type="notation:IdentityAnchor" xmi:id="_JZwTzpW8Ee6KJ9B1NiSMNg" id="(1.0,0.5)"/>
    <targetAnchor xmi:type="notation:IdentityAnchor" xmi:id="_JZwTz5W8Ee6KJ9B1NiSMNg" id="(1.0,0.4942528735632184)"/>
  </edges>
  <edges xmi:type="notation:Edge" xmi:id="_495i4IU0Ee6BKsDnQj9IRA" type="targetLink" source="_tqo7YIUzEe6BKsDnQj9IRA" target="_vaGRYIU0Ee6BKsDnQj9IRA">
    <element xsi:nil="true"/>
    <bendpoints xmi:type="notation:RelativeBendpoints" xmi:id="_495i4YU0Ee6BKsDnQj9IRA" points="[0, 0, 181, -125]$[-61, 162, 120, 37]$[-94, 162, 87, 37]$[-181, 125, 0, 0]"/>
    <sourceAnchor xmi:type="notation:IdentityAnchor" xmi:id="_JZwT3JW8Ee6KJ9B1NiSMNg" id="(0.0,0.8918032786885246)"/>
    <targetAnchor xmi:type="notation:IdentityAnchor" xmi:id="_JZwT3ZW8Ee6KJ9B1NiSMNg" id="(1.0,0.7471264367816092)"/>
  </edges>
  <edges xmi:type="notation:Edge" xmi:id="_AE9sNYU1Ee6BKsDnQj9IRA" type="joinLink" source="_AE9sMIU1Ee6BKsDnQj9IRA" target="_6MTsMIUzEe6BKsDnQj9IRA">
    <element xsi:nil="true"/>
    <bendpoints xmi:type="notation:RelativeBendpoints" xmi:id="_AE9sNoU1Ee6BKsDnQj9IRA" points="[17, 0, 727, 164]$[77, -48, 787, 116]"/>
    <sourceAnchor xmi:type="notation:IdentityAnchor" xmi:id="_JZwTxpW8Ee6KJ9B1NiSMNg" id="(1.0,0.48)"/>
    <targetAnchor xmi:type="notation:IdentityAnchor" xmi:id="_JZwTx5W8Ee6KJ9B1NiSMNg" id="(1.0,0.9247311827956989)"/>
  </edges>
  <edges xmi:type="notation:Edge" xmi:id="_AE9sN4U1Ee6BKsDnQj9IRA" type="joinLink" source="_AE9sMIU1Ee6BKsDnQj9IRA" target="_8bBKAIU0Ee6BKsDnQj9IRA">
    <element xsi:nil="true"/>
    <bendpoints xmi:type="notation:RelativeBendpoints" xmi:id="_AE9sOIU1Ee6BKsDnQj9IRA" points="[17, 0, 221, -27]$[77, -37, 281, -64]"/>
    <sourceAnchor xmi:type="notation:IdentityAnchor" xmi:id="_JZwTyJW8Ee6KJ9B1NiSMNg" id="(1.0,0.48)"/>
    <targetAnchor xmi:type="notation:IdentityAnchor" xmi:id="_JZwTyZW8Ee6KJ9B1NiSMNg" id="(1.0,0.09195402298850575)"/>
  </edges>
  <edges xmi:type="notation:Edge" xmi:id="_BPry5YU1Ee6BKsDnQj9IRA" type="joinLink" source="_BPry4IU1Ee6BKsDnQj9IRA" target="_8bBKAIU0Ee6BKsDnQj9IRA">
    <element xsi:nil="true"/>
    <bendpoints xmi:type="notation:RelativeBendpoints" xmi:id="_BPry5oU1Ee6BKsDnQj9IRA" points="[0, 0, 217, 182]$[64, -213, 281, -31]"/>
    <sourceAnchor xmi:type="notation:IdentityAnchor" xmi:id="_JZwTxJW8Ee6KJ9B1NiSMNg" id="(1.0,0.5)"/>
    <targetAnchor xmi:type="notation:IdentityAnchor" xmi:id="_JZwTxZW8Ee6KJ9B1NiSMNg" id="(1.0,0.19540229885057472)"/>
  </edges>
  <edges xmi:type="notation:Edge" xmi:id="_D-8OcIU1Ee6BKsDnQj9IRA" type="targetLink" source="_tqo7YIUzEe6BKsDnQj9IRA" target="_8bBKAIU0Ee6BKsDnQj9IRA">
    <element xsi:nil="true"/>
    <bendpoints xmi:type="notation:RelativeBendpoints" xmi:id="_D-8OcYU1Ee6BKsDnQj9IRA" points="[0, 0, 165, -261]$[-61, 261, 104, 0]$[-165, 261, 0, 0]"/>
    <sourceAnchor xmi:type="notation:IdentityAnchor" xmi:id="_JZwT3pW8Ee6KJ9B1NiSMNg" id="(0.0,0.9639344262295082)"/>
    <targetAnchor xmi:type="notation:IdentityAnchor" xmi:id="_JZwT35W8Ee6KJ9B1NiSMNg" id="(1.0,0.8735632183908046)"/>
  </edges>
  <edges xmi:type="notation:Edge" xmi:id="_pydBgIU2Ee6BKsDnQj9IRA" type="targetDataSetLink" source="_tqo7YIUzEe6BKsDnQj9IRA" target="_tqo7YIUzEe6BKsDnQj9IRA">
    <element xmi:type="map:DataSet" href="resource.map#_pyT3kIU2Ee6BKsDnQj9IRA?fileId=_Sq2nEIUmEe6BKsDnQj9IRA$type=map?"/>
    <bendpoints xmi:type="notation:RelativeBendpoints" xmi:id="_pydBgYU2Ee6BKsDnQj9IRA" points="[0, 0, 0, 0]$[0, 0, 0, 0]"/>
  </edges>
  <edges xmi:type="notation:Edge" xmi:id="_vhqVIIU4Ee6BKsDnQj9IRA" type="targetLink" source="_tqo7YIUzEe6BKsDnQj9IRA" target="_vhkOgYU4Ee6BKsDnQj9IRA">
    <element xsi:nil="true"/>
    <bendpoints xmi:type="notation:RelativeBendpoints" xmi:id="_vhqVIYU4Ee6BKsDnQj9IRA" points="[0, 0, 154, -10]$[-61, -46, 93, -56]$[-94, -46, 60, -56]$[-154, 10, 0, 0]"/>
    <sourceAnchor xmi:type="notation:IdentityAnchor" xmi:id="_JZwT4JW8Ee6KJ9B1NiSMNg" id="(0.0,0.22950819672131148)"/>
    <targetAnchor xmi:type="notation:IdentityAnchor" xmi:id="_JZwT4ZW8Ee6KJ9B1NiSMNg" id="(1.0,0.6666666666666666)"/>
  </edges>
  <edges xmi:type="notation:Edge" xmi:id="_28YaRYU4Ee6BKsDnQj9IRA" type="joinLink" source="_28YaQIU4Ee6BKsDnQj9IRA" target="_vhkOgYU4Ee6BKsDnQj9IRA">
    <element xsi:nil="true"/>
    <bendpoints xmi:type="notation:RelativeBendpoints" xmi:id="_28YaRoU4Ee6BKsDnQj9IRA" points="[17, 4, 90, -554]$[77, 160, 150, -398]"/>
    <sourceAnchor xmi:type="notation:IdentityAnchor" xmi:id="_JZwTwpW8Ee6KJ9B1NiSMNg" id="(1.0,0.64)"/>
    <targetAnchor xmi:type="notation:IdentityAnchor" xmi:id="_JZwTw5W8Ee6KJ9B1NiSMNg" id="(1.0,0.3333333333333333)"/>
  </edges>
  <edges xmi:type="notation:Edge" xmi:id="_28YaR4U4Ee6BKsDnQj9IRA" type="joinLink" source="_28YaQIU4Ee6BKsDnQj9IRA" target="_6MTsMIUzEe6BKsDnQj9IRA">
    <element xsi:nil="true"/>
    <bendpoints xmi:type="notation:RelativeBendpoints" xmi:id="_28YaSIU4Ee6BKsDnQj9IRA" points="[17, -4, 727, -247]$[77, 150, 787, -93]"/>
    <sourceAnchor xmi:type="notation:IdentityAnchor" xmi:id="_JZwTwJW8Ee6KJ9B1NiSMNg" id="(1.0,0.32)"/>
    <targetAnchor xmi:type="notation:IdentityAnchor" xmi:id="_JZwTwZW8Ee6KJ9B1NiSMNg" id="(1.0,0.7060931899641577)"/>
  </edges>
</notation:Diagram>
]]></diagram>
</map:map>