<?xml version="1.0" encoding="UTF-8"?>
<map:map xmlns:map="http://www.indy.com/v2/map" id="_Sq2nEIUmEe6BKsDnQj9IRA" internalVersion="8" tech="resource.tech#_waYSMH8VEd2__Mzb_dB76A?fileId=_waYSMH8VEd2__Mzb_dB76A$type=tech$name=flow?">
  <datastore id="_tqZDwIUzEe6BKsDnQj9IRA" alias="SAS_COMPTE" control="false" dataset="_J9At0JXoEe6SOL3_RBRvvg" ref="resource.md#_jua8pJAlEe69cu6-bNESsg?fileId=_CHAaQIUmEe6BKsDnQj9IRA$type=md$name=SAS_COMPTE?" subExpression="[A]">
    <field id="_tqZDxoUzEe6BKsDnQj9IRA" enable="true" insert="true" name="ID_FICHIER" ref="resource.md#_jzfp7JAlEe69cu6-bNESsg?fileId=_CHAaQIUmEe6BKsDnQj9IRA$type=md$name=ID_FICHIER?" update="true">
      <expression id="_II_CcYU0Ee6BKsDnQj9IRA" setDescriptorRef="_II_CcIU0Ee6BKsDnQj9IRA">
        <expression>SOURCE.ID_FICHIER</expression>
      </expression>
    </field>
    <field id="_tqZDwoUzEe6BKsDnQj9IRA" enable="true" insert="true" name="CLE_COMPTE" ref="resource.md#_jzZjQJAlEe69cu6-bNESsg?fileId=_CHAaQIUmEe6BKsDnQj9IRA$type=md$name=CLE_COMPTE?" update="true" updateKey="true">
      <expression id="_II_CcoU0Ee6BKsDnQj9IRA" setDescriptorRef="_II_CcIU0Ee6BKsDnQj9IRA">
        <expression>SAS_FILESRC.F3</expression>
      </expression>
    </field>
    <field id="_tqZDx4UzEe6BKsDnQj9IRA" enable="true" insert="true" name="DATE_IMPORT" ref="resource.md#_jzfp8ZAlEe69cu6-bNESsg?fileId=_CHAaQIUmEe6BKsDnQj9IRA$type=md$name=DATE_IMPORT?" update="true">
      <expression id="_II_pgIU0Ee6BKsDnQj9IRA" setDescriptorRef="_II_CcIU0Ee6BKsDnQj9IRA">
        <expression>SAS_FILESRC.DATE_IMPORT</expression>
      </expression>
    </field>
    <field id="_tqZDxIUzEe6BKsDnQj9IRA" enable="true" insert="true" name="TYPE" ref="resource.md#_jzfp4JAlEe69cu6-bNESsg?fileId=_CHAaQIUmEe6BKsDnQj9IRA$type=md$name=TYPE?" update="true">
      <expression id="_II_pgYU0Ee6BKsDnQj9IRA" location="WRK" setDescriptorRef="_II_CcIU0Ee6BKsDnQj9IRA">
        <expression>nvl(TRANSCO_type.LIBELLE,'inconnu')</expression>
      </expression>
    </field>
    <field id="_tqZDw4UzEe6BKsDnQj9IRA" enable="true" insert="true" name="STATUS" ref="resource.md#_jzZjRpAlEe69cu6-bNESsg?fileId=_CHAaQIUmEe6BKsDnQj9IRA$type=md$name=STATUS?" update="true">
      <expression id="_II_pgoU0Ee6BKsDnQj9IRA" setDescriptorRef="_II_CcIU0Ee6BKsDnQj9IRA">
        <expression>TRANSCO_statut.LIBELLE</expression>
      </expression>
    </field>
    <field id="_tqZDxYUzEe6BKsDnQj9IRA" enable="true" insert="true" name="CABINET_RATTACHEMENT" ref="resource.md#_jzfp5pAlEe69cu6-bNESsg?fileId=_CHAaQIUmEe6BKsDnQj9IRA$type=md$name=CABINET_RATTACHEMENT?" update="true">
      <expression id="_II_pg4U0Ee6BKsDnQj9IRA" setDescriptorRef="_II_CcIU0Ee6BKsDnQj9IRA">
        <expression>TRANSCO_lieu.LIBELLE</expression>
      </expression>
    </field>
    <field id="_1MwGYJWkEe6KJ9B1NiSMNg" enable="true" insert="true" name="ACT" ref="resource.md#_0kIAQ5WkEe6KJ9B1NiSMNg?fileId=_CHAaQIUmEe6BKsDnQj9IRA$type=md$name=ACT?" update="true">
      <expression id="_1MwGYZWkEe6KJ9B1NiSMNg" setDescriptorRef="_II_CcIU0Ee6BKsDnQj9IRA">
        <expression>SAS_FILESRC.F2</expression>
      </expression>
    </field>
    <constraint id="_PHyIcJAoEe69cu6-bNESsg" name="PK_CLE_COMPTE" ref="resource.md#_jzfp95AlEe69cu6-bNESsg?fileId=_CHAaQIUmEe6BKsDnQj9IRA$type=md$name=PK_CLE_COMPTE?" reject="true"/>
    <constraint id="_Y1jHoJWhEe6KJ9B1NiSMNg" name="Type_ligne" ref="resource.md#_HYwoAZWeEe6KJ9B1NiSMNg?fileId=_CHAaQIUmEe6BKsDnQj9IRA$type=md$name=Type_ligne?" reject="true"/>
    <constraint id="_Y1jHoZWhEe6KJ9B1NiSMNg" name="Status" ref="resource.md#_ANOHAZWhEe6KJ9B1NiSMNg?fileId=_CHAaQIUmEe6BKsDnQj9IRA$type=md$name=Status?" reject="true"/>
    <constraint id="_x12KEJWmEe6KJ9B1NiSMNg" name="Action" ref="resource.md#_pxR2sZWmEe6KJ9B1NiSMNg?fileId=_CHAaQIUmEe6BKsDnQj9IRA$type=md$name=Action?" reject="true"/>
    <setDescriptor id="_II_CcIU0Ee6BKsDnQj9IRA" label="A"/>
  </datastore>
  <datastore id="_6MNlkIUzEe6BKsDnQj9IRA" alias="SAS_FILESRC" dataset="_J9At0ZXoEe6SOL3_RBRvvg" ref="resource.md#_j44gNJAlEe69cu6-bNESsg?fileId=_CHAaQIUmEe6BKsDnQj9IRA$type=md$name=SAS_FILESRC?" subExpression="">
    <field id="_6MNll4UzEe6BKsDnQj9IRA" enable="true" fullAlias="F5" name="F5" ref="resource.md#_j8QkbpAlEe69cu6-bNESsg?fileId=_CHAaQIUmEe6BKsDnQj9IRA$type=md$name=F5?"/>
    <field id="_6MNlnIUzEe6BKsDnQj9IRA" enable="true" name="F10" ref="resource.md#_j8QkjJAlEe69cu6-bNESsg?fileId=_CHAaQIUmEe6BKsDnQj9IRA$type=md$name=F10?"/>
    <field id="_6MNllIUzEe6BKsDnQj9IRA" enable="true" fullAlias="F2" name="F2" ref="resource.md#_j8QkXJAlEe69cu6-bNESsg?fileId=_CHAaQIUmEe6BKsDnQj9IRA$type=md$name=F2?"/>
    <field id="_6MNlmoUzEe6BKsDnQj9IRA" enable="true" name="F8" ref="resource.md#_j8QkgJAlEe69cu6-bNESsg?fileId=_CHAaQIUmEe6BKsDnQj9IRA$type=md$name=F8?"/>
    <field id="_6MNlm4UzEe6BKsDnQj9IRA" enable="true" name="F9" ref="resource.md#_j8QkhpAlEe69cu6-bNESsg?fileId=_CHAaQIUmEe6BKsDnQj9IRA$type=md$name=F9?"/>
    <field id="_6MNlloUzEe6BKsDnQj9IRA" enable="true" fullAlias="F4" name="F4" ref="resource.md#_j8QkaJAlEe69cu6-bNESsg?fileId=_CHAaQIUmEe6BKsDnQj9IRA$type=md$name=F4?"/>
    <field id="_6MNlnoUzEe6BKsDnQj9IRA" enable="true" name="F12" ref="resource.md#_j8QkmJAlEe69cu6-bNESsg?fileId=_CHAaQIUmEe6BKsDnQj9IRA$type=md$name=F12?"/>
    <field id="_6MNllYUzEe6BKsDnQj9IRA" enable="true" fullAlias="F3" name="F3" ref="resource.md#_j8QkYpAlEe69cu6-bNESsg?fileId=_CHAaQIUmEe6BKsDnQj9IRA$type=md$name=F3?"/>
    <field id="_6MNlmIUzEe6BKsDnQj9IRA" enable="true" fullAlias="F6" name="F6" ref="resource.md#_j8QkdJAlEe69cu6-bNESsg?fileId=_CHAaQIUmEe6BKsDnQj9IRA$type=md$name=F6?"/>
    <field id="_6MNlmYUzEe6BKsDnQj9IRA" enable="true" name="F7" ref="resource.md#_j8QkepAlEe69cu6-bNESsg?fileId=_CHAaQIUmEe6BKsDnQj9IRA$type=md$name=F7?"/>
    <field id="_6MNln4UzEe6BKsDnQj9IRA" enable="true" name="F13" ref="resource.md#_j8QknpAlEe69cu6-bNESsg?fileId=_CHAaQIUmEe6BKsDnQj9IRA$type=md$name=F13?"/>
    <field id="_6MNlkoUzEe6BKsDnQj9IRA" enable="true" fullAlias="FILE_NOM" name="FILE_NOM" ref="resource.md#_j8QkUJAlEe69cu6-bNESsg?fileId=_CHAaQIUmEe6BKsDnQj9IRA$type=md$name=FILE_NOM?"/>
    <field id="_6MNlk4UzEe6BKsDnQj9IRA" enable="true" fullAlias="F1" name="F1" ref="resource.md#_j8QkVpAlEe69cu6-bNESsg?fileId=_CHAaQIUmEe6BKsDnQj9IRA$type=md$name=F1?"/>
    <field id="_6MNlnYUzEe6BKsDnQj9IRA" enable="true" name="F11" ref="resource.md#_j8QkkpAlEe69cu6-bNESsg?fileId=_CHAaQIUmEe6BKsDnQj9IRA$type=md$name=F11?"/>
    <field id="_JStmMIq8Ee6eAd0POgdy0A" fullAlias="DATE_IMPORT" name="DATE_IMPORT" ref="resource.md#_j8QkpJAlEe69cu6-bNESsg?fileId=_CHAaQIUmEe6BKsDnQj9IRA$type=md$name=DATE_IMPORT?"/>
  </datastore>
  <datastore id="_uefGsJXoEe6SOL3_RBRvvg" alias="SOURCE" dataset="_J9At0ZXoEe6SOL3_RBRvvg" ref="resource.md#_jo7_sZAlEe69cu6-bNESsg?fileId=_CHAaQIUmEe6BKsDnQj9IRA$type=md$name=SOURCE?">
    <field id="_uehi8JXoEe6SOL3_RBRvvg" fullAlias="NOM_FICHIER" name="NOM_FICHIER" ref="resource.md#_juUO9ZAlEe69cu6-bNESsg?fileId=_CHAaQIUmEe6BKsDnQj9IRA$type=md$name=NOM_FICHIER?"/>
    <field id="_uehi8ZXoEe6SOL3_RBRvvg" name="DATE_IMPORT" ref="resource.md#_juUO-5AlEe69cu6-bNESsg?fileId=_CHAaQIUmEe6BKsDnQj9IRA$type=md$name=DATE_IMPORT?"/>
    <field id="_ueg74ZXoEe6SOL3_RBRvvg" fullAlias="ID_FICHIER" name="ID_FICHIER" ref="resource.md#_juUO8JAlEe69cu6-bNESsg?fileId=_CHAaQIUmEe6BKsDnQj9IRA$type=md$name=ID_FICHIER?" updateKey="true"/>
    <constraint id="_uehi8pXoEe6SOL3_RBRvvg" name="PK_ID_FICHIER" ref="resource.md#_jua8oJAlEe69cu6-bNESsg?fileId=_CHAaQIUmEe6BKsDnQj9IRA$type=md$name=PK_ID_FICHIER?" reject="true"/>
  </datastore>
  <datastore id="_yMJEMJXoEe6SOL3_RBRvvg" alias="TRANSCO_statut" dataset="_J9At0ZXoEe6SOL3_RBRvvg" ref="resource.md#_jlWgP5AlEe69cu6-bNESsg?fileId=_CHAaQIUmEe6BKsDnQj9IRA$type=md$name=TRANSCO?">
    <field id="_yMMHgJXoEe6SOL3_RBRvvg" fullAlias="CODE" name="CODE" ref="resource.md#_jo15FpAlEe69cu6-bNESsg?fileId=_CHAaQIUmEe6BKsDnQj9IRA$type=md$name=CODE?"/>
    <field id="_yMLgcZXoEe6SOL3_RBRvvg" fullAlias="TYPE" name="TYPE" ref="resource.md#_jo15EJAlEe69cu6-bNESsg?fileId=_CHAaQIUmEe6BKsDnQj9IRA$type=md$name=TYPE?"/>
    <field id="_yMMHgZXoEe6SOL3_RBRvvg" fullAlias="LIBELLE" name="LIBELLE" ref="resource.md#_jo15HJAlEe69cu6-bNESsg?fileId=_CHAaQIUmEe6BKsDnQj9IRA$type=md$name=LIBELLE?"/>
  </datastore>
  <datastore id="_3_KLsJXoEe6SOL3_RBRvvg" alias="TRANSCO_type" dataset="_J9At0ZXoEe6SOL3_RBRvvg" ref="resource.md#_jlWgP5AlEe69cu6-bNESsg?fileId=_CHAaQIUmEe6BKsDnQj9IRA$type=md$name=TRANSCO?">
    <field id="_3_KywpXoEe6SOL3_RBRvvg" fullAlias="CODE" name="CODE" ref="resource.md#_jo15FpAlEe69cu6-bNESsg?fileId=_CHAaQIUmEe6BKsDnQj9IRA$type=md$name=CODE?"/>
    <field id="_3_KywZXoEe6SOL3_RBRvvg" fullAlias="TYPE" name="TYPE" ref="resource.md#_jo15EJAlEe69cu6-bNESsg?fileId=_CHAaQIUmEe6BKsDnQj9IRA$type=md$name=TYPE?"/>
    <field id="_3_Kyw5XoEe6SOL3_RBRvvg" fullAlias="LIBELLE" name="LIBELLE" ref="resource.md#_jo15HJAlEe69cu6-bNESsg?fileId=_CHAaQIUmEe6BKsDnQj9IRA$type=md$name=LIBELLE?"/>
  </datastore>
  <datastore id="_-UShwJXoEe6SOL3_RBRvvg" alias="TRANSCO_lieu" dataset="_J9At0ZXoEe6SOL3_RBRvvg" ref="resource.md#_jlWgP5AlEe69cu6-bNESsg?fileId=_CHAaQIUmEe6BKsDnQj9IRA$type=md$name=TRANSCO?">
    <field id="_-UTI0pXoEe6SOL3_RBRvvg" fullAlias="CODE" name="CODE" ref="resource.md#_jo15FpAlEe69cu6-bNESsg?fileId=_CHAaQIUmEe6BKsDnQj9IRA$type=md$name=CODE?"/>
    <field id="_-UTI0ZXoEe6SOL3_RBRvvg" fullAlias="TYPE" name="TYPE" ref="resource.md#_jo15EJAlEe69cu6-bNESsg?fileId=_CHAaQIUmEe6BKsDnQj9IRA$type=md$name=TYPE?"/>
    <field id="_-UTI05XoEe6SOL3_RBRvvg" fullAlias="LIBELLE" name="LIBELLE" ref="resource.md#_jo15HJAlEe69cu6-bNESsg?fileId=_CHAaQIUmEe6BKsDnQj9IRA$type=md$name=LIBELLE?"/>
  </datastore>
  <join id="_vJCfkJXoEe6SOL3_RBRvvg" location="SRC" left="_uefGsJXoEe6SOL3_RBRvvg" order="10" right="_6MNlkIUzEe6BKsDnQj9IRA">
    <expression>SOURCE.NOM_FICHIER = SAS_FILESRC.FILE_NOM</expression>
  </join>
  <join id="_z5U-wJXoEe6SOL3_RBRvvg" location="SRC" joinType="Inner_Join" left="_6MNlkIUzEe6BKsDnQj9IRA" order="30" right="_yMJEMJXoEe6SOL3_RBRvvg">
    <expression>SAS_FILESRC.F4 = TRANSCO_statut.CODE</expression>
  </join>
  <join id="_6YbwMJXoEe6SOL3_RBRvvg" location="SRC" joinType="Left_Join" left="_6MNlkIUzEe6BKsDnQj9IRA" order="50" right="_3_KLsJXoEe6SOL3_RBRvvg">
    <expression>SAS_FILESRC.F5 = TRANSCO_type.CODE and TRANSCO_type.TYPE = 'TYPE_COMPTE'</expression>
  </join>
  <join id="_A6w0wJXpEe6SOL3_RBRvvg" location="SRC" joinType="Inner_Join" left="_6MNlkIUzEe6BKsDnQj9IRA" order="70" right="_-UShwJXoEe6SOL3_RBRvvg">
    <expression>SAS_FILESRC.F6 = TRANSCO_lieu.CODE</expression>
  </join>
  <filter id="_D1z9EIU0Ee6BKsDnQj9IRA" location="SRC">
    <expression>SAS_FILESRC.F1 = '100'</expression>
  </filter>
  <filter id="_0Tz7UJXoEe6SOL3_RBRvvg" location="SRC">
    <expression>TRANSCO_statut.TYPE = 'STATUS'</expression>
  </filter>
  <filter id="_BnjCQJXpEe6SOL3_RBRvvg" location="SRC">
    <expression>TRANSCO_lieu.TYPE = 'CABINET_RATTACHEMENT'</expression>
  </filter>
  <template id="_Ot0JQJAoEe69cu6-bNESsg" name="I_SAS_COMPTE" process="resource.proc#_jkWgEFEJEeO7Vo9WeM2sCg?fileId=_jkWgEFEJEeO7Vo9WeM2sCg$type=proc$name=INTEGRATION%20Oracle?" targetId="_tqZDwIUzEe6BKsDnQj9IRA">
    <parameter id="_2oTDQJXkEe6SOL3_RBRvvg" name="truncateTargetTable" value="true"/>
  </template>
  <dataSet id="_J9At0JXoEe6SOL3_RBRvvg">
    <container>_tqZDwIUzEe6BKsDnQj9IRA</container>
  </dataSet>
  <dataSet id="_J9At0ZXoEe6SOL3_RBRvvg">
    <container>_6MNlkIUzEe6BKsDnQj9IRA</container>
    <container>_uefGsJXoEe6SOL3_RBRvvg</container>
    <container>_yMJEMJXoEe6SOL3_RBRvvg</container>
    <container>_3_KLsJXoEe6SOL3_RBRvvg</container>
    <container>_-UShwJXoEe6SOL3_RBRvvg</container>
  </dataSet>
  <hint>
    <usedField>#_6MNll4UzEe6BKsDnQj9IRA</usedField>
    <usedField>#_6MNllIUzEe6BKsDnQj9IRA</usedField>
    <usedField>#_6MNlloUzEe6BKsDnQj9IRA</usedField>
    <usedField>#_6MNllYUzEe6BKsDnQj9IRA</usedField>
    <usedField>#_6MNlmIUzEe6BKsDnQj9IRA</usedField>
    <usedField>#_6MNlkoUzEe6BKsDnQj9IRA</usedField>
    <usedField>#_6MNlk4UzEe6BKsDnQj9IRA</usedField>
    <usedField>#_JStmMIq8Ee6eAd0POgdy0A</usedField>
    <usedField>#_uehi8JXoEe6SOL3_RBRvvg</usedField>
    <usedField>#_ueg74ZXoEe6SOL3_RBRvvg</usedField>
    <usedField>#_yMMHgJXoEe6SOL3_RBRvvg</usedField>
    <usedField>#_yMLgcZXoEe6SOL3_RBRvvg</usedField>
    <usedField>#_yMMHgZXoEe6SOL3_RBRvvg</usedField>
    <usedField>#_3_KywpXoEe6SOL3_RBRvvg</usedField>
    <usedField>#_3_KywZXoEe6SOL3_RBRvvg</usedField>
    <usedField>#_3_Kyw5XoEe6SOL3_RBRvvg</usedField>
    <usedField>#_-UTI0pXoEe6SOL3_RBRvvg</usedField>
    <usedField>#_-UTI0ZXoEe6SOL3_RBRvvg</usedField>
    <usedField>#_-UTI05XoEe6SOL3_RBRvvg</usedField>
  </hint>
  <diagram><![CDATA[<?xml version="1.0" encoding="UTF-8"?>
<notation:Diagram xmi:version="2.0" xmlns:xmi="http://www.omg.org/XMI" xmlns:xsi="http://www.w3.org/2001/XMLSchema-instance" xmlns:map="http://www.indy.com/v2/map" xmlns:notation="http://www.eclipse.org/gmf/runtime/1.0.1/notation" xsi:schemaLocation="http://www.eclipse.org/gmf/runtime/1.0.1/notation " xmi:id="_SuhmIIUmEe6BKsDnQj9IRA" type="Map" measurementUnit="Pixel">
  <children xmi:type="notation:Node" xmi:id="_D2D0sIU0Ee6BKsDnQj9IRA" type="2002">
    <styles xmi:type="notation:DescriptionStyle" xmi:id="_D2D0sYU0Ee6BKsDnQj9IRA"/>
    <styles xmi:type="notation:FontStyle" xmi:id="_D2D0soU0Ee6BKsDnQj9IRA" fontName="Segoe UI"/>
    <styles xmi:type="notation:FillStyle" xmi:id="_D2D0s4U0Ee6BKsDnQj9IRA"/>
    <element xmi:type="map:Filter" href="resource.map#_D1z9EIU0Ee6BKsDnQj9IRA?fileId=_Sq2nEIUmEe6BKsDnQj9IRA$type=map?"/>
    <layoutConstraint xmi:type="notation:Bounds" xmi:id="_D2D0tIU0Ee6BKsDnQj9IRA" x="256" y="94"/>
  </children>
  <children xmi:type="notation:Shape" xmi:id="_6MTsMIUzEe6BKsDnQj9IRA" type="2004" fontName="Segoe UI">
    <children xmi:type="notation:DecorationNode" xmi:id="_6MTsMoUzEe6BKsDnQj9IRA" type="5005"/>
    <children xmi:type="notation:DecorationNode" xmi:id="_6MTsM4UzEe6BKsDnQj9IRA" type="5007"/>
    <children xmi:type="notation:DecorationNode" xmi:id="_6MTsNIUzEe6BKsDnQj9IRA" type="7003"/>
    <children xmi:type="notation:DecorationNode" xmi:id="_6MTsNYUzEe6BKsDnQj9IRA" type="7009"/>
    <children xmi:type="notation:BasicCompartment" xmi:id="_6MTsNoUzEe6BKsDnQj9IRA" type="7004">
      <styles xmi:type="notation:SortingStyle" xmi:id="_6MTsN4UzEe6BKsDnQj9IRA"/>
      <styles xmi:type="notation:FilteringStyle" xmi:id="_6MTsOIUzEe6BKsDnQj9IRA"/>
    </children>
    <children xmi:type="notation:DecorationNode" xmi:id="_6MTsOYUzEe6BKsDnQj9IRA" type="5009">
      <styles xmi:type="notation:DrawerStyle" xmi:id="_6MTsOoUzEe6BKsDnQj9IRA"/>
    </children>
    <children xmi:type="notation:DecorationNode" xmi:id="_6MTsO4UzEe6BKsDnQj9IRA" type="7005">
      <styles xmi:type="notation:SortingStyle" xmi:id="_6MTsPIUzEe6BKsDnQj9IRA"/>
      <styles xmi:type="notation:FilteringStyle" xmi:id="_6MTsPYUzEe6BKsDnQj9IRA"/>
    </children>
    <children xmi:type="notation:BasicCompartment" xmi:id="_6MTsPoUzEe6BKsDnQj9IRA" type="7007"/>
    <element xmi:type="map:Datastore" href="resource.map#_6MNlkIUzEe6BKsDnQj9IRA?fileId=_Sq2nEIUmEe6BKsDnQj9IRA$type=map?"/>
    <layoutConstraint xmi:type="notation:Bounds" xmi:id="_6MTsMYUzEe6BKsDnQj9IRA" x="30" y="30"/>
  </children>
  <children xmi:type="notation:Shape" xmi:id="_tqo7YIUzEe6BKsDnQj9IRA" type="2004" fontName="Segoe UI">
    <children xmi:type="notation:DecorationNode" xmi:id="_tqo7YoUzEe6BKsDnQj9IRA" type="5005"/>
    <children xmi:type="notation:DecorationNode" xmi:id="_tqo7Y4UzEe6BKsDnQj9IRA" type="5007"/>
    <children xmi:type="notation:DecorationNode" xmi:id="_tqo7ZIUzEe6BKsDnQj9IRA" type="7003"/>
    <children xmi:type="notation:DecorationNode" xmi:id="_tqo7ZYUzEe6BKsDnQj9IRA" type="7009"/>
    <children xmi:type="notation:BasicCompartment" xmi:id="_tqo7ZoUzEe6BKsDnQj9IRA" type="7004">
      <styles xmi:type="notation:SortingStyle" xmi:id="_tqo7Z4UzEe6BKsDnQj9IRA"/>
      <styles xmi:type="notation:FilteringStyle" xmi:id="_tqo7aIUzEe6BKsDnQj9IRA"/>
    </children>
    <children xmi:type="notation:DecorationNode" xmi:id="_tqo7aYUzEe6BKsDnQj9IRA" type="5009">
      <styles xmi:type="notation:DrawerStyle" xmi:id="_tqo7aoUzEe6BKsDnQj9IRA"/>
    </children>
    <children xmi:type="notation:DecorationNode" xmi:id="_tqo7a4UzEe6BKsDnQj9IRA" type="7005">
      <styles xmi:type="notation:SortingStyle" xmi:id="_tqo7bIUzEe6BKsDnQj9IRA"/>
      <styles xmi:type="notation:FilteringStyle" xmi:id="_tqo7bYUzEe6BKsDnQj9IRA"/>
    </children>
    <children xmi:type="notation:BasicCompartment" xmi:id="_tqo7boUzEe6BKsDnQj9IRA" type="7007"/>
    <element xmi:type="map:Datastore" href="resource.map#_tqZDwIUzEe6BKsDnQj9IRA?fileId=_Sq2nEIUmEe6BKsDnQj9IRA$type=map?"/>
    <layoutConstraint xmi:type="notation:Bounds" xmi:id="_tqo7YYUzEe6BKsDnQj9IRA" x="1027" y="164" height="305"/>
  </children>
  <children xmi:type="notation:Shape" xmi:id="_uenpkJXoEe6SOL3_RBRvvg" type="2004" fontName="Segoe UI">
    <children xmi:type="notation:DecorationNode" xmi:id="_ueoQoJXoEe6SOL3_RBRvvg" type="5005"/>
    <children xmi:type="notation:DecorationNode" xmi:id="_ueoQoZXoEe6SOL3_RBRvvg" type="5007"/>
    <children xmi:type="notation:DecorationNode" xmi:id="_ueoQopXoEe6SOL3_RBRvvg" type="7003"/>
    <children xmi:type="notation:DecorationNode" xmi:id="_ueoQo5XoEe6SOL3_RBRvvg" type="7009"/>
    <children xmi:type="notation:BasicCompartment" xmi:id="_ueoQpJXoEe6SOL3_RBRvvg" type="7004">
      <styles xmi:type="notation:SortingStyle" xmi:id="_ueoQpZXoEe6SOL3_RBRvvg"/>
      <styles xmi:type="notation:FilteringStyle" xmi:id="_ueoQppXoEe6SOL3_RBRvvg"/>
    </children>
    <children xmi:type="notation:DecorationNode" xmi:id="_ueoQp5XoEe6SOL3_RBRvvg" type="5009">
      <styles xmi:type="notation:DrawerStyle" xmi:id="_ueoQqJXoEe6SOL3_RBRvvg"/>
    </children>
    <children xmi:type="notation:DecorationNode" xmi:id="_ueoQqZXoEe6SOL3_RBRvvg" type="7005">
      <styles xmi:type="notation:SortingStyle" xmi:id="_ueoQqpXoEe6SOL3_RBRvvg"/>
      <styles xmi:type="notation:FilteringStyle" xmi:id="_ueoQq5XoEe6SOL3_RBRvvg"/>
    </children>
    <children xmi:type="notation:BasicCompartment" xmi:id="_ueoQrJXoEe6SOL3_RBRvvg" type="7007"/>
    <element xmi:type="map:Datastore" href="resource.map#_uefGsJXoEe6SOL3_RBRvvg?fileId=_Sq2nEIUmEe6BKsDnQj9IRA$type=map?"/>
    <layoutConstraint xmi:type="notation:Bounds" xmi:id="_uenpkZXoEe6SOL3_RBRvvg" x="404" y="45"/>
  </children>
  <children xmi:type="notation:Node" xmi:id="_vK-ZQJXoEe6SOL3_RBRvvg" type="2005">
    <styles xmi:type="notation:DescriptionStyle" xmi:id="_vK-ZQZXoEe6SOL3_RBRvvg"/>
    <styles xmi:type="notation:FontStyle" xmi:id="_vK-ZQpXoEe6SOL3_RBRvvg" fontName="Segoe UI"/>
    <styles xmi:type="notation:FillStyle" xmi:id="_vK-ZQ5XoEe6SOL3_RBRvvg"/>
    <element xmi:type="map:Join" href="resource.map#_vJCfkJXoEe6SOL3_RBRvvg?fileId=_Sq2nEIUmEe6BKsDnQj9IRA$type=map?"/>
    <layoutConstraint xmi:type="notation:Bounds" xmi:id="_vK-ZRJXoEe6SOL3_RBRvvg" x="382" y="204"/>
  </children>
  <children xmi:type="notation:Shape" xmi:id="_yMUDUJXoEe6SOL3_RBRvvg" type="2004" fontName="Segoe UI">
    <children xmi:type="notation:DecorationNode" xmi:id="_yMUDUpXoEe6SOL3_RBRvvg" type="5005"/>
    <children xmi:type="notation:DecorationNode" xmi:id="_yMUDU5XoEe6SOL3_RBRvvg" type="5007"/>
    <children xmi:type="notation:DecorationNode" xmi:id="_yMUDVJXoEe6SOL3_RBRvvg" type="7003"/>
    <children xmi:type="notation:DecorationNode" xmi:id="_yMUDVZXoEe6SOL3_RBRvvg" type="7009"/>
    <children xmi:type="notation:BasicCompartment" xmi:id="_yMUDVpXoEe6SOL3_RBRvvg" type="7004">
      <styles xmi:type="notation:SortingStyle" xmi:id="_yMUDV5XoEe6SOL3_RBRvvg"/>
      <styles xmi:type="notation:FilteringStyle" xmi:id="_yMUDWJXoEe6SOL3_RBRvvg"/>
    </children>
    <children xmi:type="notation:DecorationNode" xmi:id="_yMUDWZXoEe6SOL3_RBRvvg" type="5009">
      <styles xmi:type="notation:DrawerStyle" xmi:id="_yMUDWpXoEe6SOL3_RBRvvg"/>
    </children>
    <children xmi:type="notation:DecorationNode" xmi:id="_yMUDW5XoEe6SOL3_RBRvvg" type="7005">
      <styles xmi:type="notation:SortingStyle" xmi:id="_yMUDXJXoEe6SOL3_RBRvvg"/>
      <styles xmi:type="notation:FilteringStyle" xmi:id="_yMUDXZXoEe6SOL3_RBRvvg"/>
    </children>
    <children xmi:type="notation:BasicCompartment" xmi:id="_yMUDXpXoEe6SOL3_RBRvvg" type="7007"/>
    <element xmi:type="map:Datastore" href="resource.map#_yMJEMJXoEe6SOL3_RBRvvg?fileId=_Sq2nEIUmEe6BKsDnQj9IRA$type=map?"/>
    <layoutConstraint xmi:type="notation:Bounds" xmi:id="_yMUDUZXoEe6SOL3_RBRvvg" x="376" y="366"/>
  </children>
  <children xmi:type="notation:Node" xmi:id="_z5hMAJXoEe6SOL3_RBRvvg" type="2005">
    <styles xmi:type="notation:DescriptionStyle" xmi:id="_z5hMAZXoEe6SOL3_RBRvvg"/>
    <styles xmi:type="notation:FontStyle" xmi:id="_z5hMApXoEe6SOL3_RBRvvg" fontName="Segoe UI"/>
    <styles xmi:type="notation:FillStyle" xmi:id="_z5hMA5XoEe6SOL3_RBRvvg"/>
    <element xmi:type="map:Join" href="resource.map#_z5U-wJXoEe6SOL3_RBRvvg?fileId=_Sq2nEIUmEe6BKsDnQj9IRA$type=map?"/>
    <layoutConstraint xmi:type="notation:Bounds" xmi:id="_z5hMBJXoEe6SOL3_RBRvvg" x="285" y="260"/>
  </children>
  <children xmi:type="notation:Node" xmi:id="_0UAIkJXoEe6SOL3_RBRvvg" type="2002">
    <styles xmi:type="notation:DescriptionStyle" xmi:id="_0UAIkZXoEe6SOL3_RBRvvg"/>
    <styles xmi:type="notation:FontStyle" xmi:id="_0UAIkpXoEe6SOL3_RBRvvg" fontName="Segoe UI"/>
    <styles xmi:type="notation:FillStyle" xmi:id="_0UAIk5XoEe6SOL3_RBRvvg"/>
    <element xmi:type="map:Filter" href="resource.map#_0Tz7UJXoEe6SOL3_RBRvvg?fileId=_Sq2nEIUmEe6BKsDnQj9IRA$type=map?"/>
    <layoutConstraint xmi:type="notation:Bounds" xmi:id="_0UAIlJXoEe6SOL3_RBRvvg" x="579" y="452"/>
  </children>
  <children xmi:type="notation:Node" xmi:id="_6Y2m8JXoEe6SOL3_RBRvvg" type="2005">
    <styles xmi:type="notation:DescriptionStyle" xmi:id="_6Y2m8ZXoEe6SOL3_RBRvvg"/>
    <styles xmi:type="notation:FontStyle" xmi:id="_6Y2m8pXoEe6SOL3_RBRvvg" fontName="Segoe UI"/>
    <styles xmi:type="notation:FillStyle" xmi:id="_6Y2m85XoEe6SOL3_RBRvvg"/>
    <element xmi:type="map:Join" href="resource.map#_6YbwMJXoEe6SOL3_RBRvvg?fileId=_Sq2nEIUmEe6BKsDnQj9IRA$type=map?"/>
    <layoutConstraint xmi:type="notation:Bounds" xmi:id="_6Y2m9JXoEe6SOL3_RBRvvg" x="241" y="353"/>
  </children>
  <children xmi:type="notation:Shape" xmi:id="_3_dtsJXoEe6SOL3_RBRvvg" type="2004" fontName="Segoe UI">
    <children xmi:type="notation:DecorationNode" xmi:id="_3_eUwJXoEe6SOL3_RBRvvg" type="5005"/>
    <children xmi:type="notation:DecorationNode" xmi:id="_3_eUwZXoEe6SOL3_RBRvvg" type="5007"/>
    <children xmi:type="notation:DecorationNode" xmi:id="_3_eUwpXoEe6SOL3_RBRvvg" type="7003"/>
    <children xmi:type="notation:DecorationNode" xmi:id="_3_eUw5XoEe6SOL3_RBRvvg" type="7009"/>
    <children xmi:type="notation:BasicCompartment" xmi:id="_3_eUxJXoEe6SOL3_RBRvvg" type="7004">
      <styles xmi:type="notation:SortingStyle" xmi:id="_3_eUxZXoEe6SOL3_RBRvvg"/>
      <styles xmi:type="notation:FilteringStyle" xmi:id="_3_eUxpXoEe6SOL3_RBRvvg"/>
    </children>
    <children xmi:type="notation:DecorationNode" xmi:id="_3_eUx5XoEe6SOL3_RBRvvg" type="5009">
      <styles xmi:type="notation:DrawerStyle" xmi:id="_3_eUyJXoEe6SOL3_RBRvvg"/>
    </children>
    <children xmi:type="notation:DecorationNode" xmi:id="_3_eUyZXoEe6SOL3_RBRvvg" type="7005">
      <styles xmi:type="notation:SortingStyle" xmi:id="_3_eUypXoEe6SOL3_RBRvvg"/>
      <styles xmi:type="notation:FilteringStyle" xmi:id="_3_eUy5XoEe6SOL3_RBRvvg"/>
    </children>
    <children xmi:type="notation:BasicCompartment" xmi:id="_3_eUzJXoEe6SOL3_RBRvvg" type="7007"/>
    <element xmi:type="map:Datastore" href="resource.map#_3_KLsJXoEe6SOL3_RBRvvg?fileId=_Sq2nEIUmEe6BKsDnQj9IRA$type=map?"/>
    <layoutConstraint xmi:type="notation:Bounds" xmi:id="_3_dtsZXoEe6SOL3_RBRvvg" x="210" y="405"/>
  </children>
  <children xmi:type="notation:Shape" xmi:id="_-UpuIJXoEe6SOL3_RBRvvg" type="2004" fontName="Segoe UI">
    <children xmi:type="notation:DecorationNode" xmi:id="_-UpuIpXoEe6SOL3_RBRvvg" type="5005"/>
    <children xmi:type="notation:DecorationNode" xmi:id="_-UpuI5XoEe6SOL3_RBRvvg" type="5007"/>
    <children xmi:type="notation:DecorationNode" xmi:id="_-UpuJJXoEe6SOL3_RBRvvg" type="7003"/>
    <children xmi:type="notation:DecorationNode" xmi:id="_-UpuJZXoEe6SOL3_RBRvvg" type="7009"/>
    <children xmi:type="notation:BasicCompartment" xmi:id="_-UpuJpXoEe6SOL3_RBRvvg" type="7004">
      <styles xmi:type="notation:SortingStyle" xmi:id="_-UpuJ5XoEe6SOL3_RBRvvg"/>
      <styles xmi:type="notation:FilteringStyle" xmi:id="_-UpuKJXoEe6SOL3_RBRvvg"/>
    </children>
    <children xmi:type="notation:DecorationNode" xmi:id="_-UpuKZXoEe6SOL3_RBRvvg" type="5009">
      <styles xmi:type="notation:DrawerStyle" xmi:id="_-UpuKpXoEe6SOL3_RBRvvg"/>
    </children>
    <children xmi:type="notation:DecorationNode" xmi:id="_-UpuK5XoEe6SOL3_RBRvvg" type="7005">
      <styles xmi:type="notation:SortingStyle" xmi:id="_-UpuLJXoEe6SOL3_RBRvvg"/>
      <styles xmi:type="notation:FilteringStyle" xmi:id="_-UpuLZXoEe6SOL3_RBRvvg"/>
    </children>
    <children xmi:type="notation:BasicCompartment" xmi:id="_-UpuLpXoEe6SOL3_RBRvvg" type="7007"/>
    <element xmi:type="map:Datastore" href="resource.map#_-UShwJXoEe6SOL3_RBRvvg?fileId=_Sq2nEIUmEe6BKsDnQj9IRA$type=map?"/>
    <layoutConstraint xmi:type="notation:Bounds" xmi:id="_-UpuIZXoEe6SOL3_RBRvvg" x="38" y="442"/>
  </children>
  <children xmi:type="notation:Node" xmi:id="_A7IoMJXpEe6SOL3_RBRvvg" type="2005">
    <styles xmi:type="notation:DescriptionStyle" xmi:id="_A7IoMZXpEe6SOL3_RBRvvg"/>
    <styles xmi:type="notation:FontStyle" xmi:id="_A7IoMpXpEe6SOL3_RBRvvg" fontName="Segoe UI"/>
    <styles xmi:type="notation:FillStyle" xmi:id="_A7IoM5XpEe6SOL3_RBRvvg"/>
    <element xmi:type="map:Join" href="resource.map#_A6w0wJXpEe6SOL3_RBRvvg?fileId=_Sq2nEIUmEe6BKsDnQj9IRA$type=map?"/>
    <layoutConstraint xmi:type="notation:Bounds" xmi:id="_A7IoNJXpEe6SOL3_RBRvvg" x="30" y="330"/>
  </children>
  <children xmi:type="notation:Node" xmi:id="_Bn3LUJXpEe6SOL3_RBRvvg" type="2002">
    <styles xmi:type="notation:DescriptionStyle" xmi:id="_Bn3LUZXpEe6SOL3_RBRvvg"/>
    <styles xmi:type="notation:FontStyle" xmi:id="_Bn3LUpXpEe6SOL3_RBRvvg" fontName="Segoe UI"/>
    <styles xmi:type="notation:FillStyle" xmi:id="_Bn3LU5XpEe6SOL3_RBRvvg"/>
    <element xmi:type="map:Filter" href="resource.map#_BnjCQJXpEe6SOL3_RBRvvg?fileId=_Sq2nEIUmEe6BKsDnQj9IRA$type=map?"/>
    <layoutConstraint xmi:type="notation:Bounds" xmi:id="_Bn3LVJXpEe6SOL3_RBRvvg" x="261" y="530"/>
  </children>
  <styles xmi:type="notation:DiagramStyle" xmi:id="_SuhmIYUmEe6BKsDnQj9IRA"/>
  <element xmi:type="map:Map" href="resource.map#_Sq2nEIUmEe6BKsDnQj9IRA?fileId=_Sq2nEIUmEe6BKsDnQj9IRA$type=map$name=SAS%20Compte?"/>
  <edges xmi:type="notation:Edge" xmi:id="_D2D0tYU0Ee6BKsDnQj9IRA" type="joinLink" source="_D2D0sIU0Ee6BKsDnQj9IRA" target="_6MTsMIUzEe6BKsDnQj9IRA">
    <element xsi:nil="true"/>
    <bendpoints xmi:type="notation:RelativeBendpoints" xmi:id="_D2D0toU0Ee6BKsDnQj9IRA" points="[0, 0, 723, -361]$[64, 248, 787, -113]"/>
    <sourceAnchor xmi:type="notation:IdentityAnchor" xmi:id="_JZwT1pW8Ee6KJ9B1NiSMNg" id="(1.0,0.5)"/>
    <targetAnchor xmi:type="notation:IdentityAnchor" xmi:id="_JZwT15W8Ee6KJ9B1NiSMNg" id="(1.0,0.2831541218637993)"/>
  </edges>
  <edges xmi:type="notation:Edge" xmi:id="_IJPhIIU0Ee6BKsDnQj9IRA" type="targetLink" source="_tqo7YIUzEe6BKsDnQj9IRA" target="_6MTsMIUzEe6BKsDnQj9IRA">
    <element xsi:nil="true"/>
    <bendpoints xmi:type="notation:RelativeBendpoints" xmi:id="_IJPhIYU0Ee6BKsDnQj9IRA" points="[0, 0, 156, 196]$[-61, -196, 95, 0]$[-156, -196, 0, 0]"/>
    <sourceAnchor xmi:type="notation:IdentityAnchor" xmi:id="_JZwT2JW8Ee6KJ9B1NiSMNg" id="(0.0,0.06557377049180328)"/>
    <targetAnchor xmi:type="notation:IdentityAnchor" xmi:id="_JZwT2ZW8Ee6KJ9B1NiSMNg" id="(1.0,0.5053763440860215)"/>
  </edges>
  <edges xmi:type="notation:Edge" xmi:id="_IJQIMoU0Ee6BKsDnQj9IRA" type="targetSetLink" source="_tqo7YIUzEe6BKsDnQj9IRA" target="_tqo7YIUzEe6BKsDnQj9IRA">
    <element xmi:type="map:SetDescriptor" href="resource.map#_II_CcIU0Ee6BKsDnQj9IRA?fileId=_Sq2nEIUmEe6BKsDnQj9IRA$type=map?"/>
    <bendpoints xmi:type="notation:RelativeBendpoints" xmi:id="_IJQIM4U0Ee6BKsDnQj9IRA" points="[0, 0, 0, 0]$[0, 0, 0, 0]"/>
  </edges>
  <edges xmi:type="notation:Edge" xmi:id="_J9EYMJXoEe6SOL3_RBRvvg" type="targetDataSetLink" source="_tqo7YIUzEe6BKsDnQj9IRA" target="_tqo7YIUzEe6BKsDnQj9IRA">
    <element xmi:type="map:DataSet" href="resource.map#_J9At0ZXoEe6SOL3_RBRvvg?fileId=_Sq2nEIUmEe6BKsDnQj9IRA$type=map?"/>
    <bendpoints xmi:type="notation:RelativeBendpoints" xmi:id="_J9EYMZXoEe6SOL3_RBRvvg" points="[0, 0, 0, 0]$[0, 0, 0, 0]"/>
  </edges>
  <edges xmi:type="notation:Edge" xmi:id="_vK_AUJXoEe6SOL3_RBRvvg" type="joinLink" source="_vK-ZQJXoEe6SOL3_RBRvvg" target="_uenpkJXoEe6SOL3_RBRvvg">
    <element xsi:nil="true"/>
    <bendpoints xmi:type="notation:RelativeBendpoints" xmi:id="_vK_AUZXoEe6SOL3_RBRvvg" points="[-1, -1, -488, -89]$[404, 73, -83, -15]"/>
  </edges>
  <edges xmi:type="notation:Edge" xmi:id="_vK_nYJXoEe6SOL3_RBRvvg" type="joinLink" source="_vK-ZQJXoEe6SOL3_RBRvvg" target="_6MTsMIUzEe6BKsDnQj9IRA">
    <element xsi:nil="true"/>
    <bendpoints xmi:type="notation:RelativeBendpoints" xmi:id="_vK_nYZXoEe6SOL3_RBRvvg" points="[-1, -1, -113, -170]$[30, 45, -82, -124]"/>
  </edges>
  <edges xmi:type="notation:Edge" xmi:id="_w23TUJXoEe6SOL3_RBRvvg" type="targetLink" source="_tqo7YIUzEe6BKsDnQj9IRA" target="_uenpkJXoEe6SOL3_RBRvvg">
    <element xsi:nil="true"/>
    <bendpoints xmi:type="notation:RelativeBendpoints" xmi:id="_w23TUZXoEe6SOL3_RBRvvg" points="[-169, -54, 540, 174]$[-626, -201, 83, 27]"/>
  </edges>
  <edges xmi:type="notation:Edge" xmi:id="_z5iaIJXoEe6SOL3_RBRvvg" type="joinLink" source="_z5hMAJXoEe6SOL3_RBRvvg" target="_yMUDUJXoEe6SOL3_RBRvvg">
    <element xsi:nil="true"/>
    <bendpoints xmi:type="notation:RelativeBendpoints" xmi:id="_z5iaIZXoEe6SOL3_RBRvvg" points="[-1, -1, -442, -410]$[394, 366, -47, -43]"/>
  </edges>
  <edges xmi:type="notation:Edge" xmi:id="_z5iaIpXoEe6SOL3_RBRvvg" type="joinLink" source="_z5hMAJXoEe6SOL3_RBRvvg" target="_6MTsMIUzEe6BKsDnQj9IRA">
    <element xsi:nil="true"/>
    <bendpoints xmi:type="notation:RelativeBendpoints" xmi:id="_z5iaI5XoEe6SOL3_RBRvvg" points="[-1, -1, -113, -170]$[30, 45, -82, -124]"/>
  </edges>
  <edges xmi:type="notation:Edge" xmi:id="_6Y31EJXoEe6SOL3_RBRvvg" type="joinLink" source="_6Y2m8JXoEe6SOL3_RBRvvg" target="_6MTsMIUzEe6BKsDnQj9IRA">
    <element xsi:nil="true"/>
    <bendpoints xmi:type="notation:RelativeBendpoints" xmi:id="_6Y31EZXoEe6SOL3_RBRvvg" points="[-1, -1, -113, -170]$[30, 45, -82, -124]"/>
  </edges>
  <edges xmi:type="notation:Edge" xmi:id="_6Y4cIJXoEe6SOL3_RBRvvg" type="joinLink" source="_6Y2m8JXoEe6SOL3_RBRvvg" target="_3_dtsJXoEe6SOL3_RBRvvg">
    <element xsi:nil="true"/>
    <bendpoints xmi:type="notation:RelativeBendpoints" xmi:id="_6Y4cIZXoEe6SOL3_RBRvvg" points="[-1, -1, -278, -475]$[251, 431, -26, -43]"/>
  </edges>
  <edges xmi:type="notation:Edge" xmi:id="_A7J2UJXpEe6SOL3_RBRvvg" type="joinLink" source="_A7IoMJXpEe6SOL3_RBRvvg" target="_6MTsMIUzEe6BKsDnQj9IRA">
    <element xsi:nil="true"/>
    <bendpoints xmi:type="notation:RelativeBendpoints" xmi:id="_A7J2UZXpEe6SOL3_RBRvvg" points="[-1, -1, -113, -170]$[30, 45, -82, -124]"/>
  </edges>
  <edges xmi:type="notation:Edge" xmi:id="_A7J2UpXpEe6SOL3_RBRvvg" type="joinLink" source="_A7IoMJXpEe6SOL3_RBRvvg" target="_-UpuIJXoEe6SOL3_RBRvvg">
    <element xsi:nil="true"/>
    <bendpoints xmi:type="notation:RelativeBendpoints" xmi:id="_A7J2U5XpEe6SOL3_RBRvvg" points="[-1, -1, -92, -480]$[82, 436, -9, -43]"/>
  </edges>
  <edges xmi:type="notation:Edge" xmi:id="_Bn4ZcJXpEe6SOL3_RBRvvg" type="joinLink" source="_Bn3LUJXpEe6SOL3_RBRvvg" target="_-UpuIJXoEe6SOL3_RBRvvg">
    <element xsi:nil="true"/>
    <bendpoints xmi:type="notation:RelativeBendpoints" xmi:id="_Bn4ZcZXpEe6SOL3_RBRvvg" points="[0, 0, -105, -485]$[95, 442, -10, -43]"/>
  </edges>
  <edges xmi:type="notation:Edge" xmi:id="_ISU4MJXpEe6SOL3_RBRvvg" type="targetLink" source="_tqo7YIUzEe6BKsDnQj9IRA" target="_-UpuIJXoEe6SOL3_RBRvvg">
    <element xsi:nil="true"/>
    <bendpoints xmi:type="notation:RelativeBendpoints" xmi:id="_ISU4MZXpEe6SOL3_RBRvvg" points="[-169, 26, 922, -143]$[-1024, 159, 67, -10]"/>
  </edges>
  <edges xmi:type="notation:Edge" xmi:id="_Ny49wJXpEe6SOL3_RBRvvg" type="joinLink" source="_0UAIkJXoEe6SOL3_RBRvvg" target="_yMUDUJXoEe6SOL3_RBRvvg">
    <element xsi:nil="true"/>
    <bendpoints xmi:type="notation:RelativeBendpoints" xmi:id="_Ny49wZXpEe6SOL3_RBRvvg" points="[-15, -12, 579, 455]$[-594, -467, 0, 0]"/>
  </edges>
  <edges xmi:type="notation:Edge" xmi:id="_Ny6L4JXpEe6SOL3_RBRvvg" type="targetLink" source="_tqo7YIUzEe6BKsDnQj9IRA" target="_yMUDUJXoEe6SOL3_RBRvvg">
    <element xsi:nil="true"/>
    <bendpoints xmi:type="notation:RelativeBendpoints" xmi:id="_Ny6L4ZXpEe6SOL3_RBRvvg" points="[-190, -50, 1027, 266]$[-1217, -316, 0, 0]"/>
  </edges>
  <edges xmi:type="notation:Edge" xmi:id="_h1izwJXpEe6SOL3_RBRvvg" type="targetLink" source="_tqo7YIUzEe6BKsDnQj9IRA" target="_3_dtsJXoEe6SOL3_RBRvvg">
    <element xsi:nil="true"/>
    <bendpoints xmi:type="notation:RelativeBendpoints" xmi:id="_h1izwZXpEe6SOL3_RBRvvg" points="[-190, 27, 748, -105]$[-868, 122, 70, -10]"/>
  </edges>
</notation:Diagram>
]]></diagram>
</map:map>