<?xml version="1.0" encoding="UTF-8"?>
<map:map xmlns:map="http://www.indy.com/v2/map" id="_1taKYJAoEe69cu6-bNESsg" internalVersion="8" tech="resource.tech#_waYSMH8VEd2__Mzb_dB76A?fileId=_waYSMH8VEd2__Mzb_dB76A$type=tech$name=flow?">
  <datastore id="_2NbHMJAoEe69cu6-bNESsg" alias="SAS_FILESRC" dataset="_7jChCJAoEe69cu6-bNESsg" ref="resource.md#_j44gNJAlEe69cu6-bNESsg?fileId=_CHAaQIUmEe6BKsDnQj9IRA$type=md$name=SAS_FILESRC?">
    <field id="_2Nc8ZpAoEe69cu6-bNESsg" fullAlias="F6" name="F6" ref="resource.md#_j8QkdJAlEe69cu6-bNESsg?fileId=_CHAaQIUmEe6BKsDnQj9IRA$type=md$name=F6?"/>
    <field id="_2Nc8apAoEe69cu6-bNESsg" fullAlias="F10" name="F10" ref="resource.md#_j8QkjJAlEe69cu6-bNESsg?fileId=_CHAaQIUmEe6BKsDnQj9IRA$type=md$name=F10?"/>
    <field id="_2Nc8ZZAoEe69cu6-bNESsg" fullAlias="F5" name="F5" ref="resource.md#_j8QkbpAlEe69cu6-bNESsg?fileId=_CHAaQIUmEe6BKsDnQj9IRA$type=md$name=F5?"/>
    <field id="_2Nc8Z5AoEe69cu6-bNESsg" fullAlias="F7" name="F7" ref="resource.md#_j8QkepAlEe69cu6-bNESsg?fileId=_CHAaQIUmEe6BKsDnQj9IRA$type=md$name=F7?"/>
    <field id="_2Nc8aJAoEe69cu6-bNESsg" fullAlias="F8" name="F8" ref="resource.md#_j8QkgJAlEe69cu6-bNESsg?fileId=_CHAaQIUmEe6BKsDnQj9IRA$type=md$name=F8?"/>
    <field id="_2Nc8aZAoEe69cu6-bNESsg" fullAlias="F9" name="F9" ref="resource.md#_j8QkhpAlEe69cu6-bNESsg?fileId=_CHAaQIUmEe6BKsDnQj9IRA$type=md$name=F9?"/>
    <field id="_2Nc8YpAoEe69cu6-bNESsg" name="F2" ref="resource.md#_j8QkXJAlEe69cu6-bNESsg?fileId=_CHAaQIUmEe6BKsDnQj9IRA$type=md$name=F2?"/>
    <field id="_2Nc8YJAoEe69cu6-bNESsg" fullAlias="FILE_NOM" name="FILE_NOM" ref="resource.md#_j8QkUJAlEe69cu6-bNESsg?fileId=_CHAaQIUmEe6BKsDnQj9IRA$type=md$name=FILE_NOM?"/>
    <field id="_2Nc8bpAoEe69cu6-bNESsg" name="DATE_IMPORT" ref="resource.md#_j8QkpJAlEe69cu6-bNESsg?fileId=_CHAaQIUmEe6BKsDnQj9IRA$type=md$name=DATE_IMPORT?"/>
    <field id="_2Nc8ZJAoEe69cu6-bNESsg" fullAlias="F4" name="F4" ref="resource.md#_j8QkaJAlEe69cu6-bNESsg?fileId=_CHAaQIUmEe6BKsDnQj9IRA$type=md$name=F4?"/>
    <field id="_2Nc8bJAoEe69cu6-bNESsg" fullAlias="F12" name="F12" ref="resource.md#_j8QkmJAlEe69cu6-bNESsg?fileId=_CHAaQIUmEe6BKsDnQj9IRA$type=md$name=F12?"/>
    <field id="_2Nc8Y5AoEe69cu6-bNESsg" fullAlias="F3" name="F3" ref="resource.md#_j8QkYpAlEe69cu6-bNESsg?fileId=_CHAaQIUmEe6BKsDnQj9IRA$type=md$name=F3?"/>
    <field id="_2Nc8YZAoEe69cu6-bNESsg" fullAlias="F1" name="F1" ref="resource.md#_j8QkVpAlEe69cu6-bNESsg?fileId=_CHAaQIUmEe6BKsDnQj9IRA$type=md$name=F1?"/>
    <field id="_2Nc8a5AoEe69cu6-bNESsg" fullAlias="F11" name="F11" ref="resource.md#_j8QkkpAlEe69cu6-bNESsg?fileId=_CHAaQIUmEe6BKsDnQj9IRA$type=md$name=F11?"/>
    <field id="_2Nc8bZAoEe69cu6-bNESsg" fullAlias="F13" name="F13" ref="resource.md#_j8QknpAlEe69cu6-bNESsg?fileId=_CHAaQIUmEe6BKsDnQj9IRA$type=md$name=F13?"/>
  </datastore>
  <datastore id="_6C8AMJAoEe69cu6-bNESsg" alias="SAS_ADRESSE" dataset="_6DARoJAoEe69cu6-bNESsg" ref="resource.md#_uRfA0ZAnEe69cu6-bNESsg?fileId=_CHAaQIUmEe6BKsDnQj9IRA$type=md$name=SAS_ADRESSE?" subExpression="[A]">
    <field id="_6C8AOJAoEe69cu6-bNESsg" enable="true" insert="true" name="LIGNE_5" ref="resource.md#_uW1a4JAnEe69cu6-bNESsg?fileId=_CHAaQIUmEe6BKsDnQj9IRA$type=md$name=LIGNE_5?" update="true">
      <expression id="_6wiGAZAoEe69cu6-bNESsg" setDescriptorRef="_6wiGAJAoEe69cu6-bNESsg">
        <expression>SAS_FILESRC.F9</expression>
      </expression>
    </field>
    <field id="_6C8APJAoEe69cu6-bNESsg" enable="true" insert="true" name="QUALITE" ref="resource.md#_uW2B8JAnEe69cu6-bNESsg?fileId=_CHAaQIUmEe6BKsDnQj9IRA$type=md$name=QUALITE?" update="true">
      <expression id="_6wiGApAoEe69cu6-bNESsg" setDescriptorRef="_6wiGAJAoEe69cu6-bNESsg">
        <expression>TRANSCO_qualite.LIBELLE</expression>
      </expression>
    </field>
    <field id="_6C8AM5AoEe69cu6-bNESsg" enable="true" insert="true" name="STATUS" ref="resource.md#_uW0MxpAnEe69cu6-bNESsg?fileId=_CHAaQIUmEe6BKsDnQj9IRA$type=md$name=STATUS?" update="true">
      <expression id="_6wiGA5AoEe69cu6-bNESsg" setDescriptorRef="_6wiGAJAoEe69cu6-bNESsg">
        <expression>TRANSCO_status.LIBELLE</expression>
      </expression>
    </field>
    <field id="_6C8ANJAoEe69cu6-bNESsg" enable="true" insert="true" name="LIGNE_1" ref="resource.md#_uW0MzJAnEe69cu6-bNESsg?fileId=_CHAaQIUmEe6BKsDnQj9IRA$type=md$name=LIGNE_1?" update="true">
      <expression id="_6wiGBJAoEe69cu6-bNESsg" setDescriptorRef="_6wiGAJAoEe69cu6-bNESsg">
        <expression>SAS_FILESRC.F5</expression>
      </expression>
    </field>
    <field id="_6C8ANZAoEe69cu6-bNESsg" enable="true" insert="true" name="LIGNE_2" ref="resource.md#_uW0z0JAnEe69cu6-bNESsg?fileId=_CHAaQIUmEe6BKsDnQj9IRA$type=md$name=LIGNE_2?" update="true">
      <expression id="_6wiGBZAoEe69cu6-bNESsg" setDescriptorRef="_6wiGAJAoEe69cu6-bNESsg">
        <expression>SAS_FILESRC.F6</expression>
      </expression>
    </field>
    <field id="_6C8AN5AoEe69cu6-bNESsg" enable="true" insert="true" name="LIGNE_4" ref="resource.md#_uW0z3JAnEe69cu6-bNESsg?fileId=_CHAaQIUmEe6BKsDnQj9IRA$type=md$name=LIGNE_4?" update="true">
      <expression id="_6wiGBpAoEe69cu6-bNESsg" setDescriptorRef="_6wiGAJAoEe69cu6-bNESsg">
        <expression>SAS_FILESRC.F8</expression>
      </expression>
    </field>
    <field id="_6C8AO5AoEe69cu6-bNESsg" enable="true" insert="true" name="PAYS" ref="resource.md#_uW1a8pAnEe69cu6-bNESsg?fileId=_CHAaQIUmEe6BKsDnQj9IRA$type=md$name=PAYS?" update="true">
      <expression id="_6wiGB5AoEe69cu6-bNESsg" setDescriptorRef="_6wiGAJAoEe69cu6-bNESsg">
        <expression>TRANSCO_pays.LIBELLE</expression>
      </expression>
    </field>
    <field id="_6C8APpAoEe69cu6-bNESsg" enable="true" insert="true" name="DATE_IMPORT" ref="resource.md#_uW2B-5AnEe69cu6-bNESsg?fileId=_CHAaQIUmEe6BKsDnQj9IRA$type=md$name=DATE_IMPORT?" update="true">
      <expression id="_6wiGCJAoEe69cu6-bNESsg" setDescriptorRef="_6wiGAJAoEe69cu6-bNESsg">
        <expression>SOURCE.DATE_IMPORT</expression>
      </expression>
    </field>
    <field id="_6C8APZAoEe69cu6-bNESsg" enable="true" insert="true" name="ID_FICHIER" ref="resource.md#_uW2B9pAnEe69cu6-bNESsg?fileId=_CHAaQIUmEe6BKsDnQj9IRA$type=md$name=ID_FICHIER?" update="true">
      <expression id="_6wiGCZAoEe69cu6-bNESsg" setDescriptorRef="_6wiGAJAoEe69cu6-bNESsg">
        <expression>SOURCE.ID_FICHIER</expression>
      </expression>
    </field>
    <field id="_6C8AOZAoEe69cu6-bNESsg" enable="true" insert="true" name="VILLE" ref="resource.md#_uW1a5pAnEe69cu6-bNESsg?fileId=_CHAaQIUmEe6BKsDnQj9IRA$type=md$name=VILLE?" update="true">
      <expression id="_6wiGCpAoEe69cu6-bNESsg" setDescriptorRef="_6wiGAJAoEe69cu6-bNESsg">
        <expression>SAS_FILESRC.F10</expression>
      </expression>
    </field>
    <field id="_6C8AMpAoEe69cu6-bNESsg" enable="true" insert="true" name="CLE_CLIENT" ref="resource.md#_uW0MwJAnEe69cu6-bNESsg?fileId=_CHAaQIUmEe6BKsDnQj9IRA$type=md$name=CLE_CLIENT?" update="true" updateKey="true">
      <expression id="_6wiGC5AoEe69cu6-bNESsg" setDescriptorRef="_6wiGAJAoEe69cu6-bNESsg">
        <expression>SAS_FILESRC.F3</expression>
      </expression>
    </field>
    <field id="_6C8AOpAoEe69cu6-bNESsg" enable="true" insert="true" name="CODE_POSTAL" ref="resource.md#_uW1a7JAnEe69cu6-bNESsg?fileId=_CHAaQIUmEe6BKsDnQj9IRA$type=md$name=CODE_POSTAL?" update="true">
      <expression id="_6wiGDJAoEe69cu6-bNESsg" setDescriptorRef="_6wiGAJAoEe69cu6-bNESsg">
        <expression>SAS_FILESRC.F11</expression>
      </expression>
    </field>
    <field id="_6C8ANpAoEe69cu6-bNESsg" enable="true" insert="true" name="LIGNE_3" ref="resource.md#_uW0z1pAnEe69cu6-bNESsg?fileId=_CHAaQIUmEe6BKsDnQj9IRA$type=md$name=LIGNE_3?" update="true">
      <expression id="_6wiGDZAoEe69cu6-bNESsg" setDescriptorRef="_6wiGAJAoEe69cu6-bNESsg">
        <expression>SAS_FILESRC.F7</expression>
      </expression>
    </field>
    <constraint id="_6C8AP5AoEe69cu6-bNESsg" name="PK_CLE_CLIENT3" ref="resource.md#_uW66cJAnEe69cu6-bNESsg?fileId=_CHAaQIUmEe6BKsDnQj9IRA$type=md$name=PK_CLE_CLIENT3?" reject="true"/>
    <constraint id="_6C8AQJAoEe69cu6-bNESsg" name="FK_CLE_CLIENT3" ref="resource.md#_unj-gJAnEe69cu6-bNESsg?fileId=_CHAaQIUmEe6BKsDnQj9IRA$type=md$name=FK_CLE_CLIENT3?" reject="true"/>
    <constraint id="_6C8AQZAoEe69cu6-bNESsg" name="FK_ID_FICHIER3" ref="resource.md#_unjXcJAnEe69cu6-bNESsg?fileId=_CHAaQIUmEe6BKsDnQj9IRA$type=md$name=FK_ID_FICHIER3?" reject="true"/>
    <setDescriptor id="_6wiGAJAoEe69cu6-bNESsg" label="A"/>
  </datastore>
  <datastore id="_7jChAJAoEe69cu6-bNESsg" alias="TRANSCO_status" dataset="_7jChCJAoEe69cu6-bNESsg" ref="resource.md#_jlWgP5AlEe69cu6-bNESsg?fileId=_CHAaQIUmEe6BKsDnQj9IRA$type=md$name=TRANSCO?">
    <field id="_7jChA5AoEe69cu6-bNESsg" fullAlias="CODE" name="CODE" ref="resource.md#_jo15FpAlEe69cu6-bNESsg?fileId=_CHAaQIUmEe6BKsDnQj9IRA$type=md$name=CODE?"/>
    <field id="_7jChApAoEe69cu6-bNESsg" fullAlias="TYPE" name="TYPE" ref="resource.md#_jo15EJAlEe69cu6-bNESsg?fileId=_CHAaQIUmEe6BKsDnQj9IRA$type=md$name=TYPE?"/>
    <field id="_7jChBJAoEe69cu6-bNESsg" fullAlias="LIBELLE" name="LIBELLE" ref="resource.md#_jo15HJAlEe69cu6-bNESsg?fileId=_CHAaQIUmEe6BKsDnQj9IRA$type=md$name=LIBELLE?"/>
  </datastore>
  <datastore id="_OqwYwJApEe69cu6-bNESsg" alias="TRANSCO_pays" dataset="_7jChCJAoEe69cu6-bNESsg" ref="resource.md#_jlWgP5AlEe69cu6-bNESsg?fileId=_CHAaQIUmEe6BKsDnQj9IRA$type=md$name=TRANSCO?">
    <field id="_OqwYw5ApEe69cu6-bNESsg" fullAlias="CODE" name="CODE" ref="resource.md#_jo15FpAlEe69cu6-bNESsg?fileId=_CHAaQIUmEe6BKsDnQj9IRA$type=md$name=CODE?"/>
    <field id="_OqwYwpApEe69cu6-bNESsg" fullAlias="TYPE" name="TYPE" ref="resource.md#_jo15EJAlEe69cu6-bNESsg?fileId=_CHAaQIUmEe6BKsDnQj9IRA$type=md$name=TYPE?"/>
    <field id="_OqwYxJApEe69cu6-bNESsg" fullAlias="LIBELLE" name="LIBELLE" ref="resource.md#_jo15HJAlEe69cu6-bNESsg?fileId=_CHAaQIUmEe6BKsDnQj9IRA$type=md$name=LIBELLE?"/>
  </datastore>
  <datastore id="_TB_ewJApEe69cu6-bNESsg" alias="TRANSCO_qualite" dataset="_7jChCJAoEe69cu6-bNESsg" ref="resource.md#_jlWgP5AlEe69cu6-bNESsg?fileId=_CHAaQIUmEe6BKsDnQj9IRA$type=md$name=TRANSCO?">
    <field id="_TCBT8ZApEe69cu6-bNESsg" fullAlias="CODE" name="CODE" ref="resource.md#_jo15FpAlEe69cu6-bNESsg?fileId=_CHAaQIUmEe6BKsDnQj9IRA$type=md$name=CODE?"/>
    <field id="_TCBT8JApEe69cu6-bNESsg" fullAlias="TYPE" name="TYPE" ref="resource.md#_jo15EJAlEe69cu6-bNESsg?fileId=_CHAaQIUmEe6BKsDnQj9IRA$type=md$name=TYPE?"/>
    <field id="_TCBT8pApEe69cu6-bNESsg" fullAlias="LIBELLE" name="LIBELLE" ref="resource.md#_jo15HJAlEe69cu6-bNESsg?fileId=_CHAaQIUmEe6BKsDnQj9IRA$type=md$name=LIBELLE?"/>
  </datastore>
  <datastore id="_azpdMJApEe69cu6-bNESsg" alias="SOURCE" dataset="_7jChCJAoEe69cu6-bNESsg" ref="resource.md#_jo7_sZAlEe69cu6-bNESsg?fileId=_CHAaQIUmEe6BKsDnQj9IRA$type=md$name=SOURCE?">
    <field id="_azpdNJApEe69cu6-bNESsg" fullAlias="DATE_IMPORT" name="DATE_IMPORT" ref="resource.md#_juUO-5AlEe69cu6-bNESsg?fileId=_CHAaQIUmEe6BKsDnQj9IRA$type=md$name=DATE_IMPORT?"/>
    <field id="_azpdM5ApEe69cu6-bNESsg" fullAlias="NOM_FICHIER" name="NOM_FICHIER" ref="resource.md#_juUO9ZAlEe69cu6-bNESsg?fileId=_CHAaQIUmEe6BKsDnQj9IRA$type=md$name=NOM_FICHIER?"/>
    <field id="_azpdMpApEe69cu6-bNESsg" fullAlias="ID_FICHIER" name="ID_FICHIER" ref="resource.md#_juUO8JAlEe69cu6-bNESsg?fileId=_CHAaQIUmEe6BKsDnQj9IRA$type=md$name=ID_FICHIER?" updateKey="true"/>
    <constraint id="_azpdNZApEe69cu6-bNESsg" name="PK_ID_FICHIER" ref="resource.md#_jua8oJAlEe69cu6-bNESsg?fileId=_CHAaQIUmEe6BKsDnQj9IRA$type=md$name=PK_ID_FICHIER?" reject="true"/>
  </datastore>
  <join id="_9BuFgJAoEe69cu6-bNESsg" location="SRC" left="_2NbHMJAoEe69cu6-bNESsg" order="10" right="_7jChAJAoEe69cu6-bNESsg">
    <expression>SAS_FILESRC.F4 = TRANSCO_status.CODE</expression>
  </join>
  <join id="_Pz2HwJApEe69cu6-bNESsg" location="SRC" left="_2NbHMJAoEe69cu6-bNESsg" order="30" right="_OqwYwJApEe69cu6-bNESsg">
    <expression>SAS_FILESRC.F12 = TRANSCO_pays.CODE</expression>
  </join>
  <join id="_X4J8cJApEe69cu6-bNESsg" location="SRC" left="_2NbHMJAoEe69cu6-bNESsg" order="50" right="_TB_ewJApEe69cu6-bNESsg">
    <expression>SAS_FILESRC.F13 = TRANSCO_qualite.CODE</expression>
  </join>
  <join id="_b0RMsJApEe69cu6-bNESsg" location="SRC" left="_azpdMJApEe69cu6-bNESsg" order="70" right="_2NbHMJAoEe69cu6-bNESsg">
    <expression>SOURCE.NOM_FICHIER = SAS_FILESRC.FILE_NOM</expression>
  </join>
  <filter id="_2vX9sJAoEe69cu6-bNESsg" location="SRC">
    <expression>SAS_FILESRC.F1 = '204'</expression>
  </filter>
  <filter id="__vTtIJAoEe69cu6-bNESsg" location="SRC">
    <expression>TRANSCO_status.TYPE = 'STATUS'</expression>
  </filter>
  <filter id="_Qgbg8JApEe69cu6-bNESsg" location="SRC">
    <expression>TRANSCO_pays.TYPE = 'PAYS'</expression>
  </filter>
  <filter id="_YlmRQJApEe69cu6-bNESsg" location="SRC">
    <expression>TRANSCO_qualite.TYPE = 'QUALITE'</expression>
  </filter>
  <template id="_6wiGIZAoEe69cu6-bNESsg" name="I_SAS_ADRESSE" process="resource.proc#_jkWgEFEJEeO7Vo9WeM2sCg?fileId=_jkWgEFEJEeO7Vo9WeM2sCg$type=proc$name=INTEGRATION%20Oracle?" targetId="_6C8AMJAoEe69cu6-bNESsg"/>
  <dataSet id="_6DARoJAoEe69cu6-bNESsg">
    <container>_6C8AMJAoEe69cu6-bNESsg</container>
  </dataSet>
  <dataSet id="_7jChCJAoEe69cu6-bNESsg">
    <container>_7jChAJAoEe69cu6-bNESsg</container>
    <container>_2NbHMJAoEe69cu6-bNESsg</container>
    <container>_OqwYwJApEe69cu6-bNESsg</container>
    <container>_TB_ewJApEe69cu6-bNESsg</container>
    <container>_azpdMJApEe69cu6-bNESsg</container>
  </dataSet>
  <hint>
    <usedField>#_2Nc8ZpAoEe69cu6-bNESsg</usedField>
    <usedField>#_2Nc8apAoEe69cu6-bNESsg</usedField>
    <usedField>#_2Nc8ZZAoEe69cu6-bNESsg</usedField>
    <usedField>#_2Nc8Z5AoEe69cu6-bNESsg</usedField>
    <usedField>#_2Nc8aJAoEe69cu6-bNESsg</usedField>
    <usedField>#_2Nc8aZAoEe69cu6-bNESsg</usedField>
    <usedField>#_2Nc8YJAoEe69cu6-bNESsg</usedField>
    <usedField>#_2Nc8ZJAoEe69cu6-bNESsg</usedField>
    <usedField>#_2Nc8bJAoEe69cu6-bNESsg</usedField>
    <usedField>#_2Nc8Y5AoEe69cu6-bNESsg</usedField>
    <usedField>#_2Nc8YZAoEe69cu6-bNESsg</usedField>
    <usedField>#_2Nc8a5AoEe69cu6-bNESsg</usedField>
    <usedField>#_2Nc8bZAoEe69cu6-bNESsg</usedField>
    <usedField>#_7jChA5AoEe69cu6-bNESsg</usedField>
    <usedField>#_7jChApAoEe69cu6-bNESsg</usedField>
    <usedField>#_7jChBJAoEe69cu6-bNESsg</usedField>
    <usedField>#_OqwYw5ApEe69cu6-bNESsg</usedField>
    <usedField>#_OqwYwpApEe69cu6-bNESsg</usedField>
    <usedField>#_OqwYxJApEe69cu6-bNESsg</usedField>
    <usedField>#_TCBT8ZApEe69cu6-bNESsg</usedField>
    <usedField>#_TCBT8JApEe69cu6-bNESsg</usedField>
    <usedField>#_TCBT8pApEe69cu6-bNESsg</usedField>
    <usedField>#_azpdNJApEe69cu6-bNESsg</usedField>
    <usedField>#_azpdM5ApEe69cu6-bNESsg</usedField>
    <usedField>#_azpdMpApEe69cu6-bNESsg</usedField>
  </hint>
  <diagram><![CDATA[<?xml version="1.0" encoding="UTF-8"?>
<notation:Diagram xmi:version="2.0" xmlns:xmi="http://www.omg.org/XMI" xmlns:xsi="http://www.w3.org/2001/XMLSchema-instance" xmlns:map="http://www.indy.com/v2/map" xmlns:notation="http://www.eclipse.org/gmf/runtime/1.0.1/notation" xsi:schemaLocation="http://www.eclipse.org/gmf/runtime/1.0.1/notation " xmi:id="_1tzzAJAoEe69cu6-bNESsg" type="Map" measurementUnit="Pixel">
  <children xmi:type="notation:Shape" xmi:id="_2NgmwJAoEe69cu6-bNESsg" type="2004" fontName="Segoe UI">
    <children xmi:type="notation:DecorationNode" xmi:id="_2NgmwpAoEe69cu6-bNESsg" type="5005"/>
    <children xmi:type="notation:DecorationNode" xmi:id="_2Ngmw5AoEe69cu6-bNESsg" type="5007"/>
    <children xmi:type="notation:DecorationNode" xmi:id="_2NgmxJAoEe69cu6-bNESsg" type="7003"/>
    <children xmi:type="notation:DecorationNode" xmi:id="_2NgmxZAoEe69cu6-bNESsg" type="7009"/>
    <children xmi:type="notation:BasicCompartment" xmi:id="_2NgmxpAoEe69cu6-bNESsg" type="7004">
      <styles xmi:type="notation:SortingStyle" xmi:id="_2Ngmx5AoEe69cu6-bNESsg"/>
      <styles xmi:type="notation:FilteringStyle" xmi:id="_2NgmyJAoEe69cu6-bNESsg"/>
    </children>
    <children xmi:type="notation:DecorationNode" xmi:id="_2NgmyZAoEe69cu6-bNESsg" type="5009">
      <styles xmi:type="notation:DrawerStyle" xmi:id="_2NgmypAoEe69cu6-bNESsg"/>
    </children>
    <children xmi:type="notation:DecorationNode" xmi:id="_2Ngmy5AoEe69cu6-bNESsg" type="7005">
      <styles xmi:type="notation:SortingStyle" xmi:id="_2NgmzJAoEe69cu6-bNESsg"/>
      <styles xmi:type="notation:FilteringStyle" xmi:id="_2NgmzZAoEe69cu6-bNESsg"/>
    </children>
    <children xmi:type="notation:BasicCompartment" xmi:id="_2NgmzpAoEe69cu6-bNESsg" type="7007"/>
    <element xmi:type="map:Datastore" href="resource.map#_2NbHMJAoEe69cu6-bNESsg?fileId=_1taKYJAoEe69cu6-bNESsg$type=map?"/>
    <layoutConstraint xmi:type="notation:Bounds" xmi:id="_2NgmwZAoEe69cu6-bNESsg" x="122" y="217"/>
  </children>
  <children xmi:type="notation:Node" xmi:id="_2vcPIJAoEe69cu6-bNESsg" type="2002">
    <styles xmi:type="notation:DescriptionStyle" xmi:id="_2vcPIZAoEe69cu6-bNESsg"/>
    <styles xmi:type="notation:FontStyle" xmi:id="_2vcPIpAoEe69cu6-bNESsg" fontName="Segoe UI"/>
    <styles xmi:type="notation:FillStyle" xmi:id="_2vcPI5AoEe69cu6-bNESsg"/>
    <element xmi:type="map:Filter" href="resource.map#_2vX9sJAoEe69cu6-bNESsg?fileId=_1taKYJAoEe69cu6-bNESsg$type=map?"/>
    <layoutConstraint xmi:type="notation:Bounds" xmi:id="_2vcPJJAoEe69cu6-bNESsg" x="453" y="228"/>
  </children>
  <children xmi:type="notation:Shape" xmi:id="_7jLq-JAoEe69cu6-bNESsg" type="2004" fontName="Segoe UI">
    <children xmi:type="notation:DecorationNode" xmi:id="_7jLq-pAoEe69cu6-bNESsg" type="5005"/>
    <children xmi:type="notation:DecorationNode" xmi:id="_7jLq-5AoEe69cu6-bNESsg" type="5007"/>
    <children xmi:type="notation:DecorationNode" xmi:id="_7jLq_JAoEe69cu6-bNESsg" type="7003"/>
    <children xmi:type="notation:DecorationNode" xmi:id="_7jLq_ZAoEe69cu6-bNESsg" type="7009"/>
    <children xmi:type="notation:BasicCompartment" xmi:id="_7jLq_pAoEe69cu6-bNESsg" type="7004">
      <styles xmi:type="notation:SortingStyle" xmi:id="_7jLq_5AoEe69cu6-bNESsg"/>
      <styles xmi:type="notation:FilteringStyle" xmi:id="_7jLrAJAoEe69cu6-bNESsg"/>
    </children>
    <children xmi:type="notation:DecorationNode" xmi:id="_7jLrAZAoEe69cu6-bNESsg" type="5009">
      <styles xmi:type="notation:DrawerStyle" xmi:id="_7jLrApAoEe69cu6-bNESsg"/>
    </children>
    <children xmi:type="notation:DecorationNode" xmi:id="_7jLrA5AoEe69cu6-bNESsg" type="7005">
      <styles xmi:type="notation:SortingStyle" xmi:id="_7jLrBJAoEe69cu6-bNESsg"/>
      <styles xmi:type="notation:FilteringStyle" xmi:id="_7jLrBZAoEe69cu6-bNESsg"/>
    </children>
    <children xmi:type="notation:BasicCompartment" xmi:id="_7jLrBpAoEe69cu6-bNESsg" type="7007"/>
    <element xmi:type="map:Datastore" href="resource.map#_7jChAJAoEe69cu6-bNESsg?fileId=_1taKYJAoEe69cu6-bNESsg$type=map?"/>
    <layoutConstraint xmi:type="notation:Bounds" xmi:id="_7jLq-ZAoEe69cu6-bNESsg" x="523" y="349"/>
  </children>
  <children xmi:type="notation:Shape" xmi:id="_6DARrJAoEe69cu6-bNESsg" type="2004" fontName="Segoe UI">
    <children xmi:type="notation:DecorationNode" xmi:id="_6DARrpAoEe69cu6-bNESsg" type="5005"/>
    <children xmi:type="notation:DecorationNode" xmi:id="_6DARr5AoEe69cu6-bNESsg" type="5007"/>
    <children xmi:type="notation:DecorationNode" xmi:id="_6DARsJAoEe69cu6-bNESsg" type="7003"/>
    <children xmi:type="notation:DecorationNode" xmi:id="_6DARsZAoEe69cu6-bNESsg" type="7009"/>
    <children xmi:type="notation:BasicCompartment" xmi:id="_6DARspAoEe69cu6-bNESsg" type="7004">
      <styles xmi:type="notation:SortingStyle" xmi:id="_6DARs5AoEe69cu6-bNESsg"/>
      <styles xmi:type="notation:FilteringStyle" xmi:id="_6DARtJAoEe69cu6-bNESsg"/>
    </children>
    <children xmi:type="notation:DecorationNode" xmi:id="_6DARtZAoEe69cu6-bNESsg" type="5009">
      <styles xmi:type="notation:DrawerStyle" xmi:id="_6DARtpAoEe69cu6-bNESsg"/>
    </children>
    <children xmi:type="notation:DecorationNode" xmi:id="_6DARt5AoEe69cu6-bNESsg" type="7005">
      <styles xmi:type="notation:SortingStyle" xmi:id="_6DARuJAoEe69cu6-bNESsg"/>
      <styles xmi:type="notation:FilteringStyle" xmi:id="_6DARuZAoEe69cu6-bNESsg"/>
    </children>
    <children xmi:type="notation:BasicCompartment" xmi:id="_6DARupAoEe69cu6-bNESsg" type="7007"/>
    <element xmi:type="map:Datastore" href="resource.map#_6C8AMJAoEe69cu6-bNESsg?fileId=_1taKYJAoEe69cu6-bNESsg$type=map?"/>
    <layoutConstraint xmi:type="notation:Bounds" xmi:id="_6DARrZAoEe69cu6-bNESsg" x="962" y="196"/>
  </children>
  <children xmi:type="notation:Node" xmi:id="_9B9WEJAoEe69cu6-bNESsg" type="2005">
    <styles xmi:type="notation:DescriptionStyle" xmi:id="_9B9WEZAoEe69cu6-bNESsg"/>
    <styles xmi:type="notation:FontStyle" xmi:id="_9B9WEpAoEe69cu6-bNESsg" fontName="Segoe UI"/>
    <styles xmi:type="notation:FillStyle" xmi:id="_9B9WE5AoEe69cu6-bNESsg"/>
    <element xmi:type="map:Join" href="resource.map#_9BuFgJAoEe69cu6-bNESsg?fileId=_1taKYJAoEe69cu6-bNESsg$type=map?"/>
    <layoutConstraint xmi:type="notation:Bounds" xmi:id="_9B9WFJAoEe69cu6-bNESsg" x="404" y="345"/>
  </children>
  <children xmi:type="notation:Node" xmi:id="__vdeIJAoEe69cu6-bNESsg" type="2002">
    <styles xmi:type="notation:DescriptionStyle" xmi:id="__vdeIZAoEe69cu6-bNESsg"/>
    <styles xmi:type="notation:FontStyle" xmi:id="__vdeIpAoEe69cu6-bNESsg" fontName="Segoe UI"/>
    <styles xmi:type="notation:FillStyle" xmi:id="__vdeI5AoEe69cu6-bNESsg"/>
    <element xmi:type="map:Filter" href="resource.map#__vTtIJAoEe69cu6-bNESsg?fileId=_1taKYJAoEe69cu6-bNESsg$type=map?"/>
    <layoutConstraint xmi:type="notation:Bounds" xmi:id="__vdeJJAoEe69cu6-bNESsg" x="746" y="383"/>
  </children>
  <children xmi:type="notation:Node" xmi:id="_P0FYUJApEe69cu6-bNESsg" type="2005">
    <styles xmi:type="notation:DescriptionStyle" xmi:id="_P0FYUZApEe69cu6-bNESsg"/>
    <styles xmi:type="notation:FontStyle" xmi:id="_P0FYUpApEe69cu6-bNESsg" fontName="Segoe UI"/>
    <styles xmi:type="notation:FillStyle" xmi:id="_P0FYU5ApEe69cu6-bNESsg"/>
    <element xmi:type="map:Join" href="resource.map#_Pz2HwJApEe69cu6-bNESsg?fileId=_1taKYJAoEe69cu6-bNESsg$type=map?"/>
    <layoutConstraint xmi:type="notation:Bounds" xmi:id="_P0FYVJApEe69cu6-bNESsg" x="472" y="501"/>
  </children>
  <children xmi:type="notation:Shape" xmi:id="_OrGXAJApEe69cu6-bNESsg" type="2004" fontName="Segoe UI">
    <children xmi:type="notation:DecorationNode" xmi:id="_OrGXApApEe69cu6-bNESsg" type="5005"/>
    <children xmi:type="notation:DecorationNode" xmi:id="_OrGXA5ApEe69cu6-bNESsg" type="5007"/>
    <children xmi:type="notation:DecorationNode" xmi:id="_OrGXBJApEe69cu6-bNESsg" type="7003"/>
    <children xmi:type="notation:DecorationNode" xmi:id="_OrGXBZApEe69cu6-bNESsg" type="7009"/>
    <children xmi:type="notation:BasicCompartment" xmi:id="_OrGXBpApEe69cu6-bNESsg" type="7004">
      <styles xmi:type="notation:SortingStyle" xmi:id="_OrGXB5ApEe69cu6-bNESsg"/>
      <styles xmi:type="notation:FilteringStyle" xmi:id="_OrGXCJApEe69cu6-bNESsg"/>
    </children>
    <children xmi:type="notation:DecorationNode" xmi:id="_OrGXCZApEe69cu6-bNESsg" type="5009">
      <styles xmi:type="notation:DrawerStyle" xmi:id="_OrGXCpApEe69cu6-bNESsg"/>
    </children>
    <children xmi:type="notation:DecorationNode" xmi:id="_OrGXC5ApEe69cu6-bNESsg" type="7005">
      <styles xmi:type="notation:SortingStyle" xmi:id="_OrGXDJApEe69cu6-bNESsg"/>
      <styles xmi:type="notation:FilteringStyle" xmi:id="_OrGXDZApEe69cu6-bNESsg"/>
    </children>
    <children xmi:type="notation:BasicCompartment" xmi:id="_OrGXDpApEe69cu6-bNESsg" type="7007"/>
    <element xmi:type="map:Datastore" href="resource.map#_OqwYwJApEe69cu6-bNESsg?fileId=_1taKYJAoEe69cu6-bNESsg$type=map?"/>
    <layoutConstraint xmi:type="notation:Bounds" xmi:id="_OrGXAZApEe69cu6-bNESsg" x="599" y="488"/>
  </children>
  <children xmi:type="notation:Node" xmi:id="_QgxfMJApEe69cu6-bNESsg" type="2002">
    <styles xmi:type="notation:DescriptionStyle" xmi:id="_QgxfMZApEe69cu6-bNESsg"/>
    <styles xmi:type="notation:FontStyle" xmi:id="_QgxfMpApEe69cu6-bNESsg" fontName="Segoe UI"/>
    <styles xmi:type="notation:FillStyle" xmi:id="_QgxfM5ApEe69cu6-bNESsg"/>
    <element xmi:type="map:Filter" href="resource.map#_Qgbg8JApEe69cu6-bNESsg?fileId=_1taKYJAoEe69cu6-bNESsg$type=map?"/>
    <layoutConstraint xmi:type="notation:Bounds" xmi:id="_QgxfNJApEe69cu6-bNESsg" x="857" y="534"/>
  </children>
  <children xmi:type="notation:Node" xmi:id="_X4Z0EJApEe69cu6-bNESsg" type="2005">
    <styles xmi:type="notation:DescriptionStyle" xmi:id="_X4Z0EZApEe69cu6-bNESsg"/>
    <styles xmi:type="notation:FontStyle" xmi:id="_X4Z0EpApEe69cu6-bNESsg" fontName="Segoe UI"/>
    <styles xmi:type="notation:FillStyle" xmi:id="_X4Z0E5ApEe69cu6-bNESsg"/>
    <element xmi:type="map:Join" href="resource.map#_X4J8cJApEe69cu6-bNESsg?fileId=_1taKYJAoEe69cu6-bNESsg$type=map?"/>
    <layoutConstraint xmi:type="notation:Bounds" xmi:id="_X4Z0FJApEe69cu6-bNESsg" x="370" y="524"/>
  </children>
  <children xmi:type="notation:Node" xmi:id="_Yl3XAJApEe69cu6-bNESsg" type="2002">
    <styles xmi:type="notation:DescriptionStyle" xmi:id="_Yl3XAZApEe69cu6-bNESsg"/>
    <styles xmi:type="notation:FontStyle" xmi:id="_Yl3XApApEe69cu6-bNESsg" fontName="Segoe UI"/>
    <styles xmi:type="notation:FillStyle" xmi:id="_Yl3XA5ApEe69cu6-bNESsg"/>
    <element xmi:type="map:Filter" href="resource.map#_YlmRQJApEe69cu6-bNESsg?fileId=_1taKYJAoEe69cu6-bNESsg$type=map?"/>
    <layoutConstraint xmi:type="notation:Bounds" xmi:id="_Yl3XBJApEe69cu6-bNESsg" x="797" y="630"/>
  </children>
  <children xmi:type="notation:Shape" xmi:id="_TCPWYJApEe69cu6-bNESsg" type="2004" fontName="Segoe UI">
    <children xmi:type="notation:DecorationNode" xmi:id="_TCPWYpApEe69cu6-bNESsg" type="5005"/>
    <children xmi:type="notation:DecorationNode" xmi:id="_TCP9cJApEe69cu6-bNESsg" type="5007"/>
    <children xmi:type="notation:DecorationNode" xmi:id="_TCP9cZApEe69cu6-bNESsg" type="7003"/>
    <children xmi:type="notation:DecorationNode" xmi:id="_TCP9cpApEe69cu6-bNESsg" type="7009"/>
    <children xmi:type="notation:BasicCompartment" xmi:id="_TCP9c5ApEe69cu6-bNESsg" type="7004">
      <styles xmi:type="notation:SortingStyle" xmi:id="_TCP9dJApEe69cu6-bNESsg"/>
      <styles xmi:type="notation:FilteringStyle" xmi:id="_TCP9dZApEe69cu6-bNESsg"/>
    </children>
    <children xmi:type="notation:DecorationNode" xmi:id="_TCP9dpApEe69cu6-bNESsg" type="5009">
      <styles xmi:type="notation:DrawerStyle" xmi:id="_TCP9d5ApEe69cu6-bNESsg"/>
    </children>
    <children xmi:type="notation:DecorationNode" xmi:id="_TCP9eJApEe69cu6-bNESsg" type="7005">
      <styles xmi:type="notation:SortingStyle" xmi:id="_TCP9eZApEe69cu6-bNESsg"/>
      <styles xmi:type="notation:FilteringStyle" xmi:id="_TCP9epApEe69cu6-bNESsg"/>
    </children>
    <children xmi:type="notation:BasicCompartment" xmi:id="_TCP9e5ApEe69cu6-bNESsg" type="7007"/>
    <element xmi:type="map:Datastore" href="resource.map#_TB_ewJApEe69cu6-bNESsg?fileId=_1taKYJAoEe69cu6-bNESsg$type=map?"/>
    <layoutConstraint xmi:type="notation:Bounds" xmi:id="_TCPWYZApEe69cu6-bNESsg" x="454" y="593"/>
  </children>
  <children xmi:type="notation:Shape" xmi:id="_az5U0JApEe69cu6-bNESsg" type="2004" fontName="Segoe UI">
    <children xmi:type="notation:DecorationNode" xmi:id="_az5U0pApEe69cu6-bNESsg" type="5005"/>
    <children xmi:type="notation:DecorationNode" xmi:id="_az5U05ApEe69cu6-bNESsg" type="5007"/>
    <children xmi:type="notation:DecorationNode" xmi:id="_az5U1JApEe69cu6-bNESsg" type="7003"/>
    <children xmi:type="notation:DecorationNode" xmi:id="_az5U1ZApEe69cu6-bNESsg" type="7009"/>
    <children xmi:type="notation:BasicCompartment" xmi:id="_az5U1pApEe69cu6-bNESsg" type="7004">
      <styles xmi:type="notation:SortingStyle" xmi:id="_az5U15ApEe69cu6-bNESsg"/>
      <styles xmi:type="notation:FilteringStyle" xmi:id="_az5U2JApEe69cu6-bNESsg"/>
    </children>
    <children xmi:type="notation:DecorationNode" xmi:id="_az5U2ZApEe69cu6-bNESsg" type="5009">
      <styles xmi:type="notation:DrawerStyle" xmi:id="_az5U2pApEe69cu6-bNESsg"/>
    </children>
    <children xmi:type="notation:DecorationNode" xmi:id="_az5U25ApEe69cu6-bNESsg" type="7005">
      <styles xmi:type="notation:SortingStyle" xmi:id="_az5U3JApEe69cu6-bNESsg"/>
      <styles xmi:type="notation:FilteringStyle" xmi:id="_az5U3ZApEe69cu6-bNESsg"/>
    </children>
    <children xmi:type="notation:BasicCompartment" xmi:id="_az5U3pApEe69cu6-bNESsg" type="7007"/>
    <element xmi:type="map:Datastore" href="resource.map#_azpdMJApEe69cu6-bNESsg?fileId=_1taKYJAoEe69cu6-bNESsg$type=map?"/>
    <layoutConstraint xmi:type="notation:Bounds" xmi:id="_az5U0ZApEe69cu6-bNESsg" x="173" y="600"/>
  </children>
  <children xmi:type="notation:Node" xmi:id="_b0nK8JApEe69cu6-bNESsg" type="2005">
    <styles xmi:type="notation:DescriptionStyle" xmi:id="_b0nK8ZApEe69cu6-bNESsg"/>
    <styles xmi:type="notation:FontStyle" xmi:id="_b0nK8pApEe69cu6-bNESsg" fontName="Segoe UI"/>
    <styles xmi:type="notation:FillStyle" xmi:id="_b0nK85ApEe69cu6-bNESsg"/>
    <element xmi:type="map:Join" href="resource.map#_b0RMsJApEe69cu6-bNESsg?fileId=_1taKYJAoEe69cu6-bNESsg$type=map?"/>
    <layoutConstraint xmi:type="notation:Bounds" xmi:id="_b0nK9JApEe69cu6-bNESsg" x="135" y="522"/>
  </children>
  <styles xmi:type="notation:DiagramStyle" xmi:id="_1tzzAZAoEe69cu6-bNESsg"/>
  <element xmi:type="map:Map" href="resource.map#_1taKYJAoEe69cu6-bNESsg?fileId=_1taKYJAoEe69cu6-bNESsg$type=map$name=SAS%20adresse?"/>
  <edges xmi:type="notation:Edge" xmi:id="_2vddQJAoEe69cu6-bNESsg" type="joinLink" source="_2vcPIJAoEe69cu6-bNESsg" target="_2NgmwJAoEe69cu6-bNESsg">
    <element xsi:nil="true"/>
    <bendpoints xmi:type="notation:RelativeBendpoints" xmi:id="_2vddQZAoEe69cu6-bNESsg" points="[0, 0, -315, -368]$[233, 272, -82, -96]"/>
  </edges>
  <edges xmi:type="notation:Edge" xmi:id="_6wr3AJAoEe69cu6-bNESsg" type="targetLink" source="_6DARrJAoEe69cu6-bNESsg" target="_2NgmwJAoEe69cu6-bNESsg">
    <element xsi:nil="true"/>
    <bendpoints xmi:type="notation:RelativeBendpoints" xmi:id="_6wr3AZAoEe69cu6-bNESsg" points="[-83, -4, 630, 29]$[-631, -29, 82, 4]"/>
  </edges>
  <edges xmi:type="notation:Edge" xmi:id="_6wr3BpAoEe69cu6-bNESsg" type="targetSetLink" source="_6DARrJAoEe69cu6-bNESsg" target="_6DARrJAoEe69cu6-bNESsg">
    <element xmi:type="map:SetDescriptor" href="resource.map#_6wiGAJAoEe69cu6-bNESsg?fileId=_1taKYJAoEe69cu6-bNESsg$type=map?"/>
    <bendpoints xmi:type="notation:RelativeBendpoints" xmi:id="_6wr3B5AoEe69cu6-bNESsg" points="[0, 0, 0, 0]$[0, 0, 0, 0]"/>
  </edges>
  <edges xmi:type="notation:Edge" xmi:id="_9B9WFZAoEe69cu6-bNESsg" type="joinLink" source="_9B9WEJAoEe69cu6-bNESsg" target="_2NgmwJAoEe69cu6-bNESsg">
    <element xsi:nil="true"/>
    <bendpoints xmi:type="notation:RelativeBendpoints" xmi:id="_9B9WFpAoEe69cu6-bNESsg" points="[-1, -1, -205, -357]$[124, 217, -80, -139]"/>
  </edges>
  <edges xmi:type="notation:Edge" xmi:id="_9B9WF5AoEe69cu6-bNESsg" type="joinLink" source="_9B9WEJAoEe69cu6-bNESsg" target="_7jLq-JAoEe69cu6-bNESsg">
    <element xsi:nil="true"/>
    <bendpoints xmi:type="notation:RelativeBendpoints" xmi:id="_9B9WGJAoEe69cu6-bNESsg" points="[-1, -1, -589, -393]$[522, 349, -66, -43]"/>
  </edges>
  <edges xmi:type="notation:Edge" xmi:id="_9B9WGZAoEe69cu6-bNESsg" type="targetDataSetLink" source="_6DARrJAoEe69cu6-bNESsg" target="_6DARrJAoEe69cu6-bNESsg">
    <element xmi:type="map:DataSet" href="resource.map#_7jChCJAoEe69cu6-bNESsg?fileId=_1taKYJAoEe69cu6-bNESsg$type=map?"/>
    <bendpoints xmi:type="notation:RelativeBendpoints" xmi:id="_9B9WGpAoEe69cu6-bNESsg" points="[0, 0, 0, 0]$[0, 0, 0, 0]"/>
  </edges>
  <edges xmi:type="notation:Edge" xmi:id="__ZGMkJAoEe69cu6-bNESsg" type="targetLink" source="_6DARrJAoEe69cu6-bNESsg" target="_7jLq-JAoEe69cu6-bNESsg">
    <element xsi:nil="true"/>
    <bendpoints xmi:type="notation:RelativeBendpoints" xmi:id="__ZGMkZAoEe69cu6-bNESsg" points="[-133, 19, 366, -54]$[-425, 62, 74, -11]"/>
  </edges>
  <edges xmi:type="notation:Edge" xmi:id="__vdeJZAoEe69cu6-bNESsg" type="joinLink" source="__vdeIJAoEe69cu6-bNESsg" target="_7jLq-JAoEe69cu6-bNESsg">
    <element xsi:nil="true"/>
    <bendpoints xmi:type="notation:RelativeBendpoints" xmi:id="__vdeJpAoEe69cu6-bNESsg" points="[0, 0, -596, -392]$[530, 349, -66, -43]"/>
  </edges>
  <edges xmi:type="notation:Edge" xmi:id="_P0FYVZApEe69cu6-bNESsg" type="joinLink" source="_P0FYUJApEe69cu6-bNESsg" target="_2NgmwJAoEe69cu6-bNESsg">
    <element xsi:nil="true"/>
    <bendpoints xmi:type="notation:RelativeBendpoints" xmi:id="_P0FYVpApEe69cu6-bNESsg" points="[-1, -1, -205, -357]$[124, 217, -80, -139]"/>
  </edges>
  <edges xmi:type="notation:Edge" xmi:id="_P0FYV5ApEe69cu6-bNESsg" type="joinLink" source="_P0FYUJApEe69cu6-bNESsg" target="_OrGXAJApEe69cu6-bNESsg">
    <element xsi:nil="true"/>
    <bendpoints xmi:type="notation:RelativeBendpoints" xmi:id="_P0FYWJApEe69cu6-bNESsg" points="[-1, -1, -724, -578]$[668, 534, -55, -43]"/>
  </edges>
  <edges xmi:type="notation:Edge" xmi:id="_QPStoJApEe69cu6-bNESsg" type="targetLink" source="_6DARrJAoEe69cu6-bNESsg" target="_OrGXAJApEe69cu6-bNESsg">
    <element xsi:nil="true"/>
    <bendpoints xmi:type="notation:RelativeBendpoints" xmi:id="_QPStoZApEe69cu6-bNESsg" points="[-145, 70, 293, -142]$[-368, 178, 70, -34]"/>
  </edges>
  <edges xmi:type="notation:Edge" xmi:id="_QgxfNZApEe69cu6-bNESsg" type="joinLink" source="_QgxfMJApEe69cu6-bNESsg" target="_OrGXAJApEe69cu6-bNESsg">
    <element xsi:nil="true"/>
    <bendpoints xmi:type="notation:RelativeBendpoints" xmi:id="_QgxfNpApEe69cu6-bNESsg" points="[0, 0, -669, -531]$[614, 488, -55, -43]"/>
  </edges>
  <edges xmi:type="notation:Edge" xmi:id="_X4Z0FZApEe69cu6-bNESsg" type="joinLink" source="_X4Z0EJApEe69cu6-bNESsg" target="_2NgmwJAoEe69cu6-bNESsg">
    <element xsi:nil="true"/>
    <bendpoints xmi:type="notation:RelativeBendpoints" xmi:id="_X4Z0FpApEe69cu6-bNESsg" points="[-1, -1, -205, -357]$[124, 217, -80, -139]"/>
  </edges>
  <edges xmi:type="notation:Edge" xmi:id="_X4Z0F5ApEe69cu6-bNESsg" type="joinLink" source="_X4Z0EJApEe69cu6-bNESsg" target="_TCPWYJApEe69cu6-bNESsg">
    <element xsi:nil="true"/>
    <bendpoints xmi:type="notation:RelativeBendpoints" xmi:id="_X4Z0GJApEe69cu6-bNESsg" points="[-1, -1, -520, -607]$[481, 563, -38, -43]"/>
  </edges>
  <edges xmi:type="notation:Edge" xmi:id="_YLtxoJApEe69cu6-bNESsg" type="targetLink" source="_6DARrJAoEe69cu6-bNESsg" target="_TCPWYJApEe69cu6-bNESsg">
    <element xsi:nil="true"/>
    <bendpoints xmi:type="notation:RelativeBendpoints" xmi:id="_YLtxoZApEe69cu6-bNESsg" points="[-145, 72, 432, -215]$[-501, 249, 76, -38]"/>
  </edges>
  <edges xmi:type="notation:Edge" xmi:id="_Yl3XBZApEe69cu6-bNESsg" type="joinLink" source="_Yl3XAJApEe69cu6-bNESsg" target="_TCPWYJApEe69cu6-bNESsg">
    <element xsi:nil="true"/>
    <bendpoints xmi:type="notation:RelativeBendpoints" xmi:id="_Yl3XBpApEe69cu6-bNESsg" points="[0, 0, -530, -606]$[491, 563, -39, -43]"/>
  </edges>
  <edges xmi:type="notation:Edge" xmi:id="_b0nK9ZApEe69cu6-bNESsg" type="joinLink" source="_b0nK8JApEe69cu6-bNESsg" target="_2NgmwJAoEe69cu6-bNESsg">
    <element xsi:nil="true"/>
    <bendpoints xmi:type="notation:RelativeBendpoints" xmi:id="_b0nK9pApEe69cu6-bNESsg" points="[-1, -1, -205, -357]$[124, 217, -80, -139]"/>
  </edges>
  <edges xmi:type="notation:Edge" xmi:id="_b0nK95ApEe69cu6-bNESsg" type="joinLink" source="_b0nK8JApEe69cu6-bNESsg" target="_az5U0JApEe69cu6-bNESsg">
    <element xsi:nil="true"/>
    <bendpoints xmi:type="notation:RelativeBendpoints" xmi:id="_b0nK-JApEe69cu6-bNESsg" points="[-1, -1, -257, -644]$[238, 600, -18, -43]"/>
  </edges>
  <edges xmi:type="notation:Edge" xmi:id="_cjV5MJApEe69cu6-bNESsg" type="targetLink" source="_6DARrJAoEe69cu6-bNESsg" target="_az5U0JApEe69cu6-bNESsg">
    <element xsi:nil="true"/>
    <bendpoints xmi:type="notation:RelativeBendpoints" xmi:id="_cjV5MZApEe69cu6-bNESsg" points="[-152, 57, 706, -267]$[-775, 293, 83, -31]"/>
  </edges>
</notation:Diagram>
]]></diagram>
</map:map>