<?xml version="1.0" encoding="UTF-8"?>
<map:map xmlns:map="http://www.indy.com/v2/map" id="_axJEIJAbEe69cu6-bNESsg" internalVersion="8" tech="resource.tech#_waYSMH8VEd2__Mzb_dB76A?fileId=_waYSMH8VEd2__Mzb_dB76A$type=tech$name=flow?">
  <datastore id="_puqzYJAbEe69cu6-bNESsg" alias="SAS_FILESRC" dataset="_kQrEMJAcEe69cu6-bNESsg" ref="resource.md#_j44gNJAlEe69cu6-bNESsg?fileId=_CHAaQIUmEe6BKsDnQj9IRA$type=md$name=SAS_FILESRC?">
    <field id="_pu3nt5AbEe69cu6-bNESsg" fullAlias="F6" name="F6" ref="resource.md#_j8QkdJAlEe69cu6-bNESsg?fileId=_CHAaQIUmEe6BKsDnQj9IRA$type=md$name=F6?"/>
    <field id="_pu3ns5AbEe69cu6-bNESsg" fullAlias="F2" name="F2" ref="resource.md#_j8QkXJAlEe69cu6-bNESsg?fileId=_CHAaQIUmEe6BKsDnQj9IRA$type=md$name=F2?"/>
    <field id="_pu3nspAbEe69cu6-bNESsg" fullAlias="F1" name="F1" ref="resource.md#_j8QkVpAlEe69cu6-bNESsg?fileId=_CHAaQIUmEe6BKsDnQj9IRA$type=md$name=F1?"/>
    <field id="_pu3nuJAbEe69cu6-bNESsg" fullAlias="F7" name="F7" ref="resource.md#_j8QkepAlEe69cu6-bNESsg?fileId=_CHAaQIUmEe6BKsDnQj9IRA$type=md$name=F7?"/>
    <field id="_pu3nvpAbEe69cu6-bNESsg" name="F13" ref="resource.md#_j8QknpAlEe69cu6-bNESsg?fileId=_CHAaQIUmEe6BKsDnQj9IRA$type=md$name=F13?"/>
    <field id="_pu3nupAbEe69cu6-bNESsg" name="F9" ref="resource.md#_j8QkhpAlEe69cu6-bNESsg?fileId=_CHAaQIUmEe6BKsDnQj9IRA$type=md$name=F9?"/>
    <field id="_pu3nvJAbEe69cu6-bNESsg" name="F11" ref="resource.md#_j8QkkpAlEe69cu6-bNESsg?fileId=_CHAaQIUmEe6BKsDnQj9IRA$type=md$name=F11?"/>
    <field id="_pu3ntJAbEe69cu6-bNESsg" fullAlias="F3" name="F3" ref="resource.md#_j8QkYpAlEe69cu6-bNESsg?fileId=_CHAaQIUmEe6BKsDnQj9IRA$type=md$name=F3?"/>
    <field id="_pu3nuZAbEe69cu6-bNESsg" name="F8" ref="resource.md#_j8QkgJAlEe69cu6-bNESsg?fileId=_CHAaQIUmEe6BKsDnQj9IRA$type=md$name=F8?"/>
    <field id="_pu3nvZAbEe69cu6-bNESsg" name="F12" ref="resource.md#_j8QkmJAlEe69cu6-bNESsg?fileId=_CHAaQIUmEe6BKsDnQj9IRA$type=md$name=F12?"/>
    <field id="_pu3nu5AbEe69cu6-bNESsg" name="F10" ref="resource.md#_j8QkjJAlEe69cu6-bNESsg?fileId=_CHAaQIUmEe6BKsDnQj9IRA$type=md$name=F10?"/>
    <field id="_pu3nv5AbEe69cu6-bNESsg" name="DATE_IMPORT" ref="resource.md#_j8QkpJAlEe69cu6-bNESsg?fileId=_CHAaQIUmEe6BKsDnQj9IRA$type=md$name=DATE_IMPORT?"/>
    <field id="_pu3nsZAbEe69cu6-bNESsg" fullAlias="FILE_NOM" name="FILE_NOM" ref="resource.md#_j8QkUJAlEe69cu6-bNESsg?fileId=_CHAaQIUmEe6BKsDnQj9IRA$type=md$name=FILE_NOM?"/>
    <field id="_pu3ntZAbEe69cu6-bNESsg" fullAlias="F4" name="F4" ref="resource.md#_j8QkaJAlEe69cu6-bNESsg?fileId=_CHAaQIUmEe6BKsDnQj9IRA$type=md$name=F4?"/>
    <field id="_pu3ntpAbEe69cu6-bNESsg" fullAlias="F5" name="F5" ref="resource.md#_j8QkbpAlEe69cu6-bNESsg?fileId=_CHAaQIUmEe6BKsDnQj9IRA$type=md$name=F5?"/>
  </datastore>
  <datastore id="_08HjQJAbEe69cu6-bNESsg" alias="TRANSCO_status" dataset="_kQrEMJAcEe69cu6-bNESsg" ref="resource.md#_jlWgP5AlEe69cu6-bNESsg?fileId=_CHAaQIUmEe6BKsDnQj9IRA$type=md$name=TRANSCO?">
    <field id="_08HjQpAbEe69cu6-bNESsg" fullAlias="TYPE" name="TYPE" ref="resource.md#_jo15EJAlEe69cu6-bNESsg?fileId=_CHAaQIUmEe6BKsDnQj9IRA$type=md$name=TYPE?"/>
    <field id="_08HjRJAbEe69cu6-bNESsg" fullAlias="LIBELLE" name="LIBELLE" ref="resource.md#_jo15HJAlEe69cu6-bNESsg?fileId=_CHAaQIUmEe6BKsDnQj9IRA$type=md$name=LIBELLE?"/>
    <field id="_08HjQ5AbEe69cu6-bNESsg" fullAlias="CODE" name="CODE" ref="resource.md#_jo15FpAlEe69cu6-bNESsg?fileId=_CHAaQIUmEe6BKsDnQj9IRA$type=md$name=CODE?"/>
  </datastore>
  <datastore id="_CsWjgJAdEe69cu6-bNESsg" alias="TRANSCO_favori" dataset="_kQrEMJAcEe69cu6-bNESsg" ref="resource.md#_jlWgP5AlEe69cu6-bNESsg?fileId=_CHAaQIUmEe6BKsDnQj9IRA$type=md$name=TRANSCO?">
    <field id="_CsWjgpAdEe69cu6-bNESsg" fullAlias="TYPE" name="TYPE" ref="resource.md#_jo15EJAlEe69cu6-bNESsg?fileId=_CHAaQIUmEe6BKsDnQj9IRA$type=md$name=TYPE?"/>
    <field id="_CsWjhJAdEe69cu6-bNESsg" fullAlias="LIBELLE" name="LIBELLE" ref="resource.md#_jo15HJAlEe69cu6-bNESsg?fileId=_CHAaQIUmEe6BKsDnQj9IRA$type=md$name=LIBELLE?"/>
    <field id="_CsWjg5AdEe69cu6-bNESsg" fullAlias="CODE" name="CODE" ref="resource.md#_jo15FpAlEe69cu6-bNESsg?fileId=_CHAaQIUmEe6BKsDnQj9IRA$type=md$name=CODE?"/>
  </datastore>
  <datastore id="_SPaBsJAdEe69cu6-bNESsg" alias="TRANSCO_type" dataset="_kQrEMJAcEe69cu6-bNESsg" ref="resource.md#_jlWgP5AlEe69cu6-bNESsg?fileId=_CHAaQIUmEe6BKsDnQj9IRA$type=md$name=TRANSCO?">
    <field id="_SPaBspAdEe69cu6-bNESsg" fullAlias="TYPE" name="TYPE" ref="resource.md#_jo15EJAlEe69cu6-bNESsg?fileId=_CHAaQIUmEe6BKsDnQj9IRA$type=md$name=TYPE?"/>
    <field id="_SPaBtJAdEe69cu6-bNESsg" fullAlias="LIBELLE" name="LIBELLE" ref="resource.md#_jo15HJAlEe69cu6-bNESsg?fileId=_CHAaQIUmEe6BKsDnQj9IRA$type=md$name=LIBELLE?"/>
    <field id="_SPaBs5AdEe69cu6-bNESsg" fullAlias="CODE" name="CODE" ref="resource.md#_jo15FpAlEe69cu6-bNESsg?fileId=_CHAaQIUmEe6BKsDnQj9IRA$type=md$name=CODE?"/>
  </datastore>
  <datastore id="_ZwlUIJAdEe69cu6-bNESsg" alias="SOURCE" dataset="_kQrEMJAcEe69cu6-bNESsg" ref="resource.md#_jo7_sZAlEe69cu6-bNESsg?fileId=_CHAaQIUmEe6BKsDnQj9IRA$type=md$name=SOURCE?">
    <field id="_ZwlUIpAdEe69cu6-bNESsg" fullAlias="ID_FICHIER" name="ID_FICHIER" ref="resource.md#_juUO8JAlEe69cu6-bNESsg?fileId=_CHAaQIUmEe6BKsDnQj9IRA$type=md$name=ID_FICHIER?" updateKey="true"/>
    <field id="_ZwlUJJAdEe69cu6-bNESsg" fullAlias="DATE_IMPORT" name="DATE_IMPORT" ref="resource.md#_juUO-5AlEe69cu6-bNESsg?fileId=_CHAaQIUmEe6BKsDnQj9IRA$type=md$name=DATE_IMPORT?"/>
    <field id="_ZwlUI5AdEe69cu6-bNESsg" fullAlias="NOM_FICHIER" name="NOM_FICHIER" ref="resource.md#_juUO9ZAlEe69cu6-bNESsg?fileId=_CHAaQIUmEe6BKsDnQj9IRA$type=md$name=NOM_FICHIER?"/>
    <constraint id="_qrBbEpAoEe69cu6-bNESsg" name="PK_ID_FICHIER" ref="resource.md#_jua8oJAlEe69cu6-bNESsg?fileId=_CHAaQIUmEe6BKsDnQj9IRA$type=md$name=PK_ID_FICHIER?" reject="true"/>
  </datastore>
  <datastore id="_H7ZpAJAiEe69cu6-bNESsg" alias="SAS_TEL" control="true" dataset="_H7cFQJAiEe69cu6-bNESsg" ref="resource.md#_j8Wq8ZAlEe69cu6-bNESsg?fileId=_CHAaQIUmEe6BKsDnQj9IRA$type=md$name=SAS_TEL?" subExpression="[A]">
    <field id="_H7aQEpAiEe69cu6-bNESsg" enable="true" insert="true" name="FAVORI" ref="resource.md#_kBr24JAlEe69cu6-bNESsg?fileId=_CHAaQIUmEe6BKsDnQj9IRA$type=md$name=FAVORI?" update="true">
      <expression id="_K-8SgJAiEe69cu6-bNESsg" setDescriptorRef="_K-7rcJAiEe69cu6-bNESsg">
        <expression>TRANSCO_favori.LIBELLE</expression>
      </expression>
    </field>
    <field id="_H7ZpApAiEe69cu6-bNESsg" enable="true" insert="true" name="CLE_CLIENT" ref="resource.md#_kBiF4JAlEe69cu6-bNESsg?fileId=_CHAaQIUmEe6BKsDnQj9IRA$type=md$name=CLE_CLIENT?" update="true" updateKey="true">
      <expression id="_K-8SgZAiEe69cu6-bNESsg" setDescriptorRef="_K-7rcJAiEe69cu6-bNESsg">
        <expression>SAS_FILESRC.F3</expression>
      </expression>
    </field>
    <field id="_H7a3IJAiEe69cu6-bNESsg" enable="true" insert="true" name="ID_FICHIER" ref="resource.md#_kBr27JAlEe69cu6-bNESsg?fileId=_CHAaQIUmEe6BKsDnQj9IRA$type=md$name=ID_FICHIER?" update="true">
      <expression id="_K-8SgpAiEe69cu6-bNESsg" setDescriptorRef="_K-7rcJAiEe69cu6-bNESsg">
        <expression>SOURCE.ID_FICHIER</expression>
      </expression>
    </field>
    <field id="_H7aQEZAiEe69cu6-bNESsg" enable="true" insert="true" name="STATUS_TELEPHONE" ref="resource.md#_kBiF7JAlEe69cu6-bNESsg?fileId=_CHAaQIUmEe6BKsDnQj9IRA$type=md$name=STATUS_TELEPHONE?" update="true">
      <expression id="_K-8Sg5AiEe69cu6-bNESsg" setDescriptorRef="_K-7rcJAiEe69cu6-bNESsg">
        <expression>TRANSCO_status.LIBELLE</expression>
      </expression>
    </field>
    <field id="_H7aQEJAiEe69cu6-bNESsg" enable="true" insert="true" name="PHONE" ref="resource.md#_kBiF5pAlEe69cu6-bNESsg?fileId=_CHAaQIUmEe6BKsDnQj9IRA$type=md$name=PHONE?" update="true">
      <expression id="_K-85kJAiEe69cu6-bNESsg" setDescriptorRef="_K-7rcJAiEe69cu6-bNESsg">
        <expression>SAS_FILESRC.F4</expression>
      </expression>
    </field>
    <field id="_H7a3IZAiEe69cu6-bNESsg" enable="true" insert="true" name="DATE_IMPORT" ref="resource.md#_kBr28ZAlEe69cu6-bNESsg?fileId=_CHAaQIUmEe6BKsDnQj9IRA$type=md$name=DATE_IMPORT?" update="true">
      <expression id="_K-85kZAiEe69cu6-bNESsg" setDescriptorRef="_K-7rcJAiEe69cu6-bNESsg">
        <expression>SOURCE.DATE_IMPORT</expression>
      </expression>
    </field>
    <field id="_H7aQE5AiEe69cu6-bNESsg" enable="true" insert="true" name="TYPE" ref="resource.md#_kBr25pAlEe69cu6-bNESsg?fileId=_CHAaQIUmEe6BKsDnQj9IRA$type=md$name=TYPE?" update="true" updateKey="true">
      <expression id="_K-85kpAiEe69cu6-bNESsg" setDescriptorRef="_K-7rcJAiEe69cu6-bNESsg">
        <expression>TRANSCO_type.LIBELLE</expression>
      </expression>
    </field>
    <field id="_FaOy6pWrEe6KJ9B1NiSMNg" enable="true" insert="true" name="ACT" ref="resource.md#_019XKZWkEe6KJ9B1NiSMNg?fileId=_CHAaQIUmEe6BKsDnQj9IRA$type=md$name=ACT?" update="true">
      <expression id="_FaOy65WrEe6KJ9B1NiSMNg" setDescriptorRef="_K-7rcJAiEe69cu6-bNESsg">
        <expression>SAS_FILESRC.F2</expression>
      </expression>
    </field>
    <constraint id="_rL4FUpAoEe69cu6-bNESsg" name="FK_ID_FICHIER4" ref="resource.md#_uovqQJAnEe69cu6-bNESsg?fileId=_CHAaQIUmEe6BKsDnQj9IRA$type=md$name=FK_ID_FICHIER4?" reject="true"/>
    <constraint id="_rL4FU5AoEe69cu6-bNESsg" name="PK_CLE_CLIENT4" ref="resource.md#_kBr295AlEe69cu6-bNESsg?fileId=_CHAaQIUmEe6BKsDnQj9IRA$type=md$name=PK_CLE_CLIENT4?" reject="true"/>
    <constraint id="_rL4FVJAoEe69cu6-bNESsg" name="FK_CLE_CLIENT4" ref="resource.md#_uovqRJAnEe69cu6-bNESsg?fileId=_CHAaQIUmEe6BKsDnQj9IRA$type=md$name=FK_CLE_CLIENT4?" reject="true"/>
    <constraint id="_GJZJhZWsEe6KJ9B1NiSMNg" name="status" ref="resource.md#_jK3KEZWrEe6KJ9B1NiSMNg?fileId=_CHAaQIUmEe6BKsDnQj9IRA$type=md$name=status?" reject="true"/>
    <constraint id="_GJZJhpWsEe6KJ9B1NiSMNg" name="favori" ref="resource.md#_3iOr0ZWrEe6KJ9B1NiSMNg?fileId=_CHAaQIUmEe6BKsDnQj9IRA$type=md$name=favori?" reject="true"/>
    <constraint id="_GJZJh5WsEe6KJ9B1NiSMNg" name="telephone renseigne" ref="resource.md#_e4jnYZWrEe6KJ9B1NiSMNg?fileId=_CHAaQIUmEe6BKsDnQj9IRA$type=md$name=telephone%20renseigne?" reject="true"/>
    <constraint id="_GJZJiJWsEe6KJ9B1NiSMNg" name="ACTION" ref="resource.md#_IvDZoZWrEe6KJ9B1NiSMNg?fileId=_CHAaQIUmEe6BKsDnQj9IRA$type=md$name=ACTION?" reject="true"/>
    <constraint id="_GJZJiZWsEe6KJ9B1NiSMNg" name="type telephone" ref="resource.md#_9fIvIZWrEe6KJ9B1NiSMNg?fileId=_CHAaQIUmEe6BKsDnQj9IRA$type=md$name=type%20telephone?" reject="true"/>
    <constraint id="_tlC0gJWsEe6KJ9B1NiSMNg" name="format telephone" ref="resource.md#_bSLhIZWsEe6KJ9B1NiSMNg?fileId=_CHAaQIUmEe6BKsDnQj9IRA$type=md$name=format%20telephone?" reject="true"/>
    <setDescriptor id="_K-7rcJAiEe69cu6-bNESsg" label="A"/>
  </datastore>
  <join id="_3XgLIJAcEe69cu6-bNESsg" location="SRC" left="_puqzYJAbEe69cu6-bNESsg" order="10" right="_08HjQJAbEe69cu6-bNESsg">
    <expression>SAS_FILESRC.F5 = TRANSCO_status.CODE</expression>
  </join>
  <join id="_Fj9CwJAdEe69cu6-bNESsg" location="SRC" left="_puqzYJAbEe69cu6-bNESsg" order="30" right="_CsWjgJAdEe69cu6-bNESsg">
    <expression>SAS_FILESRC.F6 = TRANSCO_favori.CODE</expression>
  </join>
  <join id="_UWJEsJAdEe69cu6-bNESsg" location="SRC" left="_puqzYJAbEe69cu6-bNESsg" order="50" right="_SPaBsJAdEe69cu6-bNESsg">
    <expression>SAS_FILESRC.F7 = TRANSCO_type.CODE</expression>
  </join>
  <join id="_cFhLMJAdEe69cu6-bNESsg" location="SRC" left="_puqzYJAbEe69cu6-bNESsg" order="70" right="_ZwlUIJAdEe69cu6-bNESsg">
    <expression>SAS_FILESRC.FILE_NOM = SOURCE.NOM_FICHIER</expression>
  </join>
  <filter id="_S5mDoJAcEe69cu6-bNESsg" location="SRC">
    <expression>SAS_FILESRC.F1 = '205'</expression>
  </filter>
  <filter id="_5P86gJAcEe69cu6-bNESsg" location="SRC">
    <expression>TRANSCO_status.TYPE = 'STATUS_TELEPHONE'</expression>
  </filter>
  <filter id="_OjAocJAdEe69cu6-bNESsg" location="SRC">
    <expression>TRANSCO_favori.TYPE = 'FAVORI'</expression>
  </filter>
  <filter id="_VDONIJAdEe69cu6-bNESsg" location="SRC">
    <expression>TRANSCO_type.TYPE = 'TYPE_TELEPHONE'</expression>
  </filter>
  <template id="_qrBbGZAoEe69cu6-bNESsg" name="I_SAS_TEL" process="resource.proc#_jkWgEFEJEeO7Vo9WeM2sCg?fileId=_jkWgEFEJEeO7Vo9WeM2sCg$type=proc$name=INTEGRATION%20Oracle?" targetId="_H7ZpAJAiEe69cu6-bNESsg"/>
  <template id="_rLfDxZAoEe69cu6-bNESsg" name="R_SAS_TEL" process="resource.proc#_cvMAIERgEd22W6kpnG-bRg?fileId=_cvMAIERgEd22W6kpnG-bRg$type=proc$name=REJECT%20Oracle?" targetId="_H7ZpAJAiEe69cu6-bNESsg"/>
  <dataSet id="_kQrEMJAcEe69cu6-bNESsg">
    <container>_08HjQJAbEe69cu6-bNESsg</container>
    <container>_puqzYJAbEe69cu6-bNESsg</container>
    <container>_CsWjgJAdEe69cu6-bNESsg</container>
    <container>_SPaBsJAdEe69cu6-bNESsg</container>
    <container>_ZwlUIJAdEe69cu6-bNESsg</container>
  </dataSet>
  <dataSet id="_H7cFQJAiEe69cu6-bNESsg">
    <container>_H7ZpAJAiEe69cu6-bNESsg</container>
  </dataSet>
  <hint>
    <usedField>#_pu3nt5AbEe69cu6-bNESsg</usedField>
    <usedField>#_pu3ns5AbEe69cu6-bNESsg</usedField>
    <usedField>#_pu3nspAbEe69cu6-bNESsg</usedField>
    <usedField>#_pu3nuJAbEe69cu6-bNESsg</usedField>
    <usedField>#_pu3ntJAbEe69cu6-bNESsg</usedField>
    <usedField>#_pu3nsZAbEe69cu6-bNESsg</usedField>
    <usedField>#_pu3ntZAbEe69cu6-bNESsg</usedField>
    <usedField>#_pu3ntpAbEe69cu6-bNESsg</usedField>
    <usedField>#_08HjQpAbEe69cu6-bNESsg</usedField>
    <usedField>#_08HjRJAbEe69cu6-bNESsg</usedField>
    <usedField>#_08HjQ5AbEe69cu6-bNESsg</usedField>
    <usedField>#_CsWjgpAdEe69cu6-bNESsg</usedField>
    <usedField>#_CsWjhJAdEe69cu6-bNESsg</usedField>
    <usedField>#_CsWjg5AdEe69cu6-bNESsg</usedField>
    <usedField>#_SPaBspAdEe69cu6-bNESsg</usedField>
    <usedField>#_SPaBtJAdEe69cu6-bNESsg</usedField>
    <usedField>#_SPaBs5AdEe69cu6-bNESsg</usedField>
    <usedField>#_ZwlUIpAdEe69cu6-bNESsg</usedField>
    <usedField>#_ZwlUJJAdEe69cu6-bNESsg</usedField>
    <usedField>#_ZwlUI5AdEe69cu6-bNESsg</usedField>
  </hint>
  <diagram><![CDATA[<?xml version="1.0" encoding="UTF-8"?>
<notation:Diagram xmi:version="2.0" xmlns:xmi="http://www.omg.org/XMI" xmlns:xsi="http://www.w3.org/2001/XMLSchema-instance" xmlns:map="http://www.indy.com/v2/map" xmlns:notation="http://www.eclipse.org/gmf/runtime/1.0.1/notation" xsi:schemaLocation="http://www.eclipse.org/gmf/runtime/1.0.1/notation " xmi:id="_ax9jgJAbEe69cu6-bNESsg" type="Map" measurementUnit="Pixel">
  <children xmi:type="notation:Shape" xmi:id="_pu9uUpAbEe69cu6-bNESsg" type="2004" fontName="Segoe UI">
    <children xmi:type="notation:DecorationNode" xmi:id="_pu9uVJAbEe69cu6-bNESsg" type="5005"/>
    <children xmi:type="notation:DecorationNode" xmi:id="_pu9uVZAbEe69cu6-bNESsg" type="5007"/>
    <children xmi:type="notation:DecorationNode" xmi:id="_pu9uVpAbEe69cu6-bNESsg" type="7003"/>
    <children xmi:type="notation:DecorationNode" xmi:id="_pu9uV5AbEe69cu6-bNESsg" type="7009"/>
    <children xmi:type="notation:BasicCompartment" xmi:id="_pu9uWJAbEe69cu6-bNESsg" type="7004">
      <styles xmi:type="notation:SortingStyle" xmi:id="_pu9uWZAbEe69cu6-bNESsg"/>
      <styles xmi:type="notation:FilteringStyle" xmi:id="_pu9uWpAbEe69cu6-bNESsg"/>
    </children>
    <children xmi:type="notation:DecorationNode" xmi:id="_pu9uW5AbEe69cu6-bNESsg" type="5009">
      <styles xmi:type="notation:DrawerStyle" xmi:id="_pu9uXJAbEe69cu6-bNESsg"/>
    </children>
    <children xmi:type="notation:DecorationNode" xmi:id="_pu9uXZAbEe69cu6-bNESsg" type="7005">
      <styles xmi:type="notation:SortingStyle" xmi:id="_pu9uXpAbEe69cu6-bNESsg"/>
      <styles xmi:type="notation:FilteringStyle" xmi:id="_pu9uX5AbEe69cu6-bNESsg"/>
    </children>
    <children xmi:type="notation:BasicCompartment" xmi:id="_pu9uYJAbEe69cu6-bNESsg" type="7007"/>
    <children xmi:type="notation:DecorationNode" xmi:id="_pu9uYZAbEe69cu6-bNESsg" type="5009">
      <styles xmi:type="notation:DrawerStyle" xmi:id="_pu9uYpAbEe69cu6-bNESsg"/>
    </children>
    <element xmi:type="map:Datastore" href="resource.map#_puqzYJAbEe69cu6-bNESsg?fileId=_axJEIJAbEe69cu6-bNESsg$type=map?"/>
    <layoutConstraint xmi:type="notation:Bounds" xmi:id="_pu9uU5AbEe69cu6-bNESsg" x="217" y="100"/>
  </children>
  <children xmi:type="notation:Node" xmi:id="_S7Q3kJAcEe69cu6-bNESsg" type="2002">
    <styles xmi:type="notation:DescriptionStyle" xmi:id="_S7Q3kZAcEe69cu6-bNESsg"/>
    <styles xmi:type="notation:FontStyle" xmi:id="_S7Q3kpAcEe69cu6-bNESsg" fontName="Segoe UI"/>
    <styles xmi:type="notation:FillStyle" xmi:id="_S7Q3k5AcEe69cu6-bNESsg"/>
    <element xmi:type="map:Filter" href="resource.map#_S5mDoJAcEe69cu6-bNESsg?fileId=_axJEIJAbEe69cu6-bNESsg$type=map?"/>
    <layoutConstraint xmi:type="notation:Bounds" xmi:id="_S7Q3lJAcEe69cu6-bNESsg" x="550" y="121"/>
  </children>
  <children xmi:type="notation:Node" xmi:id="_3X5MsJAcEe69cu6-bNESsg" type="2005">
    <styles xmi:type="notation:DescriptionStyle" xmi:id="_3X5MsZAcEe69cu6-bNESsg"/>
    <styles xmi:type="notation:FontStyle" xmi:id="_3X5MspAcEe69cu6-bNESsg" fontName="Segoe UI"/>
    <styles xmi:type="notation:FillStyle" xmi:id="_3X5Ms5AcEe69cu6-bNESsg"/>
    <element xmi:type="map:Join" href="resource.map#_3XgLIJAcEe69cu6-bNESsg?fileId=_axJEIJAbEe69cu6-bNESsg$type=map?"/>
    <layoutConstraint xmi:type="notation:Bounds" xmi:id="_3X5MtJAcEe69cu6-bNESsg" x="471" y="252"/>
  </children>
  <children xmi:type="notation:Shape" xmi:id="_08HjVZAbEe69cu6-bNESsg" type="2004" fontName="Segoe UI">
    <children xmi:type="notation:DecorationNode" xmi:id="_08HjV5AbEe69cu6-bNESsg" type="5005"/>
    <children xmi:type="notation:DecorationNode" xmi:id="_08HjWJAbEe69cu6-bNESsg" type="5007"/>
    <children xmi:type="notation:DecorationNode" xmi:id="_08HjWZAbEe69cu6-bNESsg" type="7003"/>
    <children xmi:type="notation:DecorationNode" xmi:id="_08HjWpAbEe69cu6-bNESsg" type="7009"/>
    <children xmi:type="notation:BasicCompartment" xmi:id="_08HjW5AbEe69cu6-bNESsg" type="7004">
      <styles xmi:type="notation:SortingStyle" xmi:id="_08HjXJAbEe69cu6-bNESsg"/>
      <styles xmi:type="notation:FilteringStyle" xmi:id="_08HjXZAbEe69cu6-bNESsg"/>
    </children>
    <children xmi:type="notation:DecorationNode" xmi:id="_08HjXpAbEe69cu6-bNESsg" type="5009">
      <styles xmi:type="notation:DrawerStyle" xmi:id="_08HjX5AbEe69cu6-bNESsg"/>
    </children>
    <children xmi:type="notation:DecorationNode" xmi:id="_08HjYJAbEe69cu6-bNESsg" type="7005">
      <styles xmi:type="notation:SortingStyle" xmi:id="_08HjYZAbEe69cu6-bNESsg"/>
      <styles xmi:type="notation:FilteringStyle" xmi:id="_08HjYpAbEe69cu6-bNESsg"/>
    </children>
    <children xmi:type="notation:BasicCompartment" xmi:id="_08HjY5AbEe69cu6-bNESsg" type="7007"/>
    <element xmi:type="map:Datastore" href="resource.map#_08HjQJAbEe69cu6-bNESsg?fileId=_axJEIJAbEe69cu6-bNESsg$type=map?"/>
    <layoutConstraint xmi:type="notation:Bounds" xmi:id="_08HjVpAbEe69cu6-bNESsg" x="616" y="163"/>
  </children>
  <children xmi:type="notation:Node" xmi:id="_5QJHwJAcEe69cu6-bNESsg" type="2002">
    <styles xmi:type="notation:DescriptionStyle" xmi:id="_5QJHwZAcEe69cu6-bNESsg"/>
    <styles xmi:type="notation:FontStyle" xmi:id="_5QJHwpAcEe69cu6-bNESsg" fontName="Segoe UI"/>
    <styles xmi:type="notation:FillStyle" xmi:id="_5QJHw5AcEe69cu6-bNESsg"/>
    <element xmi:type="map:Filter" href="resource.map#_5P86gJAcEe69cu6-bNESsg?fileId=_axJEIJAbEe69cu6-bNESsg$type=map?"/>
    <layoutConstraint xmi:type="notation:Bounds" xmi:id="_5QJHxJAcEe69cu6-bNESsg" x="832" y="205"/>
  </children>
  <children xmi:type="notation:Shape" xmi:id="_CscqJ5AdEe69cu6-bNESsg" type="2004" fontName="Segoe UI">
    <children xmi:type="notation:DecorationNode" xmi:id="_CscqKZAdEe69cu6-bNESsg" type="5005"/>
    <children xmi:type="notation:DecorationNode" xmi:id="_CscqKpAdEe69cu6-bNESsg" type="5007"/>
    <children xmi:type="notation:DecorationNode" xmi:id="_CscqK5AdEe69cu6-bNESsg" type="7003"/>
    <children xmi:type="notation:DecorationNode" xmi:id="_CscqLJAdEe69cu6-bNESsg" type="7009"/>
    <children xmi:type="notation:BasicCompartment" xmi:id="_CscqLZAdEe69cu6-bNESsg" type="7004">
      <styles xmi:type="notation:SortingStyle" xmi:id="_CscqLpAdEe69cu6-bNESsg"/>
      <styles xmi:type="notation:FilteringStyle" xmi:id="_CscqL5AdEe69cu6-bNESsg"/>
    </children>
    <children xmi:type="notation:DecorationNode" xmi:id="_CscqMJAdEe69cu6-bNESsg" type="5009">
      <styles xmi:type="notation:DrawerStyle" xmi:id="_CscqMZAdEe69cu6-bNESsg"/>
    </children>
    <children xmi:type="notation:DecorationNode" xmi:id="_CscqMpAdEe69cu6-bNESsg" type="7005">
      <styles xmi:type="notation:SortingStyle" xmi:id="_CscqM5AdEe69cu6-bNESsg"/>
      <styles xmi:type="notation:FilteringStyle" xmi:id="_CscqNJAdEe69cu6-bNESsg"/>
    </children>
    <children xmi:type="notation:BasicCompartment" xmi:id="_CscqNZAdEe69cu6-bNESsg" type="7007"/>
    <element xmi:type="map:Datastore" href="resource.map#_CsWjgJAdEe69cu6-bNESsg?fileId=_axJEIJAbEe69cu6-bNESsg$type=map?"/>
    <layoutConstraint xmi:type="notation:Bounds" xmi:id="_CscqKJAdEe69cu6-bNESsg" x="628" y="313"/>
  </children>
  <children xmi:type="notation:Node" xmi:id="_OjQgEJAdEe69cu6-bNESsg" type="2002">
    <styles xmi:type="notation:DescriptionStyle" xmi:id="_OjQgEZAdEe69cu6-bNESsg"/>
    <styles xmi:type="notation:FontStyle" xmi:id="_OjQgEpAdEe69cu6-bNESsg" fontName="Segoe UI"/>
    <styles xmi:type="notation:FillStyle" xmi:id="_OjQgE5AdEe69cu6-bNESsg"/>
    <element xmi:type="map:Filter" href="resource.map#_OjAocJAdEe69cu6-bNESsg?fileId=_axJEIJAbEe69cu6-bNESsg$type=map?"/>
    <layoutConstraint xmi:type="notation:Bounds" xmi:id="_OjQgFJAdEe69cu6-bNESsg" x="854" y="331"/>
  </children>
  <children xmi:type="notation:Shape" xmi:id="_SPpSQJAdEe69cu6-bNESsg" type="2004" fontName="Segoe UI">
    <children xmi:type="notation:DecorationNode" xmi:id="_SPpSQpAdEe69cu6-bNESsg" type="5005"/>
    <children xmi:type="notation:DecorationNode" xmi:id="_SPpSQ5AdEe69cu6-bNESsg" type="5007"/>
    <children xmi:type="notation:DecorationNode" xmi:id="_SPpSRJAdEe69cu6-bNESsg" type="7003"/>
    <children xmi:type="notation:DecorationNode" xmi:id="_SPpSRZAdEe69cu6-bNESsg" type="7009"/>
    <children xmi:type="notation:BasicCompartment" xmi:id="_SPpSRpAdEe69cu6-bNESsg" type="7004">
      <styles xmi:type="notation:SortingStyle" xmi:id="_SPpSR5AdEe69cu6-bNESsg"/>
      <styles xmi:type="notation:FilteringStyle" xmi:id="_SPpSSJAdEe69cu6-bNESsg"/>
    </children>
    <children xmi:type="notation:DecorationNode" xmi:id="_SPpSSZAdEe69cu6-bNESsg" type="5009">
      <styles xmi:type="notation:DrawerStyle" xmi:id="_SPpSSpAdEe69cu6-bNESsg"/>
    </children>
    <children xmi:type="notation:DecorationNode" xmi:id="_SPpSS5AdEe69cu6-bNESsg" type="7005">
      <styles xmi:type="notation:SortingStyle" xmi:id="_SPpSTJAdEe69cu6-bNESsg"/>
      <styles xmi:type="notation:FilteringStyle" xmi:id="_SPpSTZAdEe69cu6-bNESsg"/>
    </children>
    <children xmi:type="notation:BasicCompartment" xmi:id="_SPpSTpAdEe69cu6-bNESsg" type="7007"/>
    <element xmi:type="map:Datastore" href="resource.map#_SPaBsJAdEe69cu6-bNESsg?fileId=_axJEIJAbEe69cu6-bNESsg$type=map?"/>
    <layoutConstraint xmi:type="notation:Bounds" xmi:id="_SPpSQZAdEe69cu6-bNESsg" x="623" y="421"/>
  </children>
  <children xmi:type="notation:Node" xmi:id="_UWYVQJAdEe69cu6-bNESsg" type="2005">
    <styles xmi:type="notation:DescriptionStyle" xmi:id="_UWYVQZAdEe69cu6-bNESsg"/>
    <styles xmi:type="notation:FontStyle" xmi:id="_UWYVQpAdEe69cu6-bNESsg" fontName="Segoe UI"/>
    <styles xmi:type="notation:FillStyle" xmi:id="_UWYVQ5AdEe69cu6-bNESsg"/>
    <element xmi:type="map:Join" href="resource.map#_UWJEsJAdEe69cu6-bNESsg?fileId=_axJEIJAbEe69cu6-bNESsg$type=map?"/>
    <layoutConstraint xmi:type="notation:Bounds" xmi:id="_UWYVRJAdEe69cu6-bNESsg" x="502" y="346"/>
  </children>
  <children xmi:type="notation:Node" xmi:id="_VDeEwJAdEe69cu6-bNESsg" type="2002">
    <styles xmi:type="notation:DescriptionStyle" xmi:id="_VDeEwZAdEe69cu6-bNESsg"/>
    <styles xmi:type="notation:FontStyle" xmi:id="_VDeEwpAdEe69cu6-bNESsg" fontName="Segoe UI"/>
    <styles xmi:type="notation:FillStyle" xmi:id="_VDeEw5AdEe69cu6-bNESsg"/>
    <element xmi:type="map:Filter" href="resource.map#_VDONIJAdEe69cu6-bNESsg?fileId=_axJEIJAbEe69cu6-bNESsg$type=map?"/>
    <layoutConstraint xmi:type="notation:Bounds" xmi:id="_VDeExJAdEe69cu6-bNESsg" x="886" y="456"/>
  </children>
  <children xmi:type="notation:Node" xmi:id="_cF3JcJAdEe69cu6-bNESsg" type="2005">
    <styles xmi:type="notation:DescriptionStyle" xmi:id="_cF3JcZAdEe69cu6-bNESsg"/>
    <styles xmi:type="notation:FontStyle" xmi:id="_cF3JcpAdEe69cu6-bNESsg" fontName="Segoe UI"/>
    <styles xmi:type="notation:FillStyle" xmi:id="_cF3Jc5AdEe69cu6-bNESsg"/>
    <element xmi:type="map:Join" href="resource.map#_cFhLMJAdEe69cu6-bNESsg?fileId=_axJEIJAbEe69cu6-bNESsg$type=map?"/>
    <layoutConstraint xmi:type="notation:Bounds" xmi:id="_cF3JdJAdEe69cu6-bNESsg" x="563" y="574"/>
  </children>
  <children xmi:type="notation:Node" xmi:id="_FkWrYJAdEe69cu6-bNESsg" type="2005">
    <styles xmi:type="notation:DescriptionStyle" xmi:id="_FkWrYZAdEe69cu6-bNESsg"/>
    <styles xmi:type="notation:FontStyle" xmi:id="_FkWrYpAdEe69cu6-bNESsg" fontName="Segoe UI"/>
    <styles xmi:type="notation:FillStyle" xmi:id="_FkWrY5AdEe69cu6-bNESsg"/>
    <element xmi:type="map:Join" href="resource.map#_Fj9CwJAdEe69cu6-bNESsg?fileId=_axJEIJAbEe69cu6-bNESsg$type=map?"/>
    <layoutConstraint xmi:type="notation:Bounds" xmi:id="_FkWrZJAdEe69cu6-bNESsg" x="496" y="304"/>
  </children>
  <children xmi:type="notation:Shape" xmi:id="_Zw1LwJAdEe69cu6-bNESsg" type="2004" fontName="Segoe UI">
    <children xmi:type="notation:DecorationNode" xmi:id="_Zw1LwpAdEe69cu6-bNESsg" type="5005"/>
    <children xmi:type="notation:DecorationNode" xmi:id="_Zw1Lw5AdEe69cu6-bNESsg" type="5007"/>
    <children xmi:type="notation:DecorationNode" xmi:id="_Zw1LxJAdEe69cu6-bNESsg" type="7003"/>
    <children xmi:type="notation:DecorationNode" xmi:id="_Zw1LxZAdEe69cu6-bNESsg" type="7009"/>
    <children xmi:type="notation:BasicCompartment" xmi:id="_Zw1LxpAdEe69cu6-bNESsg" type="7004">
      <styles xmi:type="notation:SortingStyle" xmi:id="_Zw1Lx5AdEe69cu6-bNESsg"/>
      <styles xmi:type="notation:FilteringStyle" xmi:id="_Zw1LyJAdEe69cu6-bNESsg"/>
    </children>
    <children xmi:type="notation:DecorationNode" xmi:id="_Zw1LyZAdEe69cu6-bNESsg" type="5009">
      <styles xmi:type="notation:DrawerStyle" xmi:id="_Zw1LypAdEe69cu6-bNESsg"/>
    </children>
    <children xmi:type="notation:DecorationNode" xmi:id="_Zw1Ly5AdEe69cu6-bNESsg" type="7005">
      <styles xmi:type="notation:SortingStyle" xmi:id="_Zw1LzJAdEe69cu6-bNESsg"/>
      <styles xmi:type="notation:FilteringStyle" xmi:id="_Zw1LzZAdEe69cu6-bNESsg"/>
    </children>
    <children xmi:type="notation:BasicCompartment" xmi:id="_Zw1LzpAdEe69cu6-bNESsg" type="7007"/>
    <element xmi:type="map:Datastore" href="resource.map#_ZwlUIJAdEe69cu6-bNESsg?fileId=_axJEIJAbEe69cu6-bNESsg$type=map?"/>
    <layoutConstraint xmi:type="notation:Bounds" xmi:id="_Zw1LwZAdEe69cu6-bNESsg" x="959" y="525"/>
  </children>
  <children xmi:type="notation:Shape" xmi:id="_H7pgoJAiEe69cu6-bNESsg" type="2004" fontName="Segoe UI">
    <children xmi:type="notation:DecorationNode" xmi:id="_H7pgopAiEe69cu6-bNESsg" type="5005"/>
    <children xmi:type="notation:DecorationNode" xmi:id="_H7pgo5AiEe69cu6-bNESsg" type="5007"/>
    <children xmi:type="notation:DecorationNode" xmi:id="_H7pgpJAiEe69cu6-bNESsg" type="7003"/>
    <children xmi:type="notation:DecorationNode" xmi:id="_H7pgpZAiEe69cu6-bNESsg" type="7009"/>
    <children xmi:type="notation:BasicCompartment" xmi:id="_H7pgppAiEe69cu6-bNESsg" type="7004">
      <styles xmi:type="notation:SortingStyle" xmi:id="_H7pgp5AiEe69cu6-bNESsg"/>
      <styles xmi:type="notation:FilteringStyle" xmi:id="_H7pgqJAiEe69cu6-bNESsg"/>
    </children>
    <children xmi:type="notation:DecorationNode" xmi:id="_H7pgqZAiEe69cu6-bNESsg" type="5009">
      <styles xmi:type="notation:DrawerStyle" xmi:id="_H7pgqpAiEe69cu6-bNESsg"/>
    </children>
    <children xmi:type="notation:DecorationNode" xmi:id="_H7pgq5AiEe69cu6-bNESsg" type="7005">
      <styles xmi:type="notation:SortingStyle" xmi:id="_H7pgrJAiEe69cu6-bNESsg"/>
      <styles xmi:type="notation:FilteringStyle" xmi:id="_H7pgrZAiEe69cu6-bNESsg"/>
    </children>
    <children xmi:type="notation:BasicCompartment" xmi:id="_H7pgrpAiEe69cu6-bNESsg" type="7007"/>
    <element xmi:type="map:Datastore" href="resource.map#_H7ZpAJAiEe69cu6-bNESsg?fileId=_axJEIJAbEe69cu6-bNESsg$type=map?"/>
    <layoutConstraint xmi:type="notation:Bounds" xmi:id="_H7pgoZAiEe69cu6-bNESsg" x="1122" y="180"/>
  </children>
  <styles xmi:type="notation:DiagramStyle" xmi:id="_ax9jgZAbEe69cu6-bNESsg"/>
  <element xmi:type="map:Map" href="resource.map#_axJEIJAbEe69cu6-bNESsg?fileId=_axJEIJAbEe69cu6-bNESsg$type=map$name=SAS%20telephone?"/>
  <edges xmi:type="notation:Edge" xmi:id="_S7Q3lZAcEe69cu6-bNESsg" type="joinLink" source="_S7Q3kJAcEe69cu6-bNESsg" target="_pu9uUpAbEe69cu6-bNESsg">
    <element xsi:nil="true"/>
    <bendpoints xmi:type="notation:RelativeBendpoints" xmi:id="_S7Q3lpAcEe69cu6-bNESsg" points="[0, 0, -299, -239]$[217, 173, -82, -66]"/>
  </edges>
  <edges xmi:type="notation:Edge" xmi:id="_3X5MtZAcEe69cu6-bNESsg" type="joinLink" source="_3X5MsJAcEe69cu6-bNESsg" target="_pu9uUpAbEe69cu6-bNESsg">
    <element xsi:nil="true"/>
    <bendpoints xmi:type="notation:RelativeBendpoints" xmi:id="_3X5MtpAcEe69cu6-bNESsg" points="[-1, -1, -300, -240]$[217, 173, -82, -66]"/>
  </edges>
  <edges xmi:type="notation:Edge" xmi:id="_3X5Mt5AcEe69cu6-bNESsg" type="joinLink" source="_3X5MsJAcEe69cu6-bNESsg" target="_08HjVZAbEe69cu6-bNESsg">
    <element xsi:nil="true"/>
    <bendpoints xmi:type="notation:RelativeBendpoints" xmi:id="_3X5MuJAcEe69cu6-bNESsg" points="[-1, -1, -749, -306]$[683, 278, -65, -27]"/>
  </edges>
  <edges xmi:type="notation:Edge" xmi:id="_FkWrZZAdEe69cu6-bNESsg" type="joinLink" source="_FkWrYJAdEe69cu6-bNESsg" target="_CscqJ5AdEe69cu6-bNESsg">
    <element xsi:nil="true"/>
    <bendpoints xmi:type="notation:RelativeBendpoints" xmi:id="_FkWrZpAdEe69cu6-bNESsg" points="[-1, -1, -624, -427]$[559, 383, -64, -43]"/>
  </edges>
  <edges xmi:type="notation:Edge" xmi:id="_FkWrZ5AdEe69cu6-bNESsg" type="joinLink" source="_FkWrYJAdEe69cu6-bNESsg" target="_pu9uUpAbEe69cu6-bNESsg">
    <element xsi:nil="true"/>
    <bendpoints xmi:type="notation:RelativeBendpoints" xmi:id="_FkWraJAdEe69cu6-bNESsg" points="[-1, -1, -300, -240]$[217, 173, -82, -66]"/>
  </edges>
  <edges xmi:type="notation:Edge" xmi:id="_OjQgFZAdEe69cu6-bNESsg" type="joinLink" source="_OjQgEJAdEe69cu6-bNESsg" target="_CscqJ5AdEe69cu6-bNESsg">
    <element xsi:nil="true"/>
    <bendpoints xmi:type="notation:RelativeBendpoints" xmi:id="_OjQgFpAdEe69cu6-bNESsg" points="[0, 0, -627, -426]$[563, 383, -64, -43]"/>
  </edges>
  <edges xmi:type="notation:Edge" xmi:id="_UWYVRZAdEe69cu6-bNESsg" type="joinLink" source="_UWYVQJAdEe69cu6-bNESsg" target="_pu9uUpAbEe69cu6-bNESsg">
    <element xsi:nil="true"/>
    <bendpoints xmi:type="notation:RelativeBendpoints" xmi:id="_UWYVRpAdEe69cu6-bNESsg" points="[-1, -1, -300, -240]$[217, 173, -82, -66]"/>
  </edges>
  <edges xmi:type="notation:Edge" xmi:id="_UWiGQJAdEe69cu6-bNESsg" type="joinLink" source="_UWYVQJAdEe69cu6-bNESsg" target="_SPpSQJAdEe69cu6-bNESsg">
    <element xsi:nil="true"/>
    <bendpoints xmi:type="notation:RelativeBendpoints" xmi:id="_UWiGQZAdEe69cu6-bNESsg" points="[-1, -1, -689, -465]$[623, 420, -65, -44]"/>
  </edges>
  <edges xmi:type="notation:Edge" xmi:id="_VDeExZAdEe69cu6-bNESsg" type="joinLink" source="_VDeEwJAdEe69cu6-bNESsg" target="_SPpSQJAdEe69cu6-bNESsg">
    <element xsi:nil="true"/>
    <bendpoints xmi:type="notation:RelativeBendpoints" xmi:id="_VDeExpAdEe69cu6-bNESsg" points="[0, 0, -688, -464]$[623, 420, -65, -44]"/>
  </edges>
  <edges xmi:type="notation:Edge" xmi:id="_cF3JdZAdEe69cu6-bNESsg" type="joinLink" source="_cF3JcJAdEe69cu6-bNESsg" target="_pu9uUpAbEe69cu6-bNESsg">
    <element xsi:nil="true"/>
    <bendpoints xmi:type="notation:RelativeBendpoints" xmi:id="_cF3JdpAdEe69cu6-bNESsg" points="[-1, -1, -300, -240]$[217, 173, -82, -66]"/>
  </edges>
  <edges xmi:type="notation:Edge" xmi:id="_cF3Jd5AdEe69cu6-bNESsg" type="joinLink" source="_cF3JcJAdEe69cu6-bNESsg" target="_Zw1LwJAdEe69cu6-bNESsg">
    <element xsi:nil="true"/>
    <bendpoints xmi:type="notation:RelativeBendpoints" xmi:id="_cF3JeJAdEe69cu6-bNESsg" points="[8, 10, -234, -256]$[202, 223, -40, -43]"/>
  </edges>
  <edges xmi:type="notation:Edge" xmi:id="_07AzMJAfEe69cu6-bNESsg" type="joinLink" source="_5QJHwJAcEe69cu6-bNESsg" target="_08HjVZAbEe69cu6-bNESsg">
    <element xsi:nil="true"/>
    <bendpoints xmi:type="notation:RelativeBendpoints" xmi:id="_07AzMZAfEe69cu6-bNESsg" points="[-15, -2, 143, 12]$[-84, -8, 74, 6]"/>
  </edges>
  <edges xmi:type="notation:Edge" xmi:id="_K_N_UJAiEe69cu6-bNESsg" type="targetLink" source="_H7pgoJAiEe69cu6-bNESsg" target="_pu9uUpAbEe69cu6-bNESsg">
    <element xsi:nil="true"/>
    <bendpoints xmi:type="notation:RelativeBendpoints" xmi:id="_K_N_UZAiEe69cu6-bNESsg" points="[-98, -5, 775, 43]$[-791, -43, 82, 5]"/>
  </edges>
  <edges xmi:type="notation:Edge" xmi:id="_K_OmYJAiEe69cu6-bNESsg" type="targetDataSetLink" source="_H7pgoJAiEe69cu6-bNESsg" target="_H7pgoJAiEe69cu6-bNESsg">
    <element xmi:type="map:DataSet" href="resource.map#_kQrEMJAcEe69cu6-bNESsg?fileId=_axJEIJAbEe69cu6-bNESsg$type=map?"/>
    <bendpoints xmi:type="notation:RelativeBendpoints" xmi:id="_K_OmYZAiEe69cu6-bNESsg" points="[0, 0, 0, 0]$[0, 0, 0, 0]"/>
  </edges>
  <edges xmi:type="notation:Edge" xmi:id="_K_PNcJAiEe69cu6-bNESsg" type="targetSetLink" source="_H7pgoJAiEe69cu6-bNESsg" target="_H7pgoJAiEe69cu6-bNESsg">
    <element xmi:type="map:SetDescriptor" href="resource.map#_K-7rcJAiEe69cu6-bNESsg?fileId=_axJEIJAbEe69cu6-bNESsg$type=map?"/>
    <bendpoints xmi:type="notation:RelativeBendpoints" xmi:id="_K_PNcZAiEe69cu6-bNESsg" points="[0, 0, 0, 0]$[0, 0, 0, 0]"/>
  </edges>
  <edges xmi:type="notation:Edge" xmi:id="_MeI0YJAiEe69cu6-bNESsg" type="targetLink" source="_H7pgoJAiEe69cu6-bNESsg" target="_08HjVZAbEe69cu6-bNESsg">
    <element xsi:nil="true"/>
    <bendpoints xmi:type="notation:RelativeBendpoints" xmi:id="_MeI0YZAiEe69cu6-bNESsg" points="[-133, -21, 385, 60]$[-444, -69, 74, 12]"/>
  </edges>
  <edges xmi:type="notation:Edge" xmi:id="_M0kXYJAiEe69cu6-bNESsg" type="targetLink" source="_H7pgoJAiEe69cu6-bNESsg" target="_CscqJ5AdEe69cu6-bNESsg">
    <element xsi:nil="true"/>
    <bendpoints xmi:type="notation:RelativeBendpoints" xmi:id="_M0kXYZAiEe69cu6-bNESsg" points="[-180, 23, 371, -46]$[-475, 60, 76, -9]"/>
  </edges>
  <edges xmi:type="notation:Edge" xmi:id="_NGMS4JAiEe69cu6-bNESsg" type="targetLink" source="_H7pgoJAiEe69cu6-bNESsg" target="_SPpSQJAdEe69cu6-bNESsg">
    <element xsi:nil="true"/>
    <bendpoints xmi:type="notation:RelativeBendpoints" xmi:id="_NGMS4ZAiEe69cu6-bNESsg" points="[-180, 57, 379, -120]$[-487, 154, 72, -23]"/>
  </edges>
  <edges xmi:type="notation:Edge" xmi:id="_Nc2fYJAiEe69cu6-bNESsg" type="targetLink" source="_H7pgoJAiEe69cu6-bNESsg" target="_Zw1LwJAdEe69cu6-bNESsg">
    <element xsi:nil="true"/>
    <bendpoints xmi:type="notation:RelativeBendpoints" xmi:id="_Nc2fYZAiEe69cu6-bNESsg" points="[-59, 76, 165, -211]$[-191, 244, 33, -43]"/>
  </edges>
</notation:Diagram>
]]></diagram>
</map:map>