<?xml version="1.0" encoding="UTF-8"?>
<map:map xmlns:map="http://www.indy.com/v2/map" id="_n2-XCIq4Ee6eAd0POgdy0A" internalVersion="8" tech="resource.tech#_waYSMH8VEd2__Mzb_dB76A?fileId=_waYSMH8VEd2__Mzb_dB76A$type=tech$name=flow?">
  <datastore id="_n2-XCYq4Ee6eAd0POgdy0A" alias="SAS_FILESRC" dataset="_PSNwkJXrEe6SOL3_RBRvvg" ref="resource.md#_j44gNJAlEe69cu6-bNESsg?fileId=_CHAaQIUmEe6BKsDnQj9IRA$type=md$name=SAS_FILESRC?" useCDC="false">
    <field id="_n2-XCoq4Ee6eAd0POgdy0A" fullAlias="F4" name="F4" ref="resource.md#_j8QkaJAlEe69cu6-bNESsg?fileId=_CHAaQIUmEe6BKsDnQj9IRA$type=md$name=F4?"/>
    <field id="_n2-XC4q4Ee6eAd0POgdy0A" fullAlias="F5" name="F5" ref="resource.md#_j8QkbpAlEe69cu6-bNESsg?fileId=_CHAaQIUmEe6BKsDnQj9IRA$type=md$name=F5?"/>
    <field id="_n2-XDIq4Ee6eAd0POgdy0A" name="F6" ref="resource.md#_j8QkdJAlEe69cu6-bNESsg?fileId=_CHAaQIUmEe6BKsDnQj9IRA$type=md$name=F6?"/>
    <field id="_n2-XDYq4Ee6eAd0POgdy0A" fullAlias="F3" name="F3" ref="resource.md#_j8QkYpAlEe69cu6-bNESsg?fileId=_CHAaQIUmEe6BKsDnQj9IRA$type=md$name=F3?"/>
    <field id="_n2-XDoq4Ee6eAd0POgdy0A" fullAlias="F12" name="F12" ref="resource.md#_j8QkmJAlEe69cu6-bNESsg?fileId=_CHAaQIUmEe6BKsDnQj9IRA$type=md$name=F12?"/>
    <field id="_n2-XD4q4Ee6eAd0POgdy0A" fullAlias="F9" name="F9" ref="resource.md#_j8QkhpAlEe69cu6-bNESsg?fileId=_CHAaQIUmEe6BKsDnQj9IRA$type=md$name=F9?"/>
    <field id="_n2-XEIq4Ee6eAd0POgdy0A" fullAlias="F1" name="F1" ref="resource.md#_j8QkVpAlEe69cu6-bNESsg?fileId=_CHAaQIUmEe6BKsDnQj9IRA$type=md$name=F1?"/>
    <field id="_n2-XEYq4Ee6eAd0POgdy0A" fullAlias="F2" name="F2" ref="resource.md#_j8QkXJAlEe69cu6-bNESsg?fileId=_CHAaQIUmEe6BKsDnQj9IRA$type=md$name=F2?"/>
    <field id="_n2-XEoq4Ee6eAd0POgdy0A" fullAlias="FILE_NOM" name="FILE_NOM" ref="resource.md#_j8QkUJAlEe69cu6-bNESsg?fileId=_CHAaQIUmEe6BKsDnQj9IRA$type=md$name=FILE_NOM?"/>
    <field id="_n2-XE4q4Ee6eAd0POgdy0A" fullAlias="F7" name="F7" ref="resource.md#_j8QkepAlEe69cu6-bNESsg?fileId=_CHAaQIUmEe6BKsDnQj9IRA$type=md$name=F7?"/>
    <field id="_n2-XFIq4Ee6eAd0POgdy0A" fullAlias="F8" name="F8" ref="resource.md#_j8QkgJAlEe69cu6-bNESsg?fileId=_CHAaQIUmEe6BKsDnQj9IRA$type=md$name=F8?"/>
    <field id="_n2-XFYq4Ee6eAd0POgdy0A" fullAlias="F10" name="F10" ref="resource.md#_j8QkjJAlEe69cu6-bNESsg?fileId=_CHAaQIUmEe6BKsDnQj9IRA$type=md$name=F10?"/>
    <field id="_n2-XFoq4Ee6eAd0POgdy0A" fullAlias="F11" name="F11" ref="resource.md#_j8QkkpAlEe69cu6-bNESsg?fileId=_CHAaQIUmEe6BKsDnQj9IRA$type=md$name=F11?"/>
    <field id="_n2-XF4q4Ee6eAd0POgdy0A" fullAlias="F13" name="F13" ref="resource.md#_j8QknpAlEe69cu6-bNESsg?fileId=_CHAaQIUmEe6BKsDnQj9IRA$type=md$name=F13?"/>
    <field id="_JfZ-YIq8Ee6eAd0POgdy0A" name="DATE_IMPORT" ref="resource.md#_j8QkpJAlEe69cu6-bNESsg?fileId=_CHAaQIUmEe6BKsDnQj9IRA$type=md$name=DATE_IMPORT?"/>
  </datastore>
  <datastore id="_n2-XGIq4Ee6eAd0POgdy0A" alias="SAS_CLIENT" control="false" dataset="_PSNwkZXrEe6SOL3_RBRvvg" ref="resource.md#_jfbeYZAlEe69cu6-bNESsg?fileId=_CHAaQIUmEe6BKsDnQj9IRA$type=md$name=SAS_CLIENT?" subExpression="[A]">
    <field id="_n2-XGYq4Ee6eAd0POgdy0A" enable="true" insert="true" name="DATE_ANNIVERSAIRE" ref="resource.md#_jlQZupAlEe69cu6-bNESsg?fileId=_CHAaQIUmEe6BKsDnQj9IRA$type=md$name=DATE_ANNIVERSAIRE?" update="true">
      <expression id="_n2-XGoq4Ee6eAd0POgdy0A" setDescriptorRef="_n2-XOIq4Ee6eAd0POgdy0A">
        <expression>TO_DATE('1900.01.01', 'YYYY.MM.DD') + SAS_FILESRC.F10</expression>
      </expression>
    </field>
    <field id="_n2-XG4q4Ee6eAd0POgdy0A" enable="true" insert="true" name="CLE_COMPTE" ref="resource.md#_jlQZlpAlEe69cu6-bNESsg?fileId=_CHAaQIUmEe6BKsDnQj9IRA$type=md$name=CLE_COMPTE?" update="true" updateKey="false">
      <expression id="_n2-XHIq4Ee6eAd0POgdy0A" setDescriptorRef="_n2-XOIq4Ee6eAd0POgdy0A">
        <expression>SAS_FILESRC.F4</expression>
      </expression>
    </field>
    <field id="_n2-XHYq4Ee6eAd0POgdy0A" enable="true" insert="true" name="TYPE" ref="resource.md#_jlQZopAlEe69cu6-bNESsg?fileId=_CHAaQIUmEe6BKsDnQj9IRA$type=md$name=TYPE?" update="true">
      <expression id="_n2-XHoq4Ee6eAd0POgdy0A" setDescriptorRef="_n2-XOIq4Ee6eAd0POgdy0A">
        <expression>TRANSCO.LIBELLE</expression>
      </expression>
    </field>
    <field id="_n2-XH4q4Ee6eAd0POgdy0A" enable="true" insert="true" name="ID_FICHIER" ref="resource.md#_jlWgMJAlEe69cu6-bNESsg?fileId=_CHAaQIUmEe6BKsDnQj9IRA$type=md$name=ID_FICHIER?" update="true">
      <expression id="_n2-XIIq4Ee6eAd0POgdy0A" setDescriptorRef="_n2-XOIq4Ee6eAd0POgdy0A">
        <expression>SOURCE.ID_FICHIER</expression>
      </expression>
    </field>
    <field id="_n2-XIYq4Ee6eAd0POgdy0A" enable="true" insert="true" name="NOM" ref="resource.md#_jlQZtJAlEe69cu6-bNESsg?fileId=_CHAaQIUmEe6BKsDnQj9IRA$type=md$name=NOM?" update="true">
      <expression id="_n2-XIoq4Ee6eAd0POgdy0A" setDescriptorRef="_n2-XOIq4Ee6eAd0POgdy0A">
        <expression>SAS_FILESRC.F9</expression>
      </expression>
    </field>
    <field id="_n2-XI4q4Ee6eAd0POgdy0A" enable="true" insert="true" name="DATE_IMPORT" ref="resource.md#_jlWgNZAlEe69cu6-bNESsg?fileId=_CHAaQIUmEe6BKsDnQj9IRA$type=md$name=DATE_IMPORT?" update="true">
      <expression id="_n2-XJIq4Ee6eAd0POgdy0A" setDescriptorRef="_n2-XOIq4Ee6eAd0POgdy0A">
        <expression>SOURCE.DATE_IMPORT</expression>
      </expression>
    </field>
    <field id="_n2-XJYq4Ee6eAd0POgdy0A" enable="true" insert="true" name="MUTUELLE" ref="resource.md#_jlQZxpAlEe69cu6-bNESsg?fileId=_CHAaQIUmEe6BKsDnQj9IRA$type=md$name=MUTUELLE?" update="true">
      <expression id="_n2-XJoq4Ee6eAd0POgdy0A" setDescriptorRef="_n2-XOIq4Ee6eAd0POgdy0A">
        <expression>TRANSCO_mutuele.LIBELLE</expression>
      </expression>
    </field>
    <field id="_n2-XJ4q4Ee6eAd0POgdy0A" enable="true" insert="true" name="CLE_CLIENT" ref="resource.md#_jlQZkJAlEe69cu6-bNESsg?fileId=_CHAaQIUmEe6BKsDnQj9IRA$type=md$name=CLE_CLIENT?" update="true" updateKey="true">
      <expression id="_n2-XKIq4Ee6eAd0POgdy0A" setDescriptorRef="_n2-XOIq4Ee6eAd0POgdy0A">
        <expression>SAS_FILESRC.F3</expression>
      </expression>
    </field>
    <field id="_n2-XKYq4Ee6eAd0POgdy0A" enable="true" insert="true" name="CIVILITE" ref="resource.md#_jlQZqJAlEe69cu6-bNESsg?fileId=_CHAaQIUmEe6BKsDnQj9IRA$type=md$name=CIVILITE?" update="true">
      <expression id="_n2-XKoq4Ee6eAd0POgdy0A" setDescriptorRef="_n2-XOIq4Ee6eAd0POgdy0A">
        <expression>TRANSCO_civ.LIBELLE</expression>
      </expression>
    </field>
    <field id="_n2-XK4q4Ee6eAd0POgdy0A" enable="true" insert="true" name="SEXE" ref="resource.md#_jlQZwJAlEe69cu6-bNESsg?fileId=_CHAaQIUmEe6BKsDnQj9IRA$type=md$name=SEXE?" update="true">
      <expression id="_n2-XLIq4Ee6eAd0POgdy0A" setDescriptorRef="_n2-XOIq4Ee6eAd0POgdy0A">
        <expression>TRANSCO_sexe.LIBELLE</expression>
      </expression>
    </field>
    <field id="_n2-XLYq4Ee6eAd0POgdy0A" enable="true" insert="true" name="STATUS" ref="resource.md#_jlQZnJAlEe69cu6-bNESsg?fileId=_CHAaQIUmEe6BKsDnQj9IRA$type=md$name=STATUS?" update="true">
      <expression id="_n2-XLoq4Ee6eAd0POgdy0A" setDescriptorRef="_n2-XOIq4Ee6eAd0POgdy0A">
        <expression>SAS_FILESRC.F5</expression>
      </expression>
    </field>
    <field id="_n2-XL4q4Ee6eAd0POgdy0A" enable="true" insert="true" name="PRENOM" ref="resource.md#_jlQZrpAlEe69cu6-bNESsg?fileId=_CHAaQIUmEe6BKsDnQj9IRA$type=md$name=PRENOM?" update="true">
      <expression id="_n2-XMIq4Ee6eAd0POgdy0A" setDescriptorRef="_n2-XOIq4Ee6eAd0POgdy0A">
        <expression>SAS_FILESRC.F8</expression>
      </expression>
    </field>
    <field id="_Y2jwEZWoEe6KJ9B1NiSMNg" enable="true" insert="true" name="ACT" ref="resource.md#_0e0Cl5WkEe6KJ9B1NiSMNg?fileId=_CHAaQIUmEe6BKsDnQj9IRA$type=md$name=ACT?" update="true">
      <expression id="_Y2jwEpWoEe6KJ9B1NiSMNg" setDescriptorRef="_n2-XOIq4Ee6eAd0POgdy0A">
        <expression>SAS_FILESRC.F2</expression>
      </expression>
    </field>
    <constraint id="_n2-XNIq4Ee6eAd0POgdy0A" name="PK_CLE_CLIENT" ref="resource.md#_jlWgO5AlEe69cu6-bNESsg?fileId=_CHAaQIUmEe6BKsDnQj9IRA$type=md$name=PK_CLE_CLIENT?" reject="true"/>
    <constraint id="_7Z0v1ZWoEe6KJ9B1NiSMNg" name="STATUS" ref="resource.md#_zaW-4ZWoEe6KJ9B1NiSMNg?fileId=_CHAaQIUmEe6BKsDnQj9IRA$type=md$name=STATUS?" reject="true"/>
    <constraint id="_7Z0v1pWoEe6KJ9B1NiSMNg" name="ACTION" ref="resource.md#_mzWbEZWoEe6KJ9B1NiSMNg?fileId=_CHAaQIUmEe6BKsDnQj9IRA$type=md$name=ACTION?" reject="true"/>
    <constraint id="_7Z0v15WoEe6KJ9B1NiSMNg" name="type_ligne" ref="resource.md#_aqcvkZWoEe6KJ9B1NiSMNg?fileId=_CHAaQIUmEe6BKsDnQj9IRA$type=md$name=type_ligne?" reject="true"/>
    <setDescriptor id="_n2-XOIq4Ee6eAd0POgdy0A" label="A"/>
  </datastore>
  <datastore id="_6JMvUJAfEe69cu6-bNESsg" alias="SOURCE" dataset="_PSNwkJXrEe6SOL3_RBRvvg" ref="resource.md#_jo7_sZAlEe69cu6-bNESsg?fileId=_CHAaQIUmEe6BKsDnQj9IRA$type=md$name=SOURCE?">
    <field id="_6JNWYZAfEe69cu6-bNESsg" fullAlias="DATE_IMPORT" name="DATE_IMPORT" ref="resource.md#_juUO-5AlEe69cu6-bNESsg?fileId=_CHAaQIUmEe6BKsDnQj9IRA$type=md$name=DATE_IMPORT?"/>
    <field id="_6JMvUpAfEe69cu6-bNESsg" fullAlias="ID_FICHIER" name="ID_FICHIER" ref="resource.md#_juUO8JAlEe69cu6-bNESsg?fileId=_CHAaQIUmEe6BKsDnQj9IRA$type=md$name=ID_FICHIER?" updateKey="true"/>
    <field id="_6JNWYJAfEe69cu6-bNESsg" fullAlias="NOM_FICHIER" name="NOM_FICHIER" ref="resource.md#_juUO9ZAlEe69cu6-bNESsg?fileId=_CHAaQIUmEe6BKsDnQj9IRA$type=md$name=NOM_FICHIER?"/>
    <constraint id="_6JNWYpAfEe69cu6-bNESsg" name="PK_ID_FICHIER" ref="resource.md#_jua8oJAlEe69cu6-bNESsg?fileId=_CHAaQIUmEe6BKsDnQj9IRA$type=md$name=PK_ID_FICHIER?" reject="true"/>
  </datastore>
  <datastore id="_nJ5-cJXrEe6SOL3_RBRvvg" alias="TRANSCO_sexe" dataset="_PSNwkJXrEe6SOL3_RBRvvg" ref="resource.md#_jlWgP5AlEe69cu6-bNESsg?fileId=_CHAaQIUmEe6BKsDnQj9IRA$type=md$name=TRANSCO?">
    <field id="_nJ6lgpXrEe6SOL3_RBRvvg" fullAlias="CODE" name="CODE" ref="resource.md#_jo15FpAlEe69cu6-bNESsg?fileId=_CHAaQIUmEe6BKsDnQj9IRA$type=md$name=CODE?"/>
    <field id="_nJ6lgZXrEe6SOL3_RBRvvg" fullAlias="TYPE" name="TYPE" ref="resource.md#_jo15EJAlEe69cu6-bNESsg?fileId=_CHAaQIUmEe6BKsDnQj9IRA$type=md$name=TYPE?"/>
    <field id="_nJ6lg5XrEe6SOL3_RBRvvg" fullAlias="LIBELLE" name="LIBELLE" ref="resource.md#_jo15HJAlEe69cu6-bNESsg?fileId=_CHAaQIUmEe6BKsDnQj9IRA$type=md$name=LIBELLE?"/>
  </datastore>
  <datastore id="_EbFZgJXsEe6SOL3_RBRvvg" alias="TRANSCO_civ" dataset="_PSNwkJXrEe6SOL3_RBRvvg" ref="resource.md#_jlWgP5AlEe69cu6-bNESsg?fileId=_CHAaQIUmEe6BKsDnQj9IRA$type=md$name=TRANSCO?">
    <field id="_EbFZg5XsEe6SOL3_RBRvvg" fullAlias="CODE" name="CODE" ref="resource.md#_jo15FpAlEe69cu6-bNESsg?fileId=_CHAaQIUmEe6BKsDnQj9IRA$type=md$name=CODE?"/>
    <field id="_EbFZgpXsEe6SOL3_RBRvvg" fullAlias="TYPE" name="TYPE" ref="resource.md#_jo15EJAlEe69cu6-bNESsg?fileId=_CHAaQIUmEe6BKsDnQj9IRA$type=md$name=TYPE?"/>
    <field id="_EbFZhJXsEe6SOL3_RBRvvg" fullAlias="LIBELLE" name="LIBELLE" ref="resource.md#_jo15HJAlEe69cu6-bNESsg?fileId=_CHAaQIUmEe6BKsDnQj9IRA$type=md$name=LIBELLE?"/>
  </datastore>
  <datastore id="_Tn1QgJXsEe6SOL3_RBRvvg" alias="TRANSCO_mutuele" dataset="_PSNwkJXrEe6SOL3_RBRvvg" ref="resource.md#_jlWgP5AlEe69cu6-bNESsg?fileId=_CHAaQIUmEe6BKsDnQj9IRA$type=md$name=TRANSCO?">
    <field id="_Tn1Qg5XsEe6SOL3_RBRvvg" fullAlias="CODE" name="CODE" ref="resource.md#_jo15FpAlEe69cu6-bNESsg?fileId=_CHAaQIUmEe6BKsDnQj9IRA$type=md$name=CODE?"/>
    <field id="_Tn1QgpXsEe6SOL3_RBRvvg" fullAlias="TYPE" name="TYPE" ref="resource.md#_jo15EJAlEe69cu6-bNESsg?fileId=_CHAaQIUmEe6BKsDnQj9IRA$type=md$name=TYPE?"/>
    <field id="_Tn1QhJXsEe6SOL3_RBRvvg" fullAlias="LIBELLE" name="LIBELLE" ref="resource.md#_jo15HJAlEe69cu6-bNESsg?fileId=_CHAaQIUmEe6BKsDnQj9IRA$type=md$name=LIBELLE?"/>
  </datastore>
  <datastore id="_dDTscJXsEe6SOL3_RBRvvg" alias="TRANSCO" dataset="_PSNwkJXrEe6SOL3_RBRvvg" ref="resource.md#_jlWgP5AlEe69cu6-bNESsg?fileId=_CHAaQIUmEe6BKsDnQj9IRA$type=md$name=TRANSCO?">
    <field id="_dDUTgpXsEe6SOL3_RBRvvg" fullAlias="CODE" name="CODE" ref="resource.md#_jo15FpAlEe69cu6-bNESsg?fileId=_CHAaQIUmEe6BKsDnQj9IRA$type=md$name=CODE?"/>
    <field id="_dDUTgZXsEe6SOL3_RBRvvg" fullAlias="TYPE" name="TYPE" ref="resource.md#_jo15EJAlEe69cu6-bNESsg?fileId=_CHAaQIUmEe6BKsDnQj9IRA$type=md$name=TYPE?"/>
    <field id="_dDUTg5XsEe6SOL3_RBRvvg" fullAlias="LIBELLE" name="LIBELLE" ref="resource.md#_jo15HJAlEe69cu6-bNESsg?fileId=_CHAaQIUmEe6BKsDnQj9IRA$type=md$name=LIBELLE?"/>
  </datastore>
  <join id="_9SUcYJAfEe69cu6-bNESsg" location="SRC" left="_n2-XCYq4Ee6eAd0POgdy0A" order="90" right="_6JMvUJAfEe69cu6-bNESsg">
    <expression>SAS_FILESRC.FILE_NOM = SOURCE.NOM_FICHIER</expression>
  </join>
  <join id="_wq-FAJXrEe6SOL3_RBRvvg" location="SRC" joinType="Left_Join" left="_n2-XCYq4Ee6eAd0POgdy0A" order="110" right="_nJ5-cJXrEe6SOL3_RBRvvg">
    <expression>SAS_FILESRC.F11 = TRANSCO_sexe.CODE and TRANSCO_sexe.TYPE = 'SEXE'</expression>
  </join>
  <join id="_G8wFAJXsEe6SOL3_RBRvvg" location="SRC" joinType="Left_Join" left="_n2-XCYq4Ee6eAd0POgdy0A" order="130" right="_EbFZgJXsEe6SOL3_RBRvvg">
    <expression>SAS_FILESRC.F7 = TRANSCO_civ.CODE and TRANSCO_civ.TYPE = 'CIVILITE'</expression>
  </join>
  <join id="_VQvIAJXsEe6SOL3_RBRvvg" location="SRC" joinType="Left_Join" left="_n2-XCYq4Ee6eAd0POgdy0A" order="150" right="_Tn1QgJXsEe6SOL3_RBRvvg">
    <expression>SAS_FILESRC.F12 = TRANSCO_mutuele.CODE and TRANSCO_mutuele.TYPE = 'MUTUELLE'</expression>
  </join>
  <join id="_BJvvIJXtEe6SOL3_RBRvvg" location="SRC" joinType="Left_Join" left="_n2-XCYq4Ee6eAd0POgdy0A" order="170" right="_dDTscJXsEe6SOL3_RBRvvg">
    <expression>SAS_FILESRC.F13 = TRANSCO.CODE and TRANSCO.TYPE = 'TYPE_CLIENT'</expression>
  </join>
  <filter id="_n2-XWIq4Ee6eAd0POgdy0A" location="SRC">
    <expression>SAS_FILESRC.F1 = '200'</expression>
  </filter>
  <template id="_vthWcJAmEe69cu6-bNESsg" name="I_SAS_CLIENT" process="resource.proc#_jkWgEFEJEeO7Vo9WeM2sCg?fileId=_jkWgEFEJEeO7Vo9WeM2sCg$type=proc$name=INTEGRATION%20Oracle?" targetId="_n2-XGIq4Ee6eAd0POgdy0A">
    <parameter id="_zEwcUJXqEe6SOL3_RBRvvg" name="truncateTargetTable" value="true"/>
  </template>
  <dataSet id="_PSNwkJXrEe6SOL3_RBRvvg">
    <container>_n2-XCYq4Ee6eAd0POgdy0A</container>
    <container>_6JMvUJAfEe69cu6-bNESsg</container>
    <container>_nJ5-cJXrEe6SOL3_RBRvvg</container>
    <container>_EbFZgJXsEe6SOL3_RBRvvg</container>
    <container>_Tn1QgJXsEe6SOL3_RBRvvg</container>
    <container>_dDTscJXsEe6SOL3_RBRvvg</container>
  </dataSet>
  <dataSet id="_PSNwkZXrEe6SOL3_RBRvvg">
    <container>_n2-XGIq4Ee6eAd0POgdy0A</container>
  </dataSet>
  <hint>
    <usedField>#_n2-XCoq4Ee6eAd0POgdy0A</usedField>
    <usedField>#_n2-XC4q4Ee6eAd0POgdy0A</usedField>
    <usedField>#_n2-XDYq4Ee6eAd0POgdy0A</usedField>
    <usedField>#_n2-XDoq4Ee6eAd0POgdy0A</usedField>
    <usedField>#_n2-XD4q4Ee6eAd0POgdy0A</usedField>
    <usedField>#_n2-XEIq4Ee6eAd0POgdy0A</usedField>
    <usedField>#_n2-XEYq4Ee6eAd0POgdy0A</usedField>
    <usedField>#_n2-XEoq4Ee6eAd0POgdy0A</usedField>
    <usedField>#_n2-XE4q4Ee6eAd0POgdy0A</usedField>
    <usedField>#_n2-XFIq4Ee6eAd0POgdy0A</usedField>
    <usedField>#_n2-XFYq4Ee6eAd0POgdy0A</usedField>
    <usedField>#_n2-XFoq4Ee6eAd0POgdy0A</usedField>
    <usedField>#_n2-XF4q4Ee6eAd0POgdy0A</usedField>
    <usedField>#_6JNWYZAfEe69cu6-bNESsg</usedField>
    <usedField>#_6JMvUpAfEe69cu6-bNESsg</usedField>
    <usedField>#_6JNWYJAfEe69cu6-bNESsg</usedField>
    <usedField>#_nJ6lgpXrEe6SOL3_RBRvvg</usedField>
    <usedField>#_nJ6lgZXrEe6SOL3_RBRvvg</usedField>
    <usedField>#_nJ6lg5XrEe6SOL3_RBRvvg</usedField>
    <usedField>#_EbFZg5XsEe6SOL3_RBRvvg</usedField>
    <usedField>#_EbFZgpXsEe6SOL3_RBRvvg</usedField>
    <usedField>#_EbFZhJXsEe6SOL3_RBRvvg</usedField>
    <usedField>#_Tn1Qg5XsEe6SOL3_RBRvvg</usedField>
    <usedField>#_Tn1QgpXsEe6SOL3_RBRvvg</usedField>
    <usedField>#_Tn1QhJXsEe6SOL3_RBRvvg</usedField>
    <usedField>#_dDUTgpXsEe6SOL3_RBRvvg</usedField>
    <usedField>#_dDUTgZXsEe6SOL3_RBRvvg</usedField>
    <usedField>#_dDUTg5XsEe6SOL3_RBRvvg</usedField>
  </hint>
  <diagram><![CDATA[<?xml version="1.0" encoding="UTF-8"?>
<notation:Diagram xmi:version="2.0" xmlns:xmi="http://www.omg.org/XMI" xmlns:xsi="http://www.w3.org/2001/XMLSchema-instance" xmlns:map="http://www.indy.com/v2/map" xmlns:notation="http://www.eclipse.org/gmf/runtime/1.0.1/notation" xsi:schemaLocation="http://www.eclipse.org/gmf/runtime/1.0.1/notation " xmi:id="431a74de-7612-4c7c-ae09-8747386500bb" type="Map" measurementUnit="Pixel">
  <children xmi:type="notation:Node" xmi:id="0c5bdf97-f26b-43e0-8c35-d801af0a9be9" type="2002">
    <styles xmi:type="notation:DescriptionStyle" xmi:id="a8df9e3d-0aab-45a3-8973-35792f101f09"/>
    <styles xmi:type="notation:FontStyle" xmi:id="3997f76a-df53-4ec8-b0de-dbb5379c8ba0" fontName="Segoe UI"/>
    <styles xmi:type="notation:FillStyle" xmi:id="0d886648-3450-4366-aa17-56ab33a1a023"/>
    <element xmi:type="map:Filter" href="resource.map#_n2-XWIq4Ee6eAd0POgdy0A?fileId=_n2-XCIq4Ee6eAd0POgdy0A$type=map?"/>
    <layoutConstraint xmi:type="notation:Bounds" xmi:id="fe6154b6-c49a-49bb-8007-4cbeab61390a" x="518" y="10"/>
  </children>
  <children xmi:type="notation:Shape" xmi:id="e6cfcd65-983a-486f-9d3a-ddefc586a0a1" type="2004" fontName="Segoe UI">
    <children xmi:type="notation:DecorationNode" xmi:id="0110044a-5278-47cf-ba8c-9267ceeb619b" type="5005"/>
    <children xmi:type="notation:DecorationNode" xmi:id="99a93c5e-a950-458f-8051-e478f72b6953" type="5007"/>
    <children xmi:type="notation:DecorationNode" xmi:id="b5258d83-fb6a-407f-82a8-581ae10b4e96" type="7003"/>
    <children xmi:type="notation:DecorationNode" xmi:id="45d8bd3d-9674-4edd-8fe8-1d9f2964e734" type="7009"/>
    <children xmi:type="notation:BasicCompartment" xmi:id="973978c4-e57c-4c00-9c0a-d327dbe012f1" type="7004">
      <styles xmi:type="notation:SortingStyle" xmi:id="fa10ca87-295a-4ab5-8aa8-c508feb5fdf3"/>
      <styles xmi:type="notation:FilteringStyle" xmi:id="f9dfb931-ffac-464b-97c0-0a267b9fa89c"/>
    </children>
    <children xmi:type="notation:DecorationNode" xmi:id="ecc62a2c-744e-490c-a342-7967a682137d" type="5009">
      <styles xmi:type="notation:DrawerStyle" xmi:id="42d4d2e8-106c-4e74-bb6e-731c0f5ea554"/>
    </children>
    <children xmi:type="notation:DecorationNode" xmi:id="82eee4e3-836f-41c5-8384-37284bce2d52" type="7005">
      <styles xmi:type="notation:SortingStyle" xmi:id="1b18c8a2-d6db-46f1-85a3-721e89cdc197"/>
      <styles xmi:type="notation:FilteringStyle" xmi:id="23a5f072-2a49-454c-9164-427d859583ab"/>
    </children>
    <children xmi:type="notation:BasicCompartment" xmi:id="f667bc4f-209f-4c47-882b-86b7d4ac00a1" type="7007"/>
    <children xmi:type="notation:DecorationNode" xmi:id="a29be516-0b01-4fd5-9960-493e10061136" type="5009">
      <styles xmi:type="notation:DrawerStyle" xmi:id="55ebcd0b-d3c5-491d-a2b4-09a6351f6c5d"/>
    </children>
    <element xmi:type="map:Datastore" href="resource.map#_n2-XCYq4Ee6eAd0POgdy0A?fileId=_n2-XCIq4Ee6eAd0POgdy0A$type=map?"/>
    <layoutConstraint xmi:type="notation:Bounds" xmi:id="3c5a351d-bc3e-48a4-bc51-5f023b340b9f" x="176" y="165" height="343"/>
  </children>
  <children xmi:type="notation:Node" xmi:id="_9SwhQJAfEe69cu6-bNESsg" type="2005">
    <styles xmi:type="notation:DescriptionStyle" xmi:id="_9SwhQZAfEe69cu6-bNESsg"/>
    <styles xmi:type="notation:FontStyle" xmi:id="_9SwhQpAfEe69cu6-bNESsg" fontName="Segoe UI"/>
    <styles xmi:type="notation:FillStyle" xmi:id="_9SwhQ5AfEe69cu6-bNESsg"/>
    <element xmi:type="map:Join" href="resource.map#_9SUcYJAfEe69cu6-bNESsg?fileId=_n2-XCIq4Ee6eAd0POgdy0A$type=map?"/>
    <layoutConstraint xmi:type="notation:Bounds" xmi:id="_9SwhRJAfEe69cu6-bNESsg" x="248" y="571"/>
  </children>
  <children xmi:type="notation:Shape" xmi:id="_6JgRUJAfEe69cu6-bNESsg" type="2004" fontName="Segoe UI">
    <children xmi:type="notation:DecorationNode" xmi:id="_6JgRUpAfEe69cu6-bNESsg" type="5005"/>
    <children xmi:type="notation:DecorationNode" xmi:id="_6JgRU5AfEe69cu6-bNESsg" type="5007"/>
    <children xmi:type="notation:DecorationNode" xmi:id="_6JgRVJAfEe69cu6-bNESsg" type="7003"/>
    <children xmi:type="notation:DecorationNode" xmi:id="_6JgRVZAfEe69cu6-bNESsg" type="7009"/>
    <children xmi:type="notation:BasicCompartment" xmi:id="_6JgRVpAfEe69cu6-bNESsg" type="7004">
      <styles xmi:type="notation:SortingStyle" xmi:id="_6JgRV5AfEe69cu6-bNESsg"/>
      <styles xmi:type="notation:FilteringStyle" xmi:id="_6JgRWJAfEe69cu6-bNESsg"/>
    </children>
    <children xmi:type="notation:DecorationNode" xmi:id="_6JgRWZAfEe69cu6-bNESsg" type="5009">
      <styles xmi:type="notation:DrawerStyle" xmi:id="_6JgRWpAfEe69cu6-bNESsg"/>
    </children>
    <children xmi:type="notation:DecorationNode" xmi:id="_6JgRW5AfEe69cu6-bNESsg" type="7005">
      <styles xmi:type="notation:SortingStyle" xmi:id="_6JgRXJAfEe69cu6-bNESsg"/>
      <styles xmi:type="notation:FilteringStyle" xmi:id="_6JgRXZAfEe69cu6-bNESsg"/>
    </children>
    <children xmi:type="notation:BasicCompartment" xmi:id="_6JgRXpAfEe69cu6-bNESsg" type="7007"/>
    <element xmi:type="map:Datastore" href="resource.map#_6JMvUJAfEe69cu6-bNESsg?fileId=_n2-XCIq4Ee6eAd0POgdy0A$type=map?"/>
    <layoutConstraint xmi:type="notation:Bounds" xmi:id="_6JgRUZAfEe69cu6-bNESsg" x="519" y="617"/>
  </children>
  <children xmi:type="notation:Shape" xmi:id="849f9b24-f5dd-45a4-a0dd-d23e86b282cd" type="2004" fontName="Segoe UI">
    <children xmi:type="notation:DecorationNode" xmi:id="6bdb245f-6281-43f7-bf8f-aefedad31f3a" type="5005"/>
    <children xmi:type="notation:DecorationNode" xmi:id="b32dbfcd-81cb-45c1-afe8-f59ff4481120" type="5007"/>
    <children xmi:type="notation:DecorationNode" xmi:id="be820f0a-1fee-443f-8c7b-7949cd37012f" type="7003"/>
    <children xmi:type="notation:DecorationNode" xmi:id="93403b21-06af-4e66-a96a-8e3eae5d26a9" type="7009"/>
    <children xmi:type="notation:BasicCompartment" xmi:id="554f9b0d-f526-4cf1-9d1a-71f74d69b2eb" type="7004">
      <styles xmi:type="notation:SortingStyle" xmi:id="3c10e1a6-41ef-41bc-b58a-5ec3ffa2f438"/>
      <styles xmi:type="notation:FilteringStyle" xmi:id="9e234e78-b138-4398-9251-c3aea7ad3452"/>
    </children>
    <children xmi:type="notation:DecorationNode" xmi:id="e65f41cc-31c6-4f29-bdfa-e1e7bf811402" type="5009">
      <styles xmi:type="notation:DrawerStyle" xmi:id="e819d7b2-05a1-48d5-8205-1030e97136b1"/>
    </children>
    <children xmi:type="notation:DecorationNode" xmi:id="3d179128-3158-49c3-bab0-d5b68b5ac52c" type="7005">
      <styles xmi:type="notation:SortingStyle" xmi:id="660b97cc-70c7-416f-a2b3-02d10520a9a5"/>
      <styles xmi:type="notation:FilteringStyle" xmi:id="d7949634-1322-4699-bb94-f39c8ff99841"/>
    </children>
    <children xmi:type="notation:BasicCompartment" xmi:id="5e9363f6-785e-4970-a504-0b5732121b97" type="7007"/>
    <element xmi:type="map:Datastore" href="resource.map#_n2-XGIq4Ee6eAd0POgdy0A?fileId=_n2-XCIq4Ee6eAd0POgdy0A$type=map?"/>
    <layoutConstraint xmi:type="notation:Bounds" xmi:id="8b739d03-8e83-425f-8479-208026e7275c" x="820" y="125"/>
  </children>
  <children xmi:type="notation:Shape" xmi:id="_nKGywJXrEe6SOL3_RBRvvg" type="2004" fontName="Segoe UI">
    <children xmi:type="notation:DecorationNode" xmi:id="_nKGywpXrEe6SOL3_RBRvvg" type="5005"/>
    <children xmi:type="notation:DecorationNode" xmi:id="_nKGyw5XrEe6SOL3_RBRvvg" type="5007"/>
    <children xmi:type="notation:DecorationNode" xmi:id="_nKGyxJXrEe6SOL3_RBRvvg" type="7003"/>
    <children xmi:type="notation:DecorationNode" xmi:id="_nKGyxZXrEe6SOL3_RBRvvg" type="7009"/>
    <children xmi:type="notation:BasicCompartment" xmi:id="_nKGyxpXrEe6SOL3_RBRvvg" type="7004">
      <styles xmi:type="notation:SortingStyle" xmi:id="_nKGyx5XrEe6SOL3_RBRvvg"/>
      <styles xmi:type="notation:FilteringStyle" xmi:id="_nKGyyJXrEe6SOL3_RBRvvg"/>
    </children>
    <children xmi:type="notation:DecorationNode" xmi:id="_nKGyyZXrEe6SOL3_RBRvvg" type="5009">
      <styles xmi:type="notation:DrawerStyle" xmi:id="_nKGyypXrEe6SOL3_RBRvvg"/>
    </children>
    <children xmi:type="notation:DecorationNode" xmi:id="_nKGyy5XrEe6SOL3_RBRvvg" type="7005">
      <styles xmi:type="notation:SortingStyle" xmi:id="_nKGyzJXrEe6SOL3_RBRvvg"/>
      <styles xmi:type="notation:FilteringStyle" xmi:id="_nKGyzZXrEe6SOL3_RBRvvg"/>
    </children>
    <children xmi:type="notation:BasicCompartment" xmi:id="_nKGyzpXrEe6SOL3_RBRvvg" type="7007"/>
    <element xmi:type="map:Datastore" href="resource.map#_nJ5-cJXrEe6SOL3_RBRvvg?fileId=_n2-XCIq4Ee6eAd0POgdy0A$type=map?"/>
    <layoutConstraint xmi:type="notation:Bounds" xmi:id="_nKGywZXrEe6SOL3_RBRvvg" x="497" y="117"/>
  </children>
  <children xmi:type="notation:Node" xmi:id="_wrMHcJXrEe6SOL3_RBRvvg" type="2005">
    <styles xmi:type="notation:DescriptionStyle" xmi:id="_wrMHcZXrEe6SOL3_RBRvvg"/>
    <styles xmi:type="notation:FontStyle" xmi:id="_wrMHcpXrEe6SOL3_RBRvvg" fontName="Segoe UI"/>
    <styles xmi:type="notation:FillStyle" xmi:id="_wrMHc5XrEe6SOL3_RBRvvg"/>
    <element xmi:type="map:Join" href="resource.map#_wq-FAJXrEe6SOL3_RBRvvg?fileId=_n2-XCIq4Ee6eAd0POgdy0A$type=map?"/>
    <layoutConstraint xmi:type="notation:Bounds" xmi:id="_wrMHdJXrEe6SOL3_RBRvvg" x="422" y="203"/>
  </children>
  <children xmi:type="notation:Node" xmi:id="_G9AjsJXsEe6SOL3_RBRvvg" type="2005">
    <styles xmi:type="notation:DescriptionStyle" xmi:id="_G9AjsZXsEe6SOL3_RBRvvg"/>
    <styles xmi:type="notation:FontStyle" xmi:id="_G9AjspXsEe6SOL3_RBRvvg" fontName="Segoe UI"/>
    <styles xmi:type="notation:FillStyle" xmi:id="_G9Ajs5XsEe6SOL3_RBRvvg"/>
    <element xmi:type="map:Join" href="resource.map#_G8wFAJXsEe6SOL3_RBRvvg?fileId=_n2-XCIq4Ee6eAd0POgdy0A$type=map?"/>
    <layoutConstraint xmi:type="notation:Bounds" xmi:id="_G9AjtJXsEe6SOL3_RBRvvg" x="427" y="326"/>
  </children>
  <children xmi:type="notation:Shape" xmi:id="_EbRmwJXsEe6SOL3_RBRvvg" type="2004" fontName="Segoe UI">
    <children xmi:type="notation:DecorationNode" xmi:id="_EbRmwpXsEe6SOL3_RBRvvg" type="5005"/>
    <children xmi:type="notation:DecorationNode" xmi:id="_EbSN0JXsEe6SOL3_RBRvvg" type="5007"/>
    <children xmi:type="notation:DecorationNode" xmi:id="_EbSN0ZXsEe6SOL3_RBRvvg" type="7003"/>
    <children xmi:type="notation:DecorationNode" xmi:id="_EbSN0pXsEe6SOL3_RBRvvg" type="7009"/>
    <children xmi:type="notation:BasicCompartment" xmi:id="_EbSN05XsEe6SOL3_RBRvvg" type="7004">
      <styles xmi:type="notation:SortingStyle" xmi:id="_EbSN1JXsEe6SOL3_RBRvvg"/>
      <styles xmi:type="notation:FilteringStyle" xmi:id="_EbSN1ZXsEe6SOL3_RBRvvg"/>
    </children>
    <children xmi:type="notation:DecorationNode" xmi:id="_EbSN1pXsEe6SOL3_RBRvvg" type="5009">
      <styles xmi:type="notation:DrawerStyle" xmi:id="_EbSN15XsEe6SOL3_RBRvvg"/>
    </children>
    <children xmi:type="notation:DecorationNode" xmi:id="_EbSN2JXsEe6SOL3_RBRvvg" type="7005">
      <styles xmi:type="notation:SortingStyle" xmi:id="_EbSN2ZXsEe6SOL3_RBRvvg"/>
      <styles xmi:type="notation:FilteringStyle" xmi:id="_EbSN2pXsEe6SOL3_RBRvvg"/>
    </children>
    <children xmi:type="notation:BasicCompartment" xmi:id="_EbSN25XsEe6SOL3_RBRvvg" type="7007"/>
    <element xmi:type="map:Datastore" href="resource.map#_EbFZgJXsEe6SOL3_RBRvvg?fileId=_n2-XCIq4Ee6eAd0POgdy0A$type=map?"/>
    <layoutConstraint xmi:type="notation:Bounds" xmi:id="_EbRmwZXsEe6SOL3_RBRvvg" x="495" y="226"/>
  </children>
  <children xmi:type="notation:Shape" xmi:id="_ToEhEJXsEe6SOL3_RBRvvg" type="2004" fontName="Segoe UI">
    <children xmi:type="notation:DecorationNode" xmi:id="_ToEhEpXsEe6SOL3_RBRvvg" type="5005"/>
    <children xmi:type="notation:DecorationNode" xmi:id="_ToEhE5XsEe6SOL3_RBRvvg" type="5007"/>
    <children xmi:type="notation:DecorationNode" xmi:id="_ToEhFJXsEe6SOL3_RBRvvg" type="7003"/>
    <children xmi:type="notation:DecorationNode" xmi:id="_ToEhFZXsEe6SOL3_RBRvvg" type="7009"/>
    <children xmi:type="notation:BasicCompartment" xmi:id="_ToEhFpXsEe6SOL3_RBRvvg" type="7004">
      <styles xmi:type="notation:SortingStyle" xmi:id="_ToEhF5XsEe6SOL3_RBRvvg"/>
      <styles xmi:type="notation:FilteringStyle" xmi:id="_ToEhGJXsEe6SOL3_RBRvvg"/>
    </children>
    <children xmi:type="notation:DecorationNode" xmi:id="_ToEhGZXsEe6SOL3_RBRvvg" type="5009">
      <styles xmi:type="notation:DrawerStyle" xmi:id="_ToEhGpXsEe6SOL3_RBRvvg"/>
    </children>
    <children xmi:type="notation:DecorationNode" xmi:id="_ToEhG5XsEe6SOL3_RBRvvg" type="7005">
      <styles xmi:type="notation:SortingStyle" xmi:id="_ToEhHJXsEe6SOL3_RBRvvg"/>
      <styles xmi:type="notation:FilteringStyle" xmi:id="_ToEhHZXsEe6SOL3_RBRvvg"/>
    </children>
    <children xmi:type="notation:BasicCompartment" xmi:id="_ToEhHpXsEe6SOL3_RBRvvg" type="7007"/>
    <element xmi:type="map:Datastore" href="resource.map#_Tn1QgJXsEe6SOL3_RBRvvg?fileId=_n2-XCIq4Ee6eAd0POgdy0A$type=map?"/>
    <layoutConstraint xmi:type="notation:Bounds" xmi:id="_ToEhEZXsEe6SOL3_RBRvvg" x="525" y="344"/>
  </children>
  <children xmi:type="notation:Node" xmi:id="_VRCqAJXsEe6SOL3_RBRvvg" type="2005">
    <styles xmi:type="notation:DescriptionStyle" xmi:id="_VRCqAZXsEe6SOL3_RBRvvg"/>
    <styles xmi:type="notation:FontStyle" xmi:id="_VRCqApXsEe6SOL3_RBRvvg" fontName="Segoe UI"/>
    <styles xmi:type="notation:FillStyle" xmi:id="_VRCqA5XsEe6SOL3_RBRvvg"/>
    <element xmi:type="map:Join" href="resource.map#_VQvIAJXsEe6SOL3_RBRvvg?fileId=_n2-XCIq4Ee6eAd0POgdy0A$type=map?"/>
    <layoutConstraint xmi:type="notation:Bounds" xmi:id="_VRCqBJXsEe6SOL3_RBRvvg" x="422" y="374"/>
  </children>
  <children xmi:type="notation:Shape" xmi:id="_dDlZQJXsEe6SOL3_RBRvvg" type="2004" fontName="Segoe UI">
    <children xmi:type="notation:DecorationNode" xmi:id="_dDlZQpXsEe6SOL3_RBRvvg" type="5005"/>
    <children xmi:type="notation:DecorationNode" xmi:id="_dDlZQ5XsEe6SOL3_RBRvvg" type="5007"/>
    <children xmi:type="notation:DecorationNode" xmi:id="_dDlZRJXsEe6SOL3_RBRvvg" type="7003"/>
    <children xmi:type="notation:DecorationNode" xmi:id="_dDlZRZXsEe6SOL3_RBRvvg" type="7009"/>
    <children xmi:type="notation:BasicCompartment" xmi:id="_dDlZRpXsEe6SOL3_RBRvvg" type="7004">
      <styles xmi:type="notation:SortingStyle" xmi:id="_dDlZR5XsEe6SOL3_RBRvvg"/>
      <styles xmi:type="notation:FilteringStyle" xmi:id="_dDlZSJXsEe6SOL3_RBRvvg"/>
    </children>
    <children xmi:type="notation:DecorationNode" xmi:id="_dDlZSZXsEe6SOL3_RBRvvg" type="5009">
      <styles xmi:type="notation:DrawerStyle" xmi:id="_dDlZSpXsEe6SOL3_RBRvvg"/>
    </children>
    <children xmi:type="notation:DecorationNode" xmi:id="_dDlZS5XsEe6SOL3_RBRvvg" type="7005">
      <styles xmi:type="notation:SortingStyle" xmi:id="_dDlZTJXsEe6SOL3_RBRvvg"/>
      <styles xmi:type="notation:FilteringStyle" xmi:id="_dDlZTZXsEe6SOL3_RBRvvg"/>
    </children>
    <children xmi:type="notation:BasicCompartment" xmi:id="_dDlZTpXsEe6SOL3_RBRvvg" type="7007"/>
    <element xmi:type="map:Datastore" href="resource.map#_dDTscJXsEe6SOL3_RBRvvg?fileId=_n2-XCIq4Ee6eAd0POgdy0A$type=map?"/>
    <layoutConstraint xmi:type="notation:Bounds" xmi:id="_dDlZQZXsEe6SOL3_RBRvvg" x="478" y="468"/>
  </children>
  <children xmi:type="notation:Node" xmi:id="_BKG7gJXtEe6SOL3_RBRvvg" type="2005">
    <styles xmi:type="notation:DescriptionStyle" xmi:id="_BKG7gZXtEe6SOL3_RBRvvg"/>
    <styles xmi:type="notation:FontStyle" xmi:id="_BKG7gpXtEe6SOL3_RBRvvg" fontName="Segoe UI"/>
    <styles xmi:type="notation:FillStyle" xmi:id="_BKG7g5XtEe6SOL3_RBRvvg"/>
    <element xmi:type="map:Join" href="resource.map#_BJvvIJXtEe6SOL3_RBRvvg?fileId=_n2-XCIq4Ee6eAd0POgdy0A$type=map?"/>
    <layoutConstraint xmi:type="notation:Bounds" xmi:id="_BKG7hJXtEe6SOL3_RBRvvg" x="409" y="450"/>
  </children>
  <styles xmi:type="notation:DiagramStyle" xmi:id="c76c9107-42b8-4d16-9afd-df1e461a2a15"/>
  <element xmi:type="map:Map" href="resource.map#_n2-XCIq4Ee6eAd0POgdy0A?fileId=_n2-XCIq4Ee6eAd0POgdy0A$type=map$name=SAS%20client_ndt?"/>
  <edges xmi:type="notation:Edge" xmi:id="3597c506-80da-4f95-a8c2-860aa06e9d53" type="targetSetLink" source="849f9b24-f5dd-45a4-a0dd-d23e86b282cd" target="849f9b24-f5dd-45a4-a0dd-d23e86b282cd">
    <element xmi:type="map:SetDescriptor" href="resource.map#_n2-XOIq4Ee6eAd0POgdy0A?fileId=_n2-XCIq4Ee6eAd0POgdy0A$type=map?"/>
    <bendpoints xmi:type="notation:RelativeBendpoints" xmi:id="f24d5576-6c8e-4e9b-8c6d-fd512db35ffb" points="[0, 0, 0, 0]$[0, 0, 0, 0]"/>
  </edges>
  <edges xmi:type="notation:Edge" xmi:id="536746ba-3297-4813-91e7-7c22fed26a78" type="joinLink" source="0c5bdf97-f26b-43e0-8c35-d801af0a9be9" target="e6cfcd65-983a-486f-9d3a-ddefc586a0a1">
    <element xsi:nil="true"/>
    <bendpoints xmi:type="notation:RelativeBendpoints" xmi:id="ce426980-c093-40be-b35e-414017294fc8" points="[-15, -5, 490, 146]$[-505, -151, 0, 0]"/>
  </edges>
  <edges xmi:type="notation:Edge" xmi:id="_9SwhRZAfEe69cu6-bNESsg" type="joinLink" source="_9SwhQJAfEe69cu6-bNESsg" target="_6JgRUJAfEe69cu6-bNESsg">
    <element xsi:nil="true"/>
    <bendpoints xmi:type="notation:RelativeBendpoints" xmi:id="_9SwhRpAfEe69cu6-bNESsg" points="[-8, 11, 137, -233]$[-120, 201, 25, -43]"/>
  </edges>
  <edges xmi:type="notation:Edge" xmi:id="_9SwhR5AfEe69cu6-bNESsg" type="joinLink" source="_9SwhQJAfEe69cu6-bNESsg" target="e6cfcd65-983a-486f-9d3a-ddefc586a0a1">
    <element xsi:nil="true"/>
    <bendpoints xmi:type="notation:RelativeBendpoints" xmi:id="_9SwhSJAfEe69cu6-bNESsg" points="[-1, -1, -315, -263]$[232, 193, -82, -69]"/>
  </edges>
  <edges xmi:type="notation:Edge" xmi:id="_AqpqQpXrEe6SOL3_RBRvvg" type="targetLink" source="849f9b24-f5dd-45a4-a0dd-d23e86b282cd" target="_6JgRUJAfEe69cu6-bNESsg">
    <element xsi:nil="true"/>
    <bendpoints xmi:type="notation:RelativeBendpoints" xmi:id="_AqpqQ5XrEe6SOL3_RBRvvg" points="[-185, 124, 619, -414]$[-739, 495, 65, -43]"/>
  </edges>
  <edges xmi:type="notation:Edge" xmi:id="_AqqRVJXrEe6SOL3_RBRvvg" type="targetLink" source="849f9b24-f5dd-45a4-a0dd-d23e86b282cd" target="e6cfcd65-983a-486f-9d3a-ddefc586a0a1">
    <element xsi:nil="true"/>
    <bendpoints xmi:type="notation:RelativeBendpoints" xmi:id="_AqqRVZXrEe6SOL3_RBRvvg" points="[-246, 46, 902, -168]$[-1066, 199, 82, -15]"/>
  </edges>
  <edges xmi:type="notation:Edge" xmi:id="_PSQz4JXrEe6SOL3_RBRvvg" type="targetDataSetLink" source="849f9b24-f5dd-45a4-a0dd-d23e86b282cd" target="849f9b24-f5dd-45a4-a0dd-d23e86b282cd">
    <element xmi:type="map:DataSet" href="resource.map#_PSNwkJXrEe6SOL3_RBRvvg?fileId=_n2-XCIq4Ee6eAd0POgdy0A$type=map?"/>
    <bendpoints xmi:type="notation:RelativeBendpoints" xmi:id="_PSQz4ZXrEe6SOL3_RBRvvg" points="[0, 0, 0, 0]$[0, 0, 0, 0]"/>
  </edges>
  <edges xmi:type="notation:Edge" xmi:id="_wrMugJXrEe6SOL3_RBRvvg" type="joinLink" source="_wrMHcJXrEe6SOL3_RBRvvg" target="_nKGywJXrEe6SOL3_RBRvvg">
    <element xsi:nil="true"/>
    <bendpoints xmi:type="notation:RelativeBendpoints" xmi:id="_wrMugZXrEe6SOL3_RBRvvg" points="[-1, -1, -579, -175]$[513, 154, -65, -20]"/>
  </edges>
  <edges xmi:type="notation:Edge" xmi:id="_wrNVkJXrEe6SOL3_RBRvvg" type="joinLink" source="_wrMHcJXrEe6SOL3_RBRvvg" target="e6cfcd65-983a-486f-9d3a-ddefc586a0a1">
    <element xsi:nil="true"/>
    <bendpoints xmi:type="notation:RelativeBendpoints" xmi:id="_wrNVkZXrEe6SOL3_RBRvvg" points="[-1, -1, -259, -337]$[176, 229, -82, -107]"/>
  </edges>
  <edges xmi:type="notation:Edge" xmi:id="_7GQYIJXrEe6SOL3_RBRvvg" type="targetLink" source="849f9b24-f5dd-45a4-a0dd-d23e86b282cd" target="_nKGywJXrEe6SOL3_RBRvvg">
    <element xsi:nil="true"/>
    <bendpoints xmi:type="notation:RelativeBendpoints" xmi:id="_7GQYIZXrEe6SOL3_RBRvvg" points="[-266, -23, 238, 21]$[-434, -38, 70, 6]"/>
  </edges>
  <edges xmi:type="notation:Edge" xmi:id="_G9Bx0JXsEe6SOL3_RBRvvg" type="joinLink" source="_G9AjsJXsEe6SOL3_RBRvvg" target="_EbRmwJXsEe6SOL3_RBRvvg">
    <element xsi:nil="true"/>
    <bendpoints xmi:type="notation:RelativeBendpoints" xmi:id="_G9Bx0ZXsEe6SOL3_RBRvvg" points="[-1, -1, -581, -359]$[515, 318, -65, -40]"/>
  </edges>
  <edges xmi:type="notation:Edge" xmi:id="_G9Bx0pXsEe6SOL3_RBRvvg" type="joinLink" source="_G9AjsJXsEe6SOL3_RBRvvg" target="e6cfcd65-983a-486f-9d3a-ddefc586a0a1">
    <element xsi:nil="true"/>
    <bendpoints xmi:type="notation:RelativeBendpoints" xmi:id="_G9Bx05XsEe6SOL3_RBRvvg" points="[-1, -1, -259, -337]$[176, 229, -82, -107]"/>
  </edges>
  <edges xmi:type="notation:Edge" xmi:id="_LSnSAJXsEe6SOL3_RBRvvg" type="targetLink" source="849f9b24-f5dd-45a4-a0dd-d23e86b282cd" target="_EbRmwJXsEe6SOL3_RBRvvg">
    <element xsi:nil="true"/>
    <bendpoints xmi:type="notation:RelativeBendpoints" xmi:id="_LSnSAZXsEe6SOL3_RBRvvg" points="[-266, 58, 240, -52]$[-441, 96, 65, -14]"/>
  </edges>
  <edges xmi:type="notation:Edge" xmi:id="_VRDREJXsEe6SOL3_RBRvvg" type="joinLink" source="_VRCqAJXsEe6SOL3_RBRvvg" target="e6cfcd65-983a-486f-9d3a-ddefc586a0a1">
    <element xsi:nil="true"/>
    <bendpoints xmi:type="notation:RelativeBendpoints" xmi:id="_VRDREZXsEe6SOL3_RBRvvg" points="[-14, -8, 160, 93]$[-92, -54, 82, 47]"/>
  </edges>
  <edges xmi:type="notation:Edge" xmi:id="_VRD4IJXsEe6SOL3_RBRvvg" type="joinLink" source="_VRCqAJXsEe6SOL3_RBRvvg" target="_ToEhEJXsEe6SOL3_RBRvvg">
    <element xsi:nil="true"/>
    <bendpoints xmi:type="notation:RelativeBendpoints" xmi:id="_VRD4IZXsEe6SOL3_RBRvvg" points="[-1, -1, -557, -478]$[505, 434, -51, -43]"/>
  </edges>
  <edges xmi:type="notation:Edge" xmi:id="_8yy9AJXsEe6SOL3_RBRvvg" type="targetLink" source="849f9b24-f5dd-45a4-a0dd-d23e86b282cd" target="_ToEhEJXsEe6SOL3_RBRvvg">
    <element xsi:nil="true"/>
    <bendpoints xmi:type="notation:RelativeBendpoints" xmi:id="_8yy9AZXsEe6SOL3_RBRvvg" points="[-266, 77, 215, -62]$[-401, 116, 80, -23]"/>
  </edges>
  <edges xmi:type="notation:Edge" xmi:id="_BKIJoJXtEe6SOL3_RBRvvg" type="joinLink" source="_BKG7gJXtEe6SOL3_RBRvvg" target="e6cfcd65-983a-486f-9d3a-ddefc586a0a1">
    <element xsi:nil="true"/>
    <bendpoints xmi:type="notation:RelativeBendpoints" xmi:id="_BKIJoZXtEe6SOL3_RBRvvg" points="[-1, -1, -259, -337]$[176, 229, -82, -107]"/>
  </edges>
  <edges xmi:type="notation:Edge" xmi:id="_BKIJopXtEe6SOL3_RBRvvg" type="joinLink" source="_BKG7gJXtEe6SOL3_RBRvvg" target="_dDlZQJXsEe6SOL3_RBRvvg">
    <element xsi:nil="true"/>
    <bendpoints xmi:type="notation:RelativeBendpoints" xmi:id="_BKIJo5XtEe6SOL3_RBRvvg" points="[-1, -1, -544, -512]$[496, 468, -47, -43]"/>
  </edges>
  <edges xmi:type="notation:Edge" xmi:id="_Ft4osJXtEe6SOL3_RBRvvg" type="targetLink" source="849f9b24-f5dd-45a4-a0dd-d23e86b282cd" target="_dDlZQJXsEe6SOL3_RBRvvg">
    <element xsi:nil="true"/>
    <bendpoints xmi:type="notation:RelativeBendpoints" xmi:id="_Ft4osZXtEe6SOL3_RBRvvg" points="[-255, 124, 288, -139]$[-478, 232, 65, -31]"/>
  </edges>
</notation:Diagram>
]]></diagram>
</map:map>