<?xml version="1.0" encoding="UTF-8"?>
<map:map xmlns:map="http://www.indy.com/v2/map" id="_TYojwIqwEe6eAd0POgdy0A" internalVersion="8" tech="resource.tech#_waYSMH8VEd2__Mzb_dB76A?fileId=_waYSMH8VEd2__Mzb_dB76A$type=tech$name=flow?">
  <datastore id="_ZdXGUIqwEe6eAd0POgdy0A" alias="SAS_FILESRC" dataset="_fmCfUIqxEe6eAd0POgdy0A" ref="resource.md#_RJWsNIUzEe6BKsDnQj9IRA?fileId=_CHAaQIUmEe6BKsDnQj9IRA$type=md$name=SAS_FILESRC?">
    <field id="_ZdYUeIqwEe6eAd0POgdy0A" name="F8" ref="resource.md#_RNFVqoUzEe6BKsDnQj9IRA?fileId=_CHAaQIUmEe6BKsDnQj9IRA$type=md$name=F8?"/>
    <field id="_ZdYUeYqwEe6eAd0POgdy0A" name="F9" ref="resource.md#_RNFVsIUzEe6BKsDnQj9IRA?fileId=_CHAaQIUmEe6BKsDnQj9IRA$type=md$name=F9?"/>
    <field id="_ZdYUe4qwEe6eAd0POgdy0A" name="F11" ref="resource.md#_RNFVvIUzEe6BKsDnQj9IRA?fileId=_CHAaQIUmEe6BKsDnQj9IRA$type=md$name=F11?"/>
    <field id="_ZdYUfIqwEe6eAd0POgdy0A" name="F12" ref="resource.md#_RNFVwoUzEe6BKsDnQj9IRA?fileId=_CHAaQIUmEe6BKsDnQj9IRA$type=md$name=F12?"/>
    <field id="_ZdYUcoqwEe6eAd0POgdy0A" name="F2" ref="resource.md#_RM_PDIUzEe6BKsDnQj9IRA?fileId=_CHAaQIUmEe6BKsDnQj9IRA$type=md$name=F2?"/>
    <field id="_ZdYUd4qwEe6eAd0POgdy0A" name="F7" ref="resource.md#_RNFVpIUzEe6BKsDnQj9IRA?fileId=_CHAaQIUmEe6BKsDnQj9IRA$type=md$name=F7?"/>
    <field id="_ZdYUdoqwEe6eAd0POgdy0A" name="F6" ref="resource.md#_RM_PJIUzEe6BKsDnQj9IRA?fileId=_CHAaQIUmEe6BKsDnQj9IRA$type=md$name=F6?"/>
    <field id="_ZdYUcYqwEe6eAd0POgdy0A" fullAlias="F1" name="F1" ref="resource.md#_RM_PBoUzEe6BKsDnQj9IRA?fileId=_CHAaQIUmEe6BKsDnQj9IRA$type=md$name=F1?"/>
    <field id="_ZdYUcIqwEe6eAd0POgdy0A" name="FILE_NOM" ref="resource.md#_RM_PAIUzEe6BKsDnQj9IRA?fileId=_CHAaQIUmEe6BKsDnQj9IRA$type=md$name=FILE_NOM?"/>
    <field id="_ZdYUdYqwEe6eAd0POgdy0A" name="F5" ref="resource.md#_RM_PHoUzEe6BKsDnQj9IRA?fileId=_CHAaQIUmEe6BKsDnQj9IRA$type=md$name=F5?"/>
    <field id="_ZdYUdIqwEe6eAd0POgdy0A" name="F4" ref="resource.md#_RM_PGIUzEe6BKsDnQj9IRA?fileId=_CHAaQIUmEe6BKsDnQj9IRA$type=md$name=F4?"/>
    <field id="_ZdYUeoqwEe6eAd0POgdy0A" name="F10" ref="resource.md#_RNFVtoUzEe6BKsDnQj9IRA?fileId=_CHAaQIUmEe6BKsDnQj9IRA$type=md$name=F10?"/>
    <field id="_ZdYUfYqwEe6eAd0POgdy0A" name="F13" ref="resource.md#_RNFVyIUzEe6BKsDnQj9IRA?fileId=_CHAaQIUmEe6BKsDnQj9IRA$type=md$name=F13?"/>
    <field id="_ZdYUc4qwEe6eAd0POgdy0A" fullAlias="F3" name="F3" ref="resource.md#_RM_PEoUzEe6BKsDnQj9IRA?fileId=_CHAaQIUmEe6BKsDnQj9IRA$type=md$name=F3?"/>
  </datastore>
  <datastore id="_ZzRr8IqwEe6eAd0POgdy0A" alias="SAS_CLIENT" dataset="_fmCfUYqxEe6eAd0POgdy0A" ref="resource.md#_QjvwoYUmEe6BKsDnQj9IRA?fileId=_CHAaQIUmEe6BKsDnQj9IRA$type=md$name=SAS_CLIENT?" subExpression="[A]">
    <field id="_ZzS6EIqwEe6eAd0POgdy0A" name="STATUS" ref="resource.md#_Qp9GXIUmEe6BKsDnQj9IRA?fileId=_CHAaQIUmEe6BKsDnQj9IRA$type=md$name=STATUS?">
      <expression id="_fiZx8IqwEe6eAd0POgdy0A" setDescriptorRef="_fiZK4IqwEe6eAd0POgdy0A">
        <expression></expression>
      </expression>
    </field>
    <field id="_ZzS6E4qwEe6eAd0POgdy0A" name="PRENOM" ref="resource.md#_Qp9GboUmEe6BKsDnQj9IRA?fileId=_CHAaQIUmEe6BKsDnQj9IRA$type=md$name=PRENOM?">
      <expression id="_fiZx8YqwEe6eAd0POgdy0A" setDescriptorRef="_fiZK4IqwEe6eAd0POgdy0A">
        <expression></expression>
      </expression>
    </field>
    <field id="_ZzThIYqwEe6eAd0POgdy0A" name="DATE_ANNIVERSAIRE" ref="resource.md#_Qp9GeoUmEe6BKsDnQj9IRA?fileId=_CHAaQIUmEe6BKsDnQj9IRA$type=md$name=DATE_ANNIVERSAIRE?">
      <expression id="_fiZx8oqwEe6eAd0POgdy0A" setDescriptorRef="_fiZK4IqwEe6eAd0POgdy0A">
        <expression></expression>
      </expression>
    </field>
    <field id="_ZzSTAYqwEe6eAd0POgdy0A" enable="true" insert="true" name="CLE_CLIENT" ref="resource.md#_Qp9GUIUmEe6BKsDnQj9IRA?fileId=_CHAaQIUmEe6BKsDnQj9IRA$type=md$name=CLE_CLIENT?" update="true" updateKey="true">
      <expression id="_fiaZAIqwEe6eAd0POgdy0A" setDescriptorRef="_fiZK4IqwEe6eAd0POgdy0A">
        <expression>SAS_FILESRC.F3</expression>
      </expression>
    </field>
    <field id="_ZzThIIqwEe6eAd0POgdy0A" name="NOM" ref="resource.md#_Qp9GdIUmEe6BKsDnQj9IRA?fileId=_CHAaQIUmEe6BKsDnQj9IRA$type=md$name=NOM?">
      <expression id="_fiaZAYqwEe6eAd0POgdy0A" setDescriptorRef="_fiZK4IqwEe6eAd0POgdy0A">
        <expression></expression>
      </expression>
    </field>
    <field id="_ZzThJIqwEe6eAd0POgdy0A" name="ID_FICHIER" ref="resource.md#_Qp9GjIUmEe6BKsDnQj9IRA?fileId=_CHAaQIUmEe6BKsDnQj9IRA$type=md$name=ID_FICHIER?">
      <expression id="_fiaZAoqwEe6eAd0POgdy0A" setDescriptorRef="_fiZK4IqwEe6eAd0POgdy0A">
        <expression></expression>
      </expression>
    </field>
    <field id="_ZzSTAoqwEe6eAd0POgdy0A" name="CLE_COMPTE" ref="resource.md#_Qp9GVoUmEe6BKsDnQj9IRA?fileId=_CHAaQIUmEe6BKsDnQj9IRA$type=md$name=CLE_COMPTE?">
      <expression id="_fiaZA4qwEe6eAd0POgdy0A" setDescriptorRef="_fiZK4IqwEe6eAd0POgdy0A">
        <expression></expression>
      </expression>
    </field>
    <field id="_ZzThIoqwEe6eAd0POgdy0A" name="SEXE" ref="resource.md#_Qp9GgIUmEe6BKsDnQj9IRA?fileId=_CHAaQIUmEe6BKsDnQj9IRA$type=md$name=SEXE?">
      <expression id="_fibAEIqwEe6eAd0POgdy0A" setDescriptorRef="_fiZK4IqwEe6eAd0POgdy0A">
        <expression></expression>
      </expression>
    </field>
    <field id="_ZzS6EoqwEe6eAd0POgdy0A" name="CIVILITE" ref="resource.md#_Qp9GaIUmEe6BKsDnQj9IRA?fileId=_CHAaQIUmEe6BKsDnQj9IRA$type=md$name=CIVILITE?">
      <expression id="_fibAEYqwEe6eAd0POgdy0A" setDescriptorRef="_fiZK4IqwEe6eAd0POgdy0A">
        <expression></expression>
      </expression>
    </field>
    <field id="_ZzUIMIqwEe6eAd0POgdy0A" name="DATE_IMPORT" ref="resource.md#_Qp9GkYUmEe6BKsDnQj9IRA?fileId=_CHAaQIUmEe6BKsDnQj9IRA$type=md$name=DATE_IMPORT?">
      <expression id="_fibAEoqwEe6eAd0POgdy0A" setDescriptorRef="_fiZK4IqwEe6eAd0POgdy0A">
        <expression></expression>
      </expression>
    </field>
    <field id="_ZzS6EYqwEe6eAd0POgdy0A" enable="true" name="TYPE" ref="resource.md#_Qp9GYoUmEe6BKsDnQj9IRA?fileId=_CHAaQIUmEe6BKsDnQj9IRA$type=md$name=TYPE?">
      <expression id="_fibAE4qwEe6eAd0POgdy0A" setDescriptorRef="_fiZK4IqwEe6eAd0POgdy0A"/>
    </field>
    <field id="_ZzThI4qwEe6eAd0POgdy0A" name="MUTUELLE" ref="resource.md#_Qp9GhoUmEe6BKsDnQj9IRA?fileId=_CHAaQIUmEe6BKsDnQj9IRA$type=md$name=MUTUELLE?">
      <expression id="_fibnIIqwEe6eAd0POgdy0A" setDescriptorRef="_fiZK4IqwEe6eAd0POgdy0A">
        <expression></expression>
      </expression>
    </field>
    <constraint id="_ZzUIMYqwEe6eAd0POgdy0A" name="SYS_C0016794" ref="resource.md#_5AfZUIUzEe6BKsDnQj9IRA?fileId=_CHAaQIUmEe6BKsDnQj9IRA$type=md$name=SYS_C0016794?" reject="true"/>
    <constraint id="_ZzUIMoqwEe6eAd0POgdy0A" name="SYS_C0016792" ref="resource.md#_QqG3UIUmEe6BKsDnQj9IRA?fileId=_CHAaQIUmEe6BKsDnQj9IRA$type=md$name=SYS_C0016792?" reject="true"/>
    <constraint id="_ZzUIM4qwEe6eAd0POgdy0A" name="SYS_C0016793" ref="resource.md#_5AfZVIUzEe6BKsDnQj9IRA?fileId=_CHAaQIUmEe6BKsDnQj9IRA$type=md$name=SYS_C0016793?" reject="true"/>
    <constraint id="_ZzUINIqwEe6eAd0POgdy0A" name="SYS_C0016737" ref="resource.md#_zHLZZIUvEe6BKsDnQj9IRA?fileId=_CHAaQIUmEe6BKsDnQj9IRA$type=md$name=SYS_C0016737?" reject="true"/>
    <constraint id="_ZzUINYqwEe6eAd0POgdy0A" name="SYS_C0015467" ref="resource.md#_RNXVZIUmEe6BKsDnQj9IRA?fileId=_CHAaQIUmEe6BKsDnQj9IRA$type=md$name=SYS_C0015467?" reject="true"/>
    <constraint id="_ZzUINoqwEe6eAd0POgdy0A" name="SYS_C0016738" ref="resource.md#_zHLZYIUvEe6BKsDnQj9IRA?fileId=_CHAaQIUmEe6BKsDnQj9IRA$type=md$name=SYS_C0016738?" reject="true"/>
    <constraint id="_ZzUIN4qwEe6eAd0POgdy0A" name="SYS_C0015466" ref="resource.md#_RNXVYIUmEe6BKsDnQj9IRA?fileId=_CHAaQIUmEe6BKsDnQj9IRA$type=md$name=SYS_C0015466?" reject="true"/>
    <setDescriptor id="_fiZK4IqwEe6eAd0POgdy0A" label="A"/>
  </datastore>
  <filter id="_2IiRUIqwEe6eAd0POgdy0A" location="SRC">
    <expression>SAS_FILESRC.F1 = '200'</expression>
  </filter>
  <template id="_ficONoqwEe6eAd0POgdy0A" name="I_SAS_CLIENT" process="resource.proc#_jkWgEFEJEeO7Vo9WeM2sCg?fileId=_jkWgEFEJEeO7Vo9WeM2sCg$type=proc$name=INTEGRATION%20Oracle?" targetId="_ZzRr8IqwEe6eAd0POgdy0A"/>
  <dataSet id="_fmCfUIqxEe6eAd0POgdy0A">
    <container>_ZdXGUIqwEe6eAd0POgdy0A</container>
  </dataSet>
  <dataSet id="_fmCfUYqxEe6eAd0POgdy0A">
    <container>_ZzRr8IqwEe6eAd0POgdy0A</container>
  </dataSet>
  <hint>
    <usedField>#_ZdYUcYqwEe6eAd0POgdy0A</usedField>
    <usedField>#_ZdYUc4qwEe6eAd0POgdy0A</usedField>
  </hint>
  <diagram><![CDATA[<?xml version="1.0" encoding="UTF-8"?>
<notation:Diagram xmi:version="2.0" xmlns:xmi="http://www.omg.org/XMI" xmlns:xsi="http://www.w3.org/2001/XMLSchema-instance" xmlns:map="http://www.indy.com/v2/map" xmlns:notation="http://www.eclipse.org/gmf/runtime/1.0.1/notation" xsi:schemaLocation="http://www.eclipse.org/gmf/runtime/1.0.1/notation " xmi:id="_TY968IqwEe6eAd0POgdy0A" type="Map" measurementUnit="Pixel">
  <children xmi:type="notation:Shape" xmi:id="_ZdbXwIqwEe6eAd0POgdy0A" type="2004" fontName="Segoe UI">
    <children xmi:type="notation:DecorationNode" xmi:id="_ZdbXwoqwEe6eAd0POgdy0A" type="5005"/>
    <children xmi:type="notation:DecorationNode" xmi:id="_ZdbXw4qwEe6eAd0POgdy0A" type="5007"/>
    <children xmi:type="notation:DecorationNode" xmi:id="_ZdbXxIqwEe6eAd0POgdy0A" type="7003"/>
    <children xmi:type="notation:DecorationNode" xmi:id="_ZdbXxYqwEe6eAd0POgdy0A" type="7009"/>
    <children xmi:type="notation:BasicCompartment" xmi:id="_ZdbXxoqwEe6eAd0POgdy0A" type="7004">
      <styles xmi:type="notation:SortingStyle" xmi:id="_ZdbXx4qwEe6eAd0POgdy0A"/>
      <styles xmi:type="notation:FilteringStyle" xmi:id="_ZdbXyIqwEe6eAd0POgdy0A"/>
    </children>
    <children xmi:type="notation:DecorationNode" xmi:id="_ZdbXyYqwEe6eAd0POgdy0A" type="5009">
      <styles xmi:type="notation:DrawerStyle" xmi:id="_ZdbXyoqwEe6eAd0POgdy0A"/>
    </children>
    <children xmi:type="notation:DecorationNode" xmi:id="_ZdbXy4qwEe6eAd0POgdy0A" type="7005">
      <styles xmi:type="notation:SortingStyle" xmi:id="_ZdbXzIqwEe6eAd0POgdy0A"/>
      <styles xmi:type="notation:FilteringStyle" xmi:id="_ZdbXzYqwEe6eAd0POgdy0A"/>
    </children>
    <children xmi:type="notation:BasicCompartment" xmi:id="_ZdbXzoqwEe6eAd0POgdy0A" type="7007"/>
    <element xmi:type="map:Datastore" href="resource.map#_ZdXGUIqwEe6eAd0POgdy0A?fileId=_TYojwIqwEe6eAd0POgdy0A$type=map?"/>
    <layoutConstraint xmi:type="notation:Bounds" xmi:id="_ZdbXwYqwEe6eAd0POgdy0A" x="203" y="120"/>
  </children>
  <children xmi:type="notation:Node" xmi:id="_2IiRXoqwEe6eAd0POgdy0A" type="2002">
    <styles xmi:type="notation:DescriptionStyle" xmi:id="_2IiRX4qwEe6eAd0POgdy0A"/>
    <styles xmi:type="notation:FontStyle" xmi:id="_2IiRYIqwEe6eAd0POgdy0A" fontName="Segoe UI"/>
    <styles xmi:type="notation:FillStyle" xmi:id="_2IiRYYqwEe6eAd0POgdy0A"/>
    <element xmi:type="map:Filter" href="resource.map#_2IiRUIqwEe6eAd0POgdy0A?fileId=_TYojwIqwEe6eAd0POgdy0A$type=map?"/>
    <layoutConstraint xmi:type="notation:Bounds" xmi:id="_2IiRYoqwEe6eAd0POgdy0A" x="492" y="192"/>
  </children>
  <children xmi:type="notation:Shape" xmi:id="_ZzXykIqwEe6eAd0POgdy0A" type="2004" fontName="Segoe UI">
    <children xmi:type="notation:DecorationNode" xmi:id="_ZzXykoqwEe6eAd0POgdy0A" type="5005"/>
    <children xmi:type="notation:DecorationNode" xmi:id="_ZzXyk4qwEe6eAd0POgdy0A" type="5007"/>
    <children xmi:type="notation:DecorationNode" xmi:id="_ZzXylIqwEe6eAd0POgdy0A" type="7003"/>
    <children xmi:type="notation:DecorationNode" xmi:id="_ZzXylYqwEe6eAd0POgdy0A" type="7009"/>
    <children xmi:type="notation:BasicCompartment" xmi:id="_ZzXyloqwEe6eAd0POgdy0A" type="7004">
      <styles xmi:type="notation:SortingStyle" xmi:id="_ZzXyl4qwEe6eAd0POgdy0A"/>
      <styles xmi:type="notation:FilteringStyle" xmi:id="_ZzXymIqwEe6eAd0POgdy0A"/>
    </children>
    <children xmi:type="notation:DecorationNode" xmi:id="_ZzXymYqwEe6eAd0POgdy0A" type="5009">
      <styles xmi:type="notation:DrawerStyle" xmi:id="_ZzXymoqwEe6eAd0POgdy0A"/>
    </children>
    <children xmi:type="notation:DecorationNode" xmi:id="_ZzXym4qwEe6eAd0POgdy0A" type="7005">
      <styles xmi:type="notation:SortingStyle" xmi:id="_ZzXynIqwEe6eAd0POgdy0A"/>
      <styles xmi:type="notation:FilteringStyle" xmi:id="_ZzXynYqwEe6eAd0POgdy0A"/>
    </children>
    <children xmi:type="notation:BasicCompartment" xmi:id="_ZzXynoqwEe6eAd0POgdy0A" type="7007"/>
    <element xmi:type="map:Datastore" href="resource.map#_ZzRr8IqwEe6eAd0POgdy0A?fileId=_TYojwIqwEe6eAd0POgdy0A$type=map?"/>
    <layoutConstraint xmi:type="notation:Bounds" xmi:id="_ZzXykYqwEe6eAd0POgdy0A" x="1114" y="89" height="301"/>
  </children>
  <styles xmi:type="notation:DiagramStyle" xmi:id="_TY968YqwEe6eAd0POgdy0A"/>
  <element xmi:type="map:Map" href="resource.map#_TYojwIqwEe6eAd0POgdy0A?fileId=_TYojwIqwEe6eAd0POgdy0A$type=map$name=test?"/>
  <edges xmi:type="notation:Edge" xmi:id="_figfoIqwEe6eAd0POgdy0A" type="targetLink" source="_ZzXykIqwEe6eAd0POgdy0A" target="_ZdbXwIqwEe6eAd0POgdy0A">
    <element xsi:nil="true"/>
    <bendpoints xmi:type="notation:RelativeBendpoints" xmi:id="_figfoYqwEe6eAd0POgdy0A" points="[-100, -4, 447, 18]$[-475, -19, 72, 3]"/>
  </edges>
  <edges xmi:type="notation:Edge" xmi:id="_fihtwIqwEe6eAd0POgdy0A" type="targetSetLink" source="_ZzXykIqwEe6eAd0POgdy0A" target="_ZzXykIqwEe6eAd0POgdy0A">
    <element xmi:type="map:SetDescriptor" href="resource.map#_fiZK4IqwEe6eAd0POgdy0A?fileId=_TYojwIqwEe6eAd0POgdy0A$type=map?"/>
    <bendpoints xmi:type="notation:RelativeBendpoints" xmi:id="_fihtwYqwEe6eAd0POgdy0A" points="[0, 0, 0, 0]$[0, 0, 0, 0]"/>
  </edges>
  <edges xmi:type="notation:Edge" xmi:id="_2IsCUIqwEe6eAd0POgdy0A" type="joinLink" source="_2IiRXoqwEe6eAd0POgdy0A" target="_ZdbXwIqwEe6eAd0POgdy0A">
    <element xsi:nil="true"/>
    <bendpoints xmi:type="notation:RelativeBendpoints" xmi:id="_2IsCUYqwEe6eAd0POgdy0A" points="[0, 0, -275, -251]$[203, 185, -72, -66]"/>
  </edges>
  <edges xmi:type="notation:Edge" xmi:id="_fmIl8IqxEe6eAd0POgdy0A" type="targetDataSetLink" source="_ZzXykIqwEe6eAd0POgdy0A" target="_ZzXykIqwEe6eAd0POgdy0A">
    <element xmi:type="map:DataSet" href="resource.map#_fmCfUIqxEe6eAd0POgdy0A?fileId=_TYojwIqwEe6eAd0POgdy0A$type=map?"/>
    <bendpoints xmi:type="notation:RelativeBendpoints" xmi:id="_fmIl8YqxEe6eAd0POgdy0A" points="[0, 0, 0, 0]$[0, 0, 0, 0]"/>
  </edges>
</notation:Diagram>
]]></diagram>
</map:map>